C51 COMPILER V9.60.0.0   MAIN                                                              03/12/2022 00:40:21 PAGE 1   


C51 COMPILER V9.60.0.0, COMPILATION OF MODULE MAIN
OBJECT MODULE PLACED IN main.OBJ
COMPILER INVOKED BY: D:\Code\ARM\C51\BIN\C51.EXE main.c LARGE OMF2 OPTIMIZE(8,SPEED) BROWSE INCDIR(..\Include;..\Include
                    -) DEBUG PRINT(.\Listings\main.lst) TABS(2)

line level    source

   1          /*
   2          
   3              GT-24 V1.0 (RF24L01) 测试开发程序
   4          
   5              编者：果云科技有限公司
   6            淘宝店铺:https://shop532831232.taobao.com
   7            
   8            适用芯片：89C52
   9            
  10            线路连接：  RF24L01： VCC        3.3V
  11                         GND        GND
  12                        CE        P1^0
  13                       IRQ        P1^5
  14                                   CSN        P1^3
  15                         SCK        P1^1
  16                      MOSI        P1^4
  17                      MISO        P1^2
  18                      
  19                  OLED(IIC):  VCC        3.3V
  20                          GND        GND
  21                      SCL        P1^6
  22                      SDA        P1^7
  23                      
  24              最后修改时间；2018年8月1日 12:00:00
  25          
  26          */
  27          #include "main.h"
  28          
  29          const char *content = "yunguokeji";
  30          u8   UART_BUFFER[64]={0},RF24L01RxBuffer[64]={0};
  31          sbit BEEP=P2^3;
  32          void main()
  33          {
  34   1        u8 j;
  35   1        u32 num=0;
  36   1        OLED_Init();         //初始化OLED  
  37   1          OLED_Clear();
  38   1        
  39   1        drv_spi_init( );           //SPI初始化
  40   1        
  41   1        
  42   1        NRF24L01_Gpio_Init( );    //RF24L01引脚初始化
  43   1        
  44   1      
  45   1        NRF24L01_check( );      //检测nRF24L01
  46   1        RF24L01_Init( );
  47   1        RF24L01_Set_Mode( MODE_RX );    //接收模式
  48   1        OLED_ShowCHinese(0,2,0);     //接
  49   1        OLED_ShowCHinese(18,2,1);    //收
  50   1        OLED_ShowCHinese(36,2,2);    //数
  51   1        OLED_ShowCHinese(54,2,3);    //据
  52   1        OLED_ShowCHinese(72,2,4);    //：
  53   1        
  54   1        OLED_ShowCHinese(0,0,5);     //果
C51 COMPILER V9.60.0.0   MAIN                                                              03/12/2022 00:40:21 PAGE 2   

  55   1        OLED_ShowCHinese(16,0,6);    //云
  56   1        OLED_ShowCHinese(32,0,7);    //科
  57   1        OLED_ShowCHinese(48,0,8);    //技
  58   1        OLED_ShowCHinese(64,0,9);    //有
  59   1        OLED_ShowCHinese(80,0,10);   //限
  60   1        OLED_ShowCHinese(96,0,11);   //公
  61   1        OLED_ShowCHinese(112,0,12);  //司
  62   1        delay_ms(1000);
  63   1        //********************************接收*************************************//
  64   1        while(1)
  65   1        {
  66   2           RF24L01_Set_Mode( MODE_RX );   //接收模式
  67   2           j = NRF24L01_RxPacket( RF24L01RxBuffer );    //接收字节
  68   2          if( 0 != j )
  69   2          {
  70   3            OLED_Clear();
  71   3            OLED_ShowString(0,num,RF24L01RxBuffer,8);   
  72   3            num++;
  73   3                if(num==8)  num=0;
  74   3          }
  75   2            if(RF24L01RxBuffer[0]==1)
  76   2          {
  77   3            
  78   3            LED1=~LED1;
*** ERROR C202 IN LINE 78 OF main.c: 'LED1': undefined identifier
  79   3            
  80   3          }
  81   2          if(RF24L01RxBuffer[0]==2)
  82   2          {
  83   3            
  84   3            LED2=~LED2;
*** ERROR C202 IN LINE 84 OF main.c: 'LED2': undefined identifier
  85   3            
  86   3          }
  87   2          if(RF24L01RxBuffer[0]==3)
  88   2          {
  89   3            
  90   3            LED3=~LED3;
*** ERROR C202 IN LINE 90 OF main.c: 'LED3': undefined identifier
  91   3            
  92   3          }
  93   2          if(RF24L01RxBuffer[0]==4)
  94   2          {
  95   3            
  96   3            LED4=~LED4;
*** ERROR C202 IN LINE 96 OF main.c: 'LED4': undefined identifier
  97   3            
  98   3          }
  99   2            if(RF24L01RxBuffer[0]==5)
 100   2          {
 101   3            
 102   3            LED5=~LED5;
*** ERROR C202 IN LINE 102 OF main.c: 'LED5': undefined identifier
 103   3            
 104   3          }
 105   2          
 106   2        }
 107   1      }

C51 COMPILATION COMPLETE.  0 WARNING(S),  5 ERROR(S)
