LX51 LINKER/LOCATER V4.66.41.0                                                          08/10/2018  11:14:35  PAGE 1


LX51 LINKER/LOCATER V4.66.41.0, INVOKED BY:
D:\KEIL_V5\C51\BIN\LX51.EXE STARTUP.obj, main.obj, .\delay.obj, .\uart.obj, .\spi.obj, .\oled.obj, .\RF24L01.obj TO rf24
>> l01_51 PRINT (.\Listings\rf24l01_51.map) REMOVEUNUSED


CPU MODE:     8051 MODE
MEMORY MODEL: LARGE


INPUT MODULES INCLUDED:
  STARTUP.obj (?C_STARTUP)
         COMMENT TYPE 0: AX51 V3.13.0.0
  main.obj (MAIN)
         COMMENT TYPE 0: C51 V9.54
  .\delay.obj (DELAY)
         COMMENT TYPE 0: C51 V9.54
  .\uart.obj (UART)
         COMMENT TYPE 0: C51 V9.54
  .\spi.obj (SPI)
         COMMENT TYPE 0: C51 V9.54
  .\oled.obj (OLED)
         COMMENT TYPE 0: C51 V9.54
  .\RF24L01.obj (RF24L01)
         COMMENT TYPE 0: C51 V9.54
  D:\KEIL_V5\C51\LIB\C51L.LIB (?C_INIT)
         COMMENT TYPE 1: A51 / ASM51 Assembler
  D:\KEIL_V5\C51\LIB\C51L.LIB (?C?COPY)
         COMMENT TYPE 1: A51 / ASM51 Assembler
  D:\KEIL_V5\C51\LIB\C51L.LIB (?C?CLDPTR)
         COMMENT TYPE 1: A51 / ASM51 Assembler
  D:\KEIL_V5\C51\LIB\C51L.LIB (?C?CLDOPTR)
         COMMENT TYPE 1: A51 / ASM51 Assembler
  D:\KEIL_V5\C51\LIB\C51L.LIB (?C?CSTPTR)
         COMMENT TYPE 1: A51 / ASM51 Assembler
  D:\KEIL_V5\C51\LIB\C51L.LIB (?C?CSTOPTR)
         COMMENT TYPE 1: A51 / ASM51 Assembler
  D:\KEIL_V5\C51\LIB\C51L.LIB (?C?IMUL)
         COMMENT TYPE 1: A51 / ASM51 Assembler
  D:\KEIL_V5\C51\LIB\C51L.LIB (?C?UIDIV)
         COMMENT TYPE 1: A51 / ASM51 Assembler
  D:\KEIL_V5\C51\LIB\C51L.LIB (?C?IILDX)
         COMMENT TYPE 1: A51 / ASM51 Assembler
  D:\KEIL_V5\C51\LIB\C51L.LIB (?C?ILDIX)
         COMMENT TYPE 1: A51 / ASM51 Assembler


ACTIVE MEMORY CLASSES OF MODULE:  rf24l01_51 (?C_STARTUP)

BASE        START       END         USED      MEMORY CLASS
==========================================================
C:000000H   C:000000H   C:00FFFFH   000B72H   CODE
I:000000H   I:000000H   I:0000FFH   000001H   IDATA
X:000000H   X:000000H   X:00FFFFH   00009EH   XDATA
C:000000H   C:000000H   C:00FFFFH   000B58H   CONST
I:000000H   I:000000H   I:00007FH   000008H   DATA


MEMORY MAP OF MODULE:  rf24l01_51 (?C_STARTUP)


START     STOP      LENGTH    ALIGN  RELOC    MEMORY CLASS   SEGMENT NAME
=========================================================================

* * * * * * * * * * *   D A T A   M E M O R Y   * * * * * * * * * * * * *
000000H   000007H   000008H   ---    AT..     DATA           "REG BANK 0"
000008H   000008H   000001H   BYTE   UNIT     IDATA          ?STACK
LX51 LINKER/LOCATER V4.66.41.0                                                        08/10/2018  11:14:35  PAGE 2



* * * * * * * * * * *   C O D E   M E M O R Y   * * * * * * * * * * * * *
000000H   000002H   000003H   ---    OFFS..   CODE           ?CO?STARTUP?3
000003H   000205H   000203H   BYTE   UNIT     CODE           ?C?LIB_CODE
000206H   0002EAH   0000E5H   BYTE   UNIT     CODE           ?PR?MAIN?MAIN
0002EBH   0003CAH   0000E0H   BYTE   UNIT     CODE           ?PR?OLED_INIT?OLED
0003CBH   0004A8H   0000DEH   BYTE   UNIT     CODE           ?PR?_OLED_SHOWCHAR?OLED
0004A9H   00053DH   000095H   BYTE   UNIT     CODE           ?C_INITSEG
00053EH   0005C9H   00008CH   BYTE   UNIT     CODE           ?C_C51STARTUP
0005CAH   000655H   00008CH   BYTE   UNIT     CODE           ?PR?_OLED_SHOWCHINESE?OLED
000656H   0006DDH   000088H   BYTE   UNIT     CODE           ?PR?_NRF24L01_RXPACKET?RF24L01
0006DEH   000764H   000087H   BYTE   UNIT     CODE           ?PR?NRF24L01_CHECK?RF24L01
000765H   0007E3H   00007FH   BYTE   UNIT     CODE           ?PR?RF24L01_INIT?RF24L01
0007E4H   000843H   000060H   BYTE   UNIT     CODE           ?PR?_OLED_SHOWSTRING?OLED
000844H   00088BH   000048H   BYTE   UNIT     CODE           ?PR?_NRF24L01_READ_BUF?RF24L01
00088CH   0008D2H   000047H   BYTE   UNIT     CODE           ?PR?_NRF24L01_WRITE_BUF?RF24L01
0008D3H   000906H   000034H   BYTE   UNIT     CODE           ?PR?_OLED_SET_POS?OLED
000907H   000939H   000033H   BYTE   UNIT     CODE           ?PR?_DRV_SPI_READ_WRITE_BYTE?SPI
00093AH   00096BH   000032H   BYTE   UNIT     CODE           ?PR?_NRF24L01_CLEAR_IRQ_FLAG?RF24L01
00096CH   00099BH   000030H   BYTE   UNIT     CODE           ?PR?_NRF24L01_SET_RXADDR?RF24L01
00099CH   0009C7H   00002CH   BYTE   UNIT     CODE           ?PR?_OLED_WR_BYTE?OLED
0009C8H   0009EFH   000028H   BYTE   UNIT     CODE           ?CO?RF24L01
0009F0H   000A16H   000027H   BYTE   UNIT     CODE           ?PR?_WRITE_IIC_BYTE?OLED
000A17H   000A3CH   000026H   BYTE   UNIT     CODE           ?PR?OLED_CLEAR?OLED
000A3DH   000A62H   000026H   BYTE   UNIT     CODE           ?PR?_RF24L01_SET_MODE?RF24L01
000A63H   000A81H   00001FH   BYTE   UNIT     CODE           ?PR?DELAY_1MS?DELAY
000A82H   000A9FH   00001EH   BYTE   UNIT     CODE           ?PR?DRV_SPI_INIT?SPI
000AA0H   000ABBH   00001CH   BYTE   UNIT     CODE           ?PR?_DELAY_MS?DELAY
000ABCH   000AD5H   00001AH   BYTE   UNIT     CODE           ?PR?_DRV_UART_TX_BYTES?UART
000AD6H   000AEEH   000019H   BYTE   UNIT     CODE           ?PR?_NRF24L01_WRITE_REG?RF24L01
000AEFH   000B04H   000016H   BYTE   UNIT     CODE           ?PR?_NRF24L01_SET_TXADDR?RF24L01
000B05H   000B14H   000010H   BYTE   UNIT     CODE           ?PR?IIC_WAIT_ACK?OLED
000B15H   000B23H   00000FH   BYTE   UNIT     CODE           ?PR?NRF24L01_GPIO_INIT?RF24L01
000B24H   000B31H   00000EH   BYTE   UNIT     CODE           ?PR?_WRITE_IIC_COMMAND?OLED
000B32H   000B3FH   00000EH   BYTE   UNIT     CODE           ?PR?_WRITE_IIC_DATA?OLED
000B40H   000B4CH   00000DH   BYTE   UNIT     CODE           ?PR?_NRF24L01_READ_REG?RF24L01
000B4DH   000B57H   00000BH   BYTE   UNIT     CODE           ?CO?MAIN
000B58H   000B61H   00000AH   BYTE   UNIT     CODE           ?PR?NRF24L01_READ_STATUS_REGISTER?RF24L01
000B62H   000B6AH   000009H   BYTE   UNIT     CODE           ?PR?IIC_START?OLED
000B6BH   000B71H   000007H   BYTE   UNIT     CODE           ?PR?IIC_STOP?OLED
000B72H   0016C9H   000B58H   BYTE   UNIT     CONST          ?CO?OLED

* * * * * * * * * * *  X D A T A   M E M O R Y  * * * * * * * * * * * * *
000000H   000082H   000083H   BYTE   UNIT     XDATA          ?XD?MAIN
000083H   00009AH   000018H   BYTE   UNIT     XDATA          _XDATA_GROUP_
00009BH   00009DH   000003H   BYTE   UNIT     XDATA          ?XD?RF24L01

* * * * * * * * *   R E M O V E D     S E G M E N T S   * * * * * * * *
   *DEL*:           000022H   BYTE   UNIT     CODE           ?PR?DRV_UART_INIT?UART
   *DEL*:           000036H   BYTE   UNIT     CODE           ?PR?_DRV_UART_RX_BYTES?UART
   *DEL*:           000001H   BYTE   UNIT     XDATA          ?XD?_DRV_UART_RX_BYTES?UART
   *DEL*:           000055H   BYTE   UNIT     CODE           ?PR?_DRV_SPI_READ_WRITE_STRING?SPI
   *DEL*:           000008H   BYTE   UNIT     XDATA          ?XD?_DRV_SPI_READ_WRITE_STRING?SPI
   *DEL*:           00002DH   BYTE   UNIT     CODE           ?PR?_FILL_PICTURE?OLED
   *DEL*:           000002H   BYTE   UNIT     XDATA          ?XD?_FILL_PICTURE?OLED
   *DEL*:           00001EH   BYTE   UNIT     CODE           ?PR?_DELAY_50MS?OLED
   *DEL*:           000016H   BYTE   UNIT     CODE           ?PR?_DELAY_1MS?OLED
   *DEL*:           000017H   BYTE   UNIT     CODE           ?PR?OLED_DISPLAY_ON?OLED
   *DEL*:           000011H   BYTE   UNIT     CODE           ?PR?OLED_DISPLAY_OFF?OLED
   *DEL*:           000027H   BYTE   UNIT     CODE           ?PR?OLED_ON?OLED
   *DEL*:           000001H   BYTE   UNIT     XDATA          ?XD?OLED_ON?OLED
   *DEL*:           000043H   BYTE   UNIT     CODE           ?PR?_OLED_PUTPIXEL?OLED
   *DEL*:           000002H   BYTE   UNIT     XDATA          ?XD?_OLED_PUTPIXEL?OLED
   *DEL*:           00009FH   BYTE   UNIT     CODE           ?PR?_OLED_RECTANGLE?OLED
   *DEL*:           000006H   BYTE   UNIT     XDATA          ?XD?_OLED_RECTANGLE?OLED
LX51 LINKER/LOCATER V4.66.41.0                                                        08/10/2018  11:14:35  PAGE 3


   *DEL*:           00001EH   BYTE   UNIT     CODE           ?PR?_OLED_POW?OLED
   *DEL*:           000001H   BYTE   UNIT     XDATA          ?XD?_OLED_POW?OLED
   *DEL*:           0000FBH   BYTE   UNIT     CODE           ?PR?_OLED_SHOWNUM?OLED
   *DEL*:           000009H   BYTE   UNIT     XDATA          ?XD?_OLED_SHOWNUM?OLED
   *DEL*:           000093H   BYTE   UNIT     CODE           ?PR?_OLED_DRAWBMP?OLED
   *DEL*:           00000BH   BYTE   UNIT     XDATA          ?XD?_OLED_DRAWBMP?OLED
   *DEL*:           00000AH   BYTE   UNIT     CODE           ?PR?NRF24L01_FLUSH_TX_FIFO?RF24L01
   *DEL*:           00000AH   BYTE   UNIT     CODE           ?PR?NRF24L01_FLUSH_RX_FIFO?RF24L01
   *DEL*:           00000AH   BYTE   UNIT     CODE           ?PR?NRF24L01_REUSE_TX_PAYLOAD?RF24L01
   *DEL*:           00000AH   BYTE   UNIT     CODE           ?PR?NRF24L01_NOP?RF24L01
   *DEL*:           000008H   BYTE   UNIT     CODE           ?PR?RF24L01_READ_IRQ_STATUS?RF24L01
   *DEL*:           00000FH   BYTE   UNIT     CODE           ?PR?NRF24L01_READ_TOP_FIFO_WIDTH?RF24L01
   *DEL*:           000068H   BYTE   UNIT     CODE           ?PR?_NRF24L01_READ_RX_PAYLOAD?RF24L01
   *DEL*:           000005H   BYTE   UNIT     XDATA          ?XD?_NRF24L01_READ_RX_PAYLOAD?RF24L01
   *DEL*:           000059H   BYTE   UNIT     CODE           ?PR?_NRF24L01_WRITE_TX_PAYLOAD_ACK?RF24L01
   *DEL*:           000005H   BYTE   UNIT     XDATA          ?XD?_NRF24L01_WRITE_TX_PAYLOAD_ACK?RF24L01
   *DEL*:           000048H   BYTE   UNIT     CODE           ?PR?_NRF24L01_WRITE_TX_PAYLOAD_NOACK?RF24L01
   *DEL*:           000004H   BYTE   UNIT     XDATA          ?XD?_NRF24L01_WRITE_TX_PAYLOAD_NOACK?RF24L01
   *DEL*:           00005BH   BYTE   UNIT     CODE           ?PR?_NRF24L01_WRITE_TX_PAYLOAD_INACK?RF24L01
   *DEL*:           000005H   BYTE   UNIT     XDATA          ?XD?_NRF24L01_WRITE_TX_PAYLOAD_INACK?RF24L01
   *DEL*:           000037H   BYTE   UNIT     CODE           ?PR?_NRF24L01_SET_SPEED?RF24L01
   *DEL*:           000001H   BYTE   UNIT     XDATA          ?XD?_NRF24L01_SET_SPEED?RF24L01
   *DEL*:           000036H   BYTE   UNIT     CODE           ?PR?_NRF24L01_SET_POWER?RF24L01
   *DEL*:           000001H   BYTE   UNIT     XDATA          ?XD?_NRF24L01_SET_POWER?RF24L01
   *DEL*:           000009H   BYTE   UNIT     CODE           ?PR?_RF24LL01_WRITE_HOPPING_POINT?RF24L01
   *DEL*:           000094H   BYTE   UNIT     CODE           ?PR?_NRF24L01_TXPACKET?RF24L01
   *DEL*:           000007H   BYTE   UNIT     XDATA          ?XD?_NRF24L01_TXPACKET?RF24L01



OVERLAY MAP OF MODULE:   rf24l01_51 (?C_STARTUP)


FUNCTION/MODULE                               XDATA_GROUP
--> CALLED FUNCTION/MODULE                    START  STOP
=========================================================
?C_C51STARTUP                                 ----- -----
  +--> MAIN/MAIN
  +--> ?C_INITSEG

MAIN/MAIN                                     0083H 0084H
  +--> OLED_INIT/OLED
  +--> OLED_CLEAR/OLED
  +--> DRV_SPI_INIT/SPI
  +--> NRF24L01_GPIO_INIT/RF24L01
  +--> NRF24L01_CHECK/RF24L01
  +--> RF24L01_INIT/RF24L01
  +--> _RF24L01_SET_MODE/RF24L01
  +--> _OLED_SHOWCHINESE/OLED
  +--> _DELAY_MS/DELAY
  +--> _NRF24L01_RXPACKET/RF24L01
  +--> _OLED_SHOWSTRING/OLED

OLED_INIT/OLED                                ----- -----
  +--> _OLED_WR_BYTE/OLED

_OLED_WR_BYTE/OLED                            ----- -----
  +--> _WRITE_IIC_DATA/OLED
  +--> _WRITE_IIC_COMMAND/OLED

_WRITE_IIC_DATA/OLED                          ----- -----
  +--> _WRITE_IIC_BYTE/OLED
  +--> IIC_WAIT_ACK/OLED
  +--> IIC_STOP/OLED

LX51 LINKER/LOCATER V4.66.41.0                                                        08/10/2018  11:14:35  PAGE 4


_WRITE_IIC_BYTE/OLED                          ----- -----
  +--> IIC_START/OLED

IIC_START/OLED                                ----- -----

IIC_WAIT_ACK/OLED                             ----- -----
  +--> _WRITE_IIC_BYTE/OLED

IIC_STOP/OLED                                 ----- -----

_WRITE_IIC_COMMAND/OLED                       ----- -----
  +--> _WRITE_IIC_BYTE/OLED
  +--> IIC_WAIT_ACK/OLED
  +--> IIC_STOP/OLED

OLED_CLEAR/OLED                               0085H 0085H
  +--> _OLED_WR_BYTE/OLED

DRV_SPI_INIT/SPI                              ----- -----

NRF24L01_GPIO_INIT/RF24L01                    ----- -----

NRF24L01_CHECK/RF24L01                        0085H 008EH
  +--> ?CO?RF24L01
  +--> _NRF24L01_WRITE_BUF/RF24L01
  +--> _NRF24L01_READ_BUF/RF24L01
  +--> _DRV_UART_TX_BYTES/UART
  +--> _DELAY_MS/DELAY

?CO?RF24L01                                   ----- -----

_NRF24L01_WRITE_BUF/RF24L01                   0095H 009AH
  +--> _DRV_SPI_READ_WRITE_BYTE/SPI

_DRV_SPI_READ_WRITE_BYTE/SPI                  ----- -----

_NRF24L01_READ_BUF/RF24L01                    008FH 0094H
  +--> _DRV_SPI_READ_WRITE_BYTE/SPI

_DRV_UART_TX_BYTES/UART                       ----- -----

_DELAY_MS/DELAY                               008FH 0090H
  +--> DELAY_1MS/DELAY

DELAY_1MS/DELAY                               ----- -----

RF24L01_INIT/RF24L01                          008BH 008FH
  +--> ?CO?RF24L01
  +--> _NRF24L01_CLEAR_IRQ_FLAG/RF24L01
  +--> _NRF24L01_WRITE_REG/RF24L01
  +--> _NRF24L01_READ_REG/RF24L01
  +--> _NRF24L01_SET_TXADDR/RF24L01
  +--> _NRF24L01_SET_RXADDR/RF24L01

_NRF24L01_CLEAR_IRQ_FLAG/RF24L01              0090H 0091H
  +--> NRF24L01_READ_STATUS_REGISTER/RF24L01
  +--> _DRV_SPI_READ_WRITE_BYTE/SPI

NRF24L01_READ_STATUS_REGISTER/RF24L01         ----- -----
  +--> _DRV_SPI_READ_WRITE_BYTE/SPI

_NRF24L01_WRITE_REG/RF24L01                   0090H 0090H
  +--> _DRV_SPI_READ_WRITE_BYTE/SPI

_NRF24L01_READ_REG/RF24L01                    ----- -----
LX51 LINKER/LOCATER V4.66.41.0                                                        08/10/2018  11:14:35  PAGE 5


  +--> _DRV_SPI_READ_WRITE_BYTE/SPI

_NRF24L01_SET_TXADDR/RF24L01                  ----- -----
  +--> _NRF24L01_WRITE_BUF/RF24L01

_NRF24L01_SET_RXADDR/RF24L01                  0090H 0094H
  +--> _NRF24L01_WRITE_BUF/RF24L01

_RF24L01_SET_MODE/RF24L01                     008BH 008BH
  +--> _NRF24L01_READ_REG/RF24L01
  +--> _NRF24L01_WRITE_REG/RF24L01

_OLED_SHOWCHINESE/OLED                        0085H 0088H
  +--> _OLED_SET_POS/OLED
  +--> ?CO?OLED
  +--> _OLED_WR_BYTE/OLED

_OLED_SET_POS/OLED                            ----- -----
  +--> _OLED_WR_BYTE/OLED

?CO?OLED                                      ----- -----

_NRF24L01_RXPACKET/RF24L01                    0085H 008AH
  +--> _DRV_SPI_READ_WRITE_BYTE/SPI
  +--> _DELAY_MS/DELAY
  +--> NRF24L01_GPIO_INIT/RF24L01
  +--> RF24L01_INIT/RF24L01
  +--> _RF24L01_SET_MODE/RF24L01
  +--> _NRF24L01_READ_REG/RF24L01
  +--> _NRF24L01_WRITE_REG/RF24L01
  +--> _NRF24L01_READ_BUF/RF24L01

_OLED_SHOWSTRING/OLED                         0085H 008BH
  +--> _OLED_SHOWCHAR/OLED

_OLED_SHOWCHAR/OLED                           008CH 0090H
  +--> _OLED_SET_POS/OLED
  +--> ?CO?OLED
  +--> _OLED_WR_BYTE/OLED

?C_INITSEG                                    ----- -----
  +--> ?CO?MAIN
  +--> ?CO?RF24L01

?CO?MAIN                                      ----- -----



PUBLIC SYMBOLS OF MODULE:  rf24l01_51 (?C_STARTUP)


      VALUE       CLASS    TYPE      PUBLIC SYMBOL NAME
      =================================================
*DEL*:00000000H   XDATA    BYTE      ?_drv_spi_read_write_string?BYTE
      0200008FH   XDATA    BYTE      ?_NRF24L01_Read_Buf?BYTE
      02000090H   XDATA    BYTE      ?_NRF24L01_Set_RxAddr?BYTE
      02000095H   XDATA    BYTE      ?_NRF24L01_Write_Buf?BYTE
*DEL*:00000000H   XDATA    BYTE      ?_OLED_DrawBMP?BYTE
*DEL*:00000000H   XDATA    BYTE      ?_OLED_Rectangle?BYTE
      0200008CH   XDATA    BYTE      ?_OLED_ShowChar?BYTE
*DEL*:00000000H   XDATA    BYTE      ?_OLED_ShowNum?BYTE
      02000085H   XDATA    BYTE      ?_OLED_ShowString?BYTE
      01000112H   CODE     ---       ?C?CLDOPTR
      010000F9H   CODE     ---       ?C?CLDPTR
      00000000H   NUMBER   ---       ?C?CODESEG
LX51 LINKER/LOCATER V4.66.41.0                                                        08/10/2018  11:14:35  PAGE 6


      010000D3H   CODE     ---       ?C?COPY
      01000151H   CODE     ---       ?C?CSTOPTR
      0100013FH   CODE     ---       ?C?CSTPTR
      010001DAH   CODE     ---       ?C?IILDX
      010001F0H   CODE     ---       ?C?ILDIX
      01000173H   CODE     ---       ?C?IMUL
      01000185H   CODE     ---       ?C?UIDIV
      00000000H   NUMBER   ---       ?C?XDATASEG
      01000585H   CODE     ---       ?C_START
      01000000H   CODE     NEAR LAB  ?C_STARTUP
*DEL*:00000000H   CODE     ---       _Delay_1ms
*DEL*:00000000H   CODE     ---       _Delay_50ms
      01000AA0H   CODE     ---       _delay_ms
      01000907H   CODE     ---       _drv_spi_read_write_byte
*DEL*:00000000H   CODE     ---       _drv_spi_read_write_string
*DEL*:00000000H   CODE     ---       _drv_uart_rx_bytes
      01000ABCH   CODE     ---       _drv_uart_tx_bytes
*DEL*:00000000H   CODE     ---       _fill_picture
      0100093AH   CODE     ---       _NRF24L01_Clear_IRQ_Flag
      01000844H   CODE     ---       _NRF24L01_Read_Buf
      01000B40H   CODE     ---       _NRF24L01_Read_Reg
*DEL*:00000000H   CODE     ---       _NRF24L01_Read_Rx_Payload
      01000656H   CODE     ---       _NRF24L01_RxPacket
*DEL*:00000000H   CODE     ---       _NRF24L01_Set_Power
      0100096CH   CODE     ---       _NRF24L01_Set_RxAddr
*DEL*:00000000H   CODE     ---       _NRF24L01_Set_Speed
      01000AEFH   CODE     ---       _NRF24L01_Set_TxAddr
*DEL*:00000000H   CODE     ---       _NRF24L01_TxPacket
      0100088CH   CODE     ---       _NRF24L01_Write_Buf
      01000AD6H   CODE     ---       _NRF24L01_Write_Reg
*DEL*:00000000H   CODE     ---       _NRF24L01_Write_Tx_Payload_Ack
*DEL*:00000000H   CODE     ---       _NRF24L01_Write_Tx_Payload_InAck
*DEL*:00000000H   CODE     ---       _NRF24L01_Write_Tx_Payload_NoAck
*DEL*:00000000H   CODE     ---       _OLED_DrawBMP
*DEL*:00000000H   CODE     ---       _oled_pow
*DEL*:00000000H   CODE     ---       _OLED_PutPixel
*DEL*:00000000H   CODE     ---       _OLED_Rectangle
      010008DBH   CODE     ---       _OLED_Set_Pos
      010003CBH   CODE     ---       _OLED_ShowChar
      010005CAH   CODE     ---       _OLED_ShowCHinese
*DEL*:00000000H   CODE     ---       _OLED_ShowNum
      010007E4H   CODE     ---       _OLED_ShowString
      010009B7H   CODE     ---       _OLED_WR_Byte
      01000A3DH   CODE     ---       _RF24L01_Set_Mode
*DEL*:00000000H   CODE     ---       _RF24LL01_Write_Hopping_Point
      010009F7H   CODE     ---       _Write_IIC_Byte
      01000B24H   CODE     ---       _Write_IIC_Command
      01000B32H   CODE     ---       _Write_IIC_Data
*SFR* 000000D0H.6 DATA     BIT       AC
*SFR* 000000E0H   DATA     BYTE      ACC
*SFR* 000000F0H   DATA     BYTE      B
*SFR* 000000C8H.1 DATA     BIT       C_T2
      02000000H   XDATA    ---       content
*SFR* 000000C8H   DATA     BIT       CP_RL2
*SFR* 000000D0H.7 DATA     BIT       CY
      01000A63H   CODE     ---       delay_1ms
*SFR* 00000083H   DATA     BYTE      DPH
*SFR* 00000082H   DATA     BYTE      DPL
      01000A82H   CODE     ---       drv_spi_init
*DEL*:00000000H   CODE     ---       drv_uart_init
*SFR* 000000A8H.7 DATA     BIT       EA
*SFR* 000000A8H.4 DATA     BIT       ES
*SFR* 000000A8H.1 DATA     BIT       ET0
*SFR* 000000A8H.3 DATA     BIT       ET1
*SFR* 000000A8H.5 DATA     BIT       ET2
LX51 LINKER/LOCATER V4.66.41.0                                                        08/10/2018  11:14:35  PAGE 7


*SFR* 000000A8H   DATA     BIT       EX0
*SFR* 000000A8H.2 DATA     BIT       EX1
*SFR* 000000C8H.3 DATA     BIT       EXEN2
*SFR* 000000C8H.6 DATA     BIT       EXF2
*SFR* 000000D0H.5 DATA     BIT       F0
      01000B72H   CONST    ---       F6x8
      01000D9AH   CONST    ---       F8X16
      0200009BH   XDATA    ---       g_ErrorString
      0100138AH   CONST    ---       Hzk
*SFR* 000000A8H   DATA     BYTE      IE
*SFR* 00000088H.1 DATA     BIT       IE0
*SFR* 00000088H.3 DATA     BIT       IE1
      01000B62H   CODE     ---       IIC_Start
      01000B6BH   CODE     ---       IIC_Stop
      01000B10H   CODE     ---       IIC_Wait_Ack
*SFR* 000000B0H.2 DATA     BIT       INT0
*SFR* 000000B0H.3 DATA     BIT       INT1
*SFR* 000000B8H   DATA     BYTE      IP
*SFR* 00000088H   DATA     BIT       IT0
*SFR* 00000088H.2 DATA     BIT       IT1
      01000206H   CODE     ---       main
      010006DEH   CODE     ---       NRF24L01_check
*DEL*:00000000H   CODE     ---       NRF24L01_Flush_Rx_Fifo
*DEL*:00000000H   CODE     ---       NRF24L01_Flush_Tx_Fifo
      01000B15H   CODE     ---       NRF24L01_Gpio_Init
*DEL*:00000000H   CODE     ---       NRF24L01_Nop
      01000B58H   CODE     ---       NRF24L01_Read_Status_Register
*DEL*:00000000H   CODE     ---       NRF24L01_Read_Top_Fifo_Width
*DEL*:00000000H   CODE     ---       NRF24L01_Reuse_Tx_Payload
      01000A17H   CODE     ---       OLED_Clear
*DEL*:00000000H   CODE     ---       OLED_Display_Off
*DEL*:00000000H   CODE     ---       OLED_Display_On
      010002EBH   CODE     ---       OLED_Init
*DEL*:00000000H   CODE     ---       OLED_On
*SFR* 00000090H.6 DATA     BIT       OLED_SCL
*SFR* 00000090H.7 DATA     BIT       OLED_SDIN
*SFR* 000000D0H.2 DATA     BIT       OV
*SFR* 000000D0H   DATA     BIT       P
*SFR* 00000080H   DATA     BYTE      P0
*SFR* 00000093H   DATA     BYTE      P0M0
*SFR* 00000094H   DATA     BYTE      P0M1
*SFR* 00000090H   DATA     BYTE      P1
*SFR* 00000091H   DATA     BYTE      P1M0
*SFR* 00000092H   DATA     BYTE      P1M1
*SFR* 000000A0H   DATA     BYTE      P2
*SFR* 00000095H   DATA     BYTE      P2M0
*SFR* 00000096H   DATA     BYTE      P2M1
*SFR* 000000B0H   DATA     BYTE      P3
*SFR* 000000B1H   DATA     BYTE      P3M0
*SFR* 000000B2H   DATA     BYTE      P3M1
*SFR* 00000087H   DATA     BYTE      PCON
*SFR* 000000A0H   DATA     BYTE      PPAGE_SFR
*SFR* 000000B8H.4 DATA     BIT       PS
*SFR* 000000D0H   DATA     BYTE      PSW
*SFR* 000000B8H.1 DATA     BIT       PT0
*SFR* 000000B8H.3 DATA     BIT       PT1
*SFR* 000000B8H.5 DATA     BIT       PT2
*SFR* 000000B8H   DATA     BIT       PX0
*SFR* 000000B8H.2 DATA     BIT       PX1
*SFR* 00000098H.2 DATA     BIT       RB8
*SFR* 000000CBH   DATA     BYTE      RCAP2H
*SFR* 000000CAH   DATA     BYTE      RCAP2L
*SFR* 000000C8H.5 DATA     BIT       RCLK
*SFR* 000000B0H.7 DATA     BIT       RD
*SFR* 00000098H.4 DATA     BIT       REN
LX51 LINKER/LOCATER V4.66.41.0                                                        08/10/2018  11:14:35  PAGE 8


*SFR* 00000090H   DATA     BIT       RF24L01_CE
      01000765H   CODE     ---       RF24L01_Init
*SFR* 00000090H.5 DATA     BIT       RF24L01_IRQ
*DEL*:00000000H   CODE     ---       RF24L01_Read_IRQ_Status
      02000003H   XDATA    ---       RF24L01RxBuffer
*SFR* 00000098H   DATA     BIT       RI
*SFR* 000000D0H.3 DATA     BIT       RS0
*SFR* 000000D0H.4 DATA     BIT       RS1
*SFR* 000000B0H   DATA     BIT       RXD
*SFR* 00000099H   DATA     BYTE      SBUF
*SFR* 00000098H   DATA     BYTE      SCON
*SFR* 00000098H.7 DATA     BIT       SM0
*SFR* 00000098H.6 DATA     BIT       SM1
*SFR* 00000098H.5 DATA     BIT       SM2
*SFR* 00000081H   DATA     BYTE      SP
*SFR* 00000090H.2 DATA     BIT       SPI_MISO
*SFR* 00000090H.4 DATA     BIT       SPI_MOSI
*SFR* 00000090H.3 DATA     BIT       SPI_NSS
*SFR* 00000090H.1 DATA     BIT       SPI_SCK
*SFR* 000000B0H.4 DATA     BIT       T0
*SFR* 000000B0H.5 DATA     BIT       T1
*SFR* 00000090H   DATA     BIT       T2
*SFR* 000000C8H   DATA     BYTE      T2CON
*SFR* 00000090H.1 DATA     BIT       T2EX
*SFR* 00000098H.3 DATA     BIT       TB8
*SFR* 000000C8H.4 DATA     BIT       TCLK
*SFR* 00000088H   DATA     BYTE      TCON
*SFR* 00000088H.5 DATA     BIT       TF0
*SFR* 00000088H.7 DATA     BIT       TF1
*SFR* 000000C8H.7 DATA     BIT       TF2
*SFR* 0000008CH   DATA     BYTE      TH0
*SFR* 0000008DH   DATA     BYTE      TH1
*SFR* 000000CDH   DATA     BYTE      TH2
*SFR* 00000098H.1 DATA     BIT       TI
*SFR* 0000008AH   DATA     BYTE      TL0
*SFR* 0000008BH   DATA     BYTE      TL1
*SFR* 000000CCH   DATA     BYTE      TL2
*SFR* 00000089H   DATA     BYTE      TMOD
*SFR* 00000088H.4 DATA     BIT       TR0
*SFR* 00000088H.6 DATA     BIT       TR1
*SFR* 000000C8H.2 DATA     BIT       TR2
*SFR* 000000B0H.1 DATA     BIT       TXD
      02000043H   XDATA    ---       UART_BUFFER
*SFR* 000000B0H   DATA     BIT       UART_RX
*SFR* 000000B0H.1 DATA     BIT       UART_TX
*SFR* 000000B0H.6 DATA     BIT       WR



SYMBOL TABLE OF MODULE:  rf24l01_51 (?C_STARTUP)

      VALUE       REP       CLASS    TYPE      SYMBOL NAME
      ====================================================
      ---         MODULE    ---      ---       ?C_STARTUP
      01000000H   PUBLIC    CODE     NEAR LAB  ?C_STARTUP
      000000E0H   SFRSYM    DATA     BYTE      ACC
      000000F0H   SFRSYM    DATA     BYTE      B
      00000083H   SFRSYM    DATA     BYTE      DPH
      00000082H   SFRSYM    DATA     BYTE      DPL
      000000A0H   SFRSYM    DATA     BYTE      PPAGE_SFR
      00000081H   SFRSYM    DATA     BYTE      SP
      00000000H   SYMBOL    NUMBER   ---       IBPSTACK
      00000100H   SYMBOL    NUMBER   ---       IBPSTACKTOP
      00000080H   SYMBOL    NUMBER   ---       IDATALEN
      01000541H   SYMBOL    CODE     NEAR LAB  IDATALOOP
LX51 LINKER/LOCATER V4.66.41.0                                                        08/10/2018  11:14:35  PAGE 9


      00000000H   SYMBOL    NUMBER   ---       PBPSTACK
      00000100H   SYMBOL    NUMBER   ---       PBPSTACKTOP
      00000000H   SYMBOL    NUMBER   ---       PDATALEN
      00000000H   SYMBOL    NUMBER   ---       PDATASTART
      00000000H   SYMBOL    NUMBER   ---       PPAGE
      00000000H   SYMBOL    NUMBER   ---       PPAGEENABLE
      0100053EH   SYMBOL    CODE     NEAR LAB  STARTUP1
      00000000H   SYMBOL    NUMBER   ---       XBPSTACK
      00010000H   SYMBOL    NUMBER   ---       XBPSTACKTOP
      00000000H   SYMBOL    NUMBER   ---       XDATALEN
      00000000H   SYMBOL    NUMBER   ---       XDATASTART

      01000000H   BLOCK     CODE     NEAR LAB  LVL=0
      01000000H   LINE      CODE     ---       #126
      ---         BLOCKEND  ---      ---       LVL=0

      0100053EH   BLOCK     CODE     NEAR LAB  LVL=0
      0100053EH   LINE      CODE     ---       #133
      01000540H   LINE      CODE     ---       #134
      01000541H   LINE      CODE     ---       #135
      01000542H   LINE      CODE     ---       #136
      01000544H   LINE      CODE     ---       #185
      01000547H   LINE      CODE     ---       #196
      ---         BLOCKEND  ---      ---       LVL=0

      ---         MODULE    ---      ---       MAIN
      02000043H   PUBLIC    XDATA    ---       UART_BUFFER
      02000003H   PUBLIC    XDATA    ---       RF24L01RxBuffer
      02000000H   PUBLIC    XDATA    ---       content
      01000206H   PUBLIC    CODE     ---       main
      00000091H   SFRSYM    DATA     BYTE      P1M0
      00000094H   SFRSYM    DATA     BYTE      P0M1
      00000095H   SFRSYM    DATA     BYTE      P2M0
      00000092H   SFRSYM    DATA     BYTE      P1M1
      00000080H   SFRSYM    DATA     BYTE      P0
      000000B1H   SFRSYM    DATA     BYTE      P3M0
      00000096H   SFRSYM    DATA     BYTE      P2M1
      00000090H   SFRSYM    DATA     BYTE      P1
      000000B2H   SFRSYM    DATA     BYTE      P3M1
      000000A0H   SFRSYM    DATA     BYTE      P2
      000000B0H   SFRSYM    DATA     BYTE      P3
      000000B0H.4 SFRSYM    DATA     BIT       T0
      000000D0H.6 SFRSYM    DATA     BIT       AC
      000000B0H.5 SFRSYM    DATA     BIT       T1
      00000090H   SFRSYM    DATA     BIT       T2
      000000A8H.7 SFRSYM    DATA     BIT       EA
      00000090H.2 SFRSYM    DATA     BIT       SPI_MISO
      00000090H.4 SFRSYM    DATA     BIT       SPI_MOSI
      000000A8H   SFRSYM    DATA     BYTE      IE
      00000090H   SFRSYM    DATA     BIT       RF24L01_CE
      000000C8H.6 SFRSYM    DATA     BIT       EXF2
      000000B0H.7 SFRSYM    DATA     BIT       RD
      000000A8H.4 SFRSYM    DATA     BIT       ES
      000000B8H   SFRSYM    DATA     BYTE      IP
      00000098H   SFRSYM    DATA     BIT       RI
      000000B0H.2 SFRSYM    DATA     BIT       INT0
      000000D0H.7 SFRSYM    DATA     BIT       CY
      00000098H.1 SFRSYM    DATA     BIT       TI
      000000B0H.3 SFRSYM    DATA     BIT       INT1
      000000CBH   SFRSYM    DATA     BYTE      RCAP2H
      000000B8H.4 SFRSYM    DATA     BIT       PS
      00000081H   SFRSYM    DATA     BYTE      SP
      00000090H.1 SFRSYM    DATA     BIT       T2EX
      000000D0H.2 SFRSYM    DATA     BIT       OV
      000000CAH   SFRSYM    DATA     BYTE      RCAP2L
LX51 LINKER/LOCATER V4.66.41.0                                                        08/10/2018  11:14:35  PAGE 10


      000000C8H.1 SFRSYM    DATA     BIT       C_T2
      000000B0H.6 SFRSYM    DATA     BIT       WR
      000000C8H.5 SFRSYM    DATA     BIT       RCLK
      00000090H.1 SFRSYM    DATA     BIT       SPI_SCK
      000000C8H.4 SFRSYM    DATA     BIT       TCLK
      00000099H   SFRSYM    DATA     BYTE      SBUF
      00000087H   SFRSYM    DATA     BYTE      PCON
      00000098H   SFRSYM    DATA     BYTE      SCON
      00000090H.7 SFRSYM    DATA     BIT       OLED_SDIN
      00000089H   SFRSYM    DATA     BYTE      TMOD
      00000088H   SFRSYM    DATA     BYTE      TCON
      00000088H.1 SFRSYM    DATA     BIT       IE0
      00000088H.3 SFRSYM    DATA     BIT       IE1
      000000F0H   SFRSYM    DATA     BYTE      B
      00000090H.3 SFRSYM    DATA     BIT       SPI_NSS
      000000C8H   SFRSYM    DATA     BIT       CP_RL2
      000000E0H   SFRSYM    DATA     BYTE      ACC
      000000B0H   SFRSYM    DATA     BIT       UART_RX
      000000A8H.1 SFRSYM    DATA     BIT       ET0
      000000B0H.1 SFRSYM    DATA     BIT       UART_TX
      000000A8H.3 SFRSYM    DATA     BIT       ET1
      00000088H.5 SFRSYM    DATA     BIT       TF0
      000000A8H.5 SFRSYM    DATA     BIT       ET2
      00000088H.7 SFRSYM    DATA     BIT       TF1
      000000C8H.7 SFRSYM    DATA     BIT       TF2
      00000098H.2 SFRSYM    DATA     BIT       RB8
      0000008CH   SFRSYM    DATA     BYTE      TH0
      000000A8H   SFRSYM    DATA     BIT       EX0
      00000088H   SFRSYM    DATA     BIT       IT0
      0000008DH   SFRSYM    DATA     BYTE      TH1
      00000098H.3 SFRSYM    DATA     BIT       TB8
      000000A8H.2 SFRSYM    DATA     BIT       EX1
      00000088H.2 SFRSYM    DATA     BIT       IT1
      000000CDH   SFRSYM    DATA     BYTE      TH2
      000000D0H   SFRSYM    DATA     BIT       P
      00000098H.7 SFRSYM    DATA     BIT       SM0
      0000008AH   SFRSYM    DATA     BYTE      TL0
      00000098H.6 SFRSYM    DATA     BIT       SM1
      0000008BH   SFRSYM    DATA     BYTE      TL1
      00000098H.5 SFRSYM    DATA     BIT       SM2
      000000CCH   SFRSYM    DATA     BYTE      TL2
      000000B8H.1 SFRSYM    DATA     BIT       PT0
      000000B8H.3 SFRSYM    DATA     BIT       PT1
      000000D0H.3 SFRSYM    DATA     BIT       RS0
      000000B8H.5 SFRSYM    DATA     BIT       PT2
      00000088H.4 SFRSYM    DATA     BIT       TR0
      000000D0H.4 SFRSYM    DATA     BIT       RS1
      00000088H.6 SFRSYM    DATA     BIT       TR1
      000000C8H.2 SFRSYM    DATA     BIT       TR2
      000000B8H   SFRSYM    DATA     BIT       PX0
      000000B8H.2 SFRSYM    DATA     BIT       PX1
      00000083H   SFRSYM    DATA     BYTE      DPH
      00000082H   SFRSYM    DATA     BYTE      DPL
      000000C8H.3 SFRSYM    DATA     BIT       EXEN2
      00000098H.4 SFRSYM    DATA     BIT       REN
      000000C8H   SFRSYM    DATA     BYTE      T2CON
      00000090H.6 SFRSYM    DATA     BIT       OLED_SCL
      000000B0H   SFRSYM    DATA     BIT       RXD
      000000B0H.1 SFRSYM    DATA     BIT       TXD
      000000D0H.5 SFRSYM    DATA     BIT       F0
      00000090H.5 SFRSYM    DATA     BIT       RF24L01_IRQ
      000000D0H   SFRSYM    DATA     BYTE      PSW
      00000093H   SFRSYM    DATA     BYTE      P0M0

      01000206H   BLOCK     CODE     ---       LVL=0
LX51 LINKER/LOCATER V4.66.41.0                                                        08/10/2018  11:14:35  PAGE 11


      01000206H   BLOCK     CODE     NEAR LAB  LVL=1
      00000007H   SYMBOL    DATA     BYTE      j
      02000083H   SYMBOL    XDATA    WORD      num
      ---         BLOCKEND  ---      ---       LVL=1
      01000206H   LINE      CODE     ---       #31
      01000206H   LINE      CODE     ---       #32
      01000206H   LINE      CODE     ---       #34
      0100020DH   LINE      CODE     ---       #35
      01000210H   LINE      CODE     ---       #36
      01000213H   LINE      CODE     ---       #38
      01000216H   LINE      CODE     ---       #41
      01000219H   LINE      CODE     ---       #44
      0100021CH   LINE      CODE     ---       #45
      0100021FH   LINE      CODE     ---       #46
      01000224H   LINE      CODE     ---       #47
      0100022CH   LINE      CODE     ---       #48
      01000235H   LINE      CODE     ---       #49
      0100023EH   LINE      CODE     ---       #50
      01000247H   LINE      CODE     ---       #51
      01000250H   LINE      CODE     ---       #53
      01000258H   LINE      CODE     ---       #54
      01000261H   LINE      CODE     ---       #55
      0100026AH   LINE      CODE     ---       #56
      01000273H   LINE      CODE     ---       #57
      0100027CH   LINE      CODE     ---       #58
      01000285H   LINE      CODE     ---       #59
      0100028EH   LINE      CODE     ---       #60
      01000297H   LINE      CODE     ---       #61
      0100029EH   LINE      CODE     ---       #63
      0100029EH   LINE      CODE     ---       #64
      0100029EH   LINE      CODE     ---       #65
      010002A3H   LINE      CODE     ---       #66
      010002ACH   LINE      CODE     ---       #67
      010002AFH   LINE      CODE     ---       #68
      010002AFH   LINE      CODE     ---       #69
      010002B2H   LINE      CODE     ---       #70
      010002C9H   LINE      CODE     ---       #71
      010002D7H   LINE      CODE     ---       #72
      010002E9H   LINE      CODE     ---       #73
      010002E9H   LINE      CODE     ---       #74
      ---         BLOCKEND  ---      ---       LVL=0

      ---         MODULE    ---      ---       DELAY
      01000AA0H   PUBLIC    CODE     ---       _delay_ms
      01000A63H   PUBLIC    CODE     ---       delay_1ms
      00000091H   SFRSYM    DATA     BYTE      P1M0
      00000094H   SFRSYM    DATA     BYTE      P0M1
      00000095H   SFRSYM    DATA     BYTE      P2M0
      00000092H   SFRSYM    DATA     BYTE      P1M1
      000000B1H   SFRSYM    DATA     BYTE      P3M0
      00000096H   SFRSYM    DATA     BYTE      P2M1
      000000B2H   SFRSYM    DATA     BYTE      P3M1
      00000093H   SFRSYM    DATA     BYTE      P0M0

      01000A63H   BLOCK     CODE     ---       LVL=0
      01000A63H   BLOCK     CODE     NEAR LAB  LVL=1
      00000006H   SYMBOL    DATA     WORD      Ms
      00000004H   SYMBOL    DATA     WORD      j
      ---         BLOCKEND  ---      ---       LVL=1
      01000A63H   LINE      CODE     ---       #35
      01000A63H   LINE      CODE     ---       #36
      01000A63H   LINE      CODE     ---       #37
      01000A67H   LINE      CODE     ---       #38
      01000A6BH   LINE      CODE     ---       #40
      01000A75H   LINE      CODE     ---       #41
LX51 LINKER/LOCATER V4.66.41.0                                                        08/10/2018  11:14:35  PAGE 12


      01000A75H   LINE      CODE     ---       #42
      01000A81H   LINE      CODE     ---       #44
      ---         BLOCKEND  ---      ---       LVL=0

      01000AA0H   BLOCK     CODE     ---       LVL=0
      0200008FH   SYMBOL    XDATA    WORD      Ms
      01000AA0H   LINE      CODE     ---       #53
      01000AA8H   LINE      CODE     ---       #54
      01000AA8H   LINE      CODE     ---       #55
      01000AB6H   LINE      CODE     ---       #56
      01000AB6H   LINE      CODE     ---       #57
      01000AB9H   LINE      CODE     ---       #58
      01000ABBH   LINE      CODE     ---       #59
      ---         BLOCKEND  ---      ---       LVL=0

      ---         MODULE    ---      ---       UART
      01000ABCH   PUBLIC    CODE     ---       _drv_uart_tx_bytes
      00000091H   SFRSYM    DATA     BYTE      P1M0
      00000094H   SFRSYM    DATA     BYTE      P0M1
      00000095H   SFRSYM    DATA     BYTE      P2M0
      00000092H   SFRSYM    DATA     BYTE      P1M1
      00000080H   SFRSYM    DATA     BYTE      P0
      000000B1H   SFRSYM    DATA     BYTE      P3M0
      00000096H   SFRSYM    DATA     BYTE      P2M1
      00000090H   SFRSYM    DATA     BYTE      P1
      000000B2H   SFRSYM    DATA     BYTE      P3M1
      000000A0H   SFRSYM    DATA     BYTE      P2
      000000B0H   SFRSYM    DATA     BYTE      P3
      000000B0H.4 SFRSYM    DATA     BIT       T0
      000000D0H.6 SFRSYM    DATA     BIT       AC
      000000B0H.5 SFRSYM    DATA     BIT       T1
      00000090H   SFRSYM    DATA     BIT       T2
      000000A8H.7 SFRSYM    DATA     BIT       EA
      00000090H.2 SFRSYM    DATA     BIT       SPI_MISO
      00000090H.4 SFRSYM    DATA     BIT       SPI_MOSI
      000000A8H   SFRSYM    DATA     BYTE      IE
      00000090H   SFRSYM    DATA     BIT       RF24L01_CE
      000000C8H.6 SFRSYM    DATA     BIT       EXF2
      000000B0H.7 SFRSYM    DATA     BIT       RD
      000000A8H.4 SFRSYM    DATA     BIT       ES
      000000B8H   SFRSYM    DATA     BYTE      IP
      00000098H   SFRSYM    DATA     BIT       RI
      000000B0H.2 SFRSYM    DATA     BIT       INT0
      000000D0H.7 SFRSYM    DATA     BIT       CY
      00000098H.1 SFRSYM    DATA     BIT       TI
      000000B0H.3 SFRSYM    DATA     BIT       INT1
      000000CBH   SFRSYM    DATA     BYTE      RCAP2H
      000000B8H.4 SFRSYM    DATA     BIT       PS
      00000081H   SFRSYM    DATA     BYTE      SP
      00000090H.1 SFRSYM    DATA     BIT       T2EX
      000000D0H.2 SFRSYM    DATA     BIT       OV
      000000CAH   SFRSYM    DATA     BYTE      RCAP2L
      000000C8H.1 SFRSYM    DATA     BIT       C_T2
      000000B0H.6 SFRSYM    DATA     BIT       WR
      000000C8H.5 SFRSYM    DATA     BIT       RCLK
      00000090H.1 SFRSYM    DATA     BIT       SPI_SCK
      000000C8H.4 SFRSYM    DATA     BIT       TCLK
      00000099H   SFRSYM    DATA     BYTE      SBUF
      00000087H   SFRSYM    DATA     BYTE      PCON
      00000098H   SFRSYM    DATA     BYTE      SCON
      00000090H.7 SFRSYM    DATA     BIT       OLED_SDIN
      00000089H   SFRSYM    DATA     BYTE      TMOD
      00000088H   SFRSYM    DATA     BYTE      TCON
      00000088H.1 SFRSYM    DATA     BIT       IE0
      00000088H.3 SFRSYM    DATA     BIT       IE1
LX51 LINKER/LOCATER V4.66.41.0                                                        08/10/2018  11:14:35  PAGE 13


      000000F0H   SFRSYM    DATA     BYTE      B
      00000090H.3 SFRSYM    DATA     BIT       SPI_NSS
      000000C8H   SFRSYM    DATA     BIT       CP_RL2
      000000E0H   SFRSYM    DATA     BYTE      ACC
      000000B0H   SFRSYM    DATA     BIT       UART_RX
      000000A8H.1 SFRSYM    DATA     BIT       ET0
      000000B0H.1 SFRSYM    DATA     BIT       UART_TX
      000000A8H.3 SFRSYM    DATA     BIT       ET1
      00000088H.5 SFRSYM    DATA     BIT       TF0
      000000A8H.5 SFRSYM    DATA     BIT       ET2
      00000088H.7 SFRSYM    DATA     BIT       TF1
      000000C8H.7 SFRSYM    DATA     BIT       TF2
      00000098H.2 SFRSYM    DATA     BIT       RB8
      0000008CH   SFRSYM    DATA     BYTE      TH0
      000000A8H   SFRSYM    DATA     BIT       EX0
      00000088H   SFRSYM    DATA     BIT       IT0
      0000008DH   SFRSYM    DATA     BYTE      TH1
      00000098H.3 SFRSYM    DATA     BIT       TB8
      000000A8H.2 SFRSYM    DATA     BIT       EX1
      00000088H.2 SFRSYM    DATA     BIT       IT1
      000000CDH   SFRSYM    DATA     BYTE      TH2
      000000D0H   SFRSYM    DATA     BIT       P
      00000098H.7 SFRSYM    DATA     BIT       SM0
      0000008AH   SFRSYM    DATA     BYTE      TL0
      00000098H.6 SFRSYM    DATA     BIT       SM1
      0000008BH   SFRSYM    DATA     BYTE      TL1
      00000098H.5 SFRSYM    DATA     BIT       SM2
      000000CCH   SFRSYM    DATA     BYTE      TL2
      000000B8H.1 SFRSYM    DATA     BIT       PT0
      000000B8H.3 SFRSYM    DATA     BIT       PT1
      000000D0H.3 SFRSYM    DATA     BIT       RS0
      000000B8H.5 SFRSYM    DATA     BIT       PT2
      00000088H.4 SFRSYM    DATA     BIT       TR0
      000000D0H.4 SFRSYM    DATA     BIT       RS1
      00000088H.6 SFRSYM    DATA     BIT       TR1
      000000C8H.2 SFRSYM    DATA     BIT       TR2
      000000B8H   SFRSYM    DATA     BIT       PX0
      000000B8H.2 SFRSYM    DATA     BIT       PX1
      00000083H   SFRSYM    DATA     BYTE      DPH
      00000082H   SFRSYM    DATA     BYTE      DPL
      000000C8H.3 SFRSYM    DATA     BIT       EXEN2
      00000098H.4 SFRSYM    DATA     BIT       REN
      000000C8H   SFRSYM    DATA     BYTE      T2CON
      00000090H.6 SFRSYM    DATA     BIT       OLED_SCL
      000000B0H   SFRSYM    DATA     BIT       RXD
      000000B0H.1 SFRSYM    DATA     BIT       TXD
      000000D0H.5 SFRSYM    DATA     BIT       F0
      00000090H.5 SFRSYM    DATA     BIT       RF24L01_IRQ
      000000D0H   SFRSYM    DATA     BYTE      PSW
      00000093H   SFRSYM    DATA     BYTE      P0M0

      01000ABCH   BLOCK     CODE     ---       LVL=0
      00000001H   SYMBOL    DATA     ---       TxBuffer
      00000005H   SYMBOL    DATA     BYTE      Length
      01000ABCH   LINE      CODE     ---       #68
      01000ABCH   LINE      CODE     ---       #69
      01000ABCH   LINE      CODE     ---       #70
      01000AC2H   LINE      CODE     ---       #71
      01000AC2H   LINE      CODE     ---       #72
      01000AC5H   LINE      CODE     ---       #73
      01000AC7H   LINE      CODE     ---       #74
      01000ACCH   LINE      CODE     ---       #75
      01000AD3H   LINE      CODE     ---       #76
      01000AD5H   LINE      CODE     ---       #77
      ---         BLOCKEND  ---      ---       LVL=0
LX51 LINKER/LOCATER V4.66.41.0                                                        08/10/2018  11:14:35  PAGE 14


      00000001H   SYMBOL    DATA     ---       RxBuffer
      00000006H   SYMBOL    DATA     WORD      l_UartRxTimOut

      ---         MODULE    ---      ---       SPI
      01000907H   PUBLIC    CODE     ---       _drv_spi_read_write_byte
      01000A82H   PUBLIC    CODE     ---       drv_spi_init
      00000091H   SFRSYM    DATA     BYTE      P1M0
      00000094H   SFRSYM    DATA     BYTE      P0M1
      00000095H   SFRSYM    DATA     BYTE      P2M0
      00000092H   SFRSYM    DATA     BYTE      P1M1
      00000080H   SFRSYM    DATA     BYTE      P0
      000000B1H   SFRSYM    DATA     BYTE      P3M0
      00000096H   SFRSYM    DATA     BYTE      P2M1
      00000090H   SFRSYM    DATA     BYTE      P1
      000000B2H   SFRSYM    DATA     BYTE      P3M1
      000000A0H   SFRSYM    DATA     BYTE      P2
      000000B0H   SFRSYM    DATA     BYTE      P3
      000000B0H.4 SFRSYM    DATA     BIT       T0
      000000D0H.6 SFRSYM    DATA     BIT       AC
      000000B0H.5 SFRSYM    DATA     BIT       T1
      00000090H   SFRSYM    DATA     BIT       T2
      000000A8H.7 SFRSYM    DATA     BIT       EA
      00000090H.2 SFRSYM    DATA     BIT       SPI_MISO
      00000090H.4 SFRSYM    DATA     BIT       SPI_MOSI
      000000A8H   SFRSYM    DATA     BYTE      IE
      000000C8H.6 SFRSYM    DATA     BIT       EXF2
      000000B0H.7 SFRSYM    DATA     BIT       RD
      000000A8H.4 SFRSYM    DATA     BIT       ES
      000000B8H   SFRSYM    DATA     BYTE      IP
      00000098H   SFRSYM    DATA     BIT       RI
      000000B0H.2 SFRSYM    DATA     BIT       INT0
      000000D0H.7 SFRSYM    DATA     BIT       CY
      00000098H.1 SFRSYM    DATA     BIT       TI
      000000B0H.3 SFRSYM    DATA     BIT       INT1
      000000CBH   SFRSYM    DATA     BYTE      RCAP2H
      000000B8H.4 SFRSYM    DATA     BIT       PS
      00000081H   SFRSYM    DATA     BYTE      SP
      00000090H.1 SFRSYM    DATA     BIT       T2EX
      000000D0H.2 SFRSYM    DATA     BIT       OV
      000000CAH   SFRSYM    DATA     BYTE      RCAP2L
      000000C8H.1 SFRSYM    DATA     BIT       C_T2
      000000B0H.6 SFRSYM    DATA     BIT       WR
      000000C8H.5 SFRSYM    DATA     BIT       RCLK
      00000090H.1 SFRSYM    DATA     BIT       SPI_SCK
      000000C8H.4 SFRSYM    DATA     BIT       TCLK
      00000099H   SFRSYM    DATA     BYTE      SBUF
      00000087H   SFRSYM    DATA     BYTE      PCON
      00000098H   SFRSYM    DATA     BYTE      SCON
      00000089H   SFRSYM    DATA     BYTE      TMOD
      00000088H   SFRSYM    DATA     BYTE      TCON
      00000088H.1 SFRSYM    DATA     BIT       IE0
      00000088H.3 SFRSYM    DATA     BIT       IE1
      000000F0H   SFRSYM    DATA     BYTE      B
      00000090H.3 SFRSYM    DATA     BIT       SPI_NSS
      000000C8H   SFRSYM    DATA     BIT       CP_RL2
      000000E0H   SFRSYM    DATA     BYTE      ACC
      000000A8H.1 SFRSYM    DATA     BIT       ET0
      000000A8H.3 SFRSYM    DATA     BIT       ET1
      00000088H.5 SFRSYM    DATA     BIT       TF0
      000000A8H.5 SFRSYM    DATA     BIT       ET2
      00000088H.7 SFRSYM    DATA     BIT       TF1
      000000C8H.7 SFRSYM    DATA     BIT       TF2
      00000098H.2 SFRSYM    DATA     BIT       RB8
      0000008CH   SFRSYM    DATA     BYTE      TH0
      000000A8H   SFRSYM    DATA     BIT       EX0
LX51 LINKER/LOCATER V4.66.41.0                                                        08/10/2018  11:14:35  PAGE 15


      00000088H   SFRSYM    DATA     BIT       IT0
      0000008DH   SFRSYM    DATA     BYTE      TH1
      00000098H.3 SFRSYM    DATA     BIT       TB8
      000000A8H.2 SFRSYM    DATA     BIT       EX1
      00000088H.2 SFRSYM    DATA     BIT       IT1
      000000CDH   SFRSYM    DATA     BYTE      TH2
      000000D0H   SFRSYM    DATA     BIT       P
      00000098H.7 SFRSYM    DATA     BIT       SM0
      0000008AH   SFRSYM    DATA     BYTE      TL0
      00000098H.6 SFRSYM    DATA     BIT       SM1
      0000008BH   SFRSYM    DATA     BYTE      TL1
      00000098H.5 SFRSYM    DATA     BIT       SM2
      000000CCH   SFRSYM    DATA     BYTE      TL2
      000000B8H.1 SFRSYM    DATA     BIT       PT0
      000000B8H.3 SFRSYM    DATA     BIT       PT1
      000000D0H.3 SFRSYM    DATA     BIT       RS0
      000000B8H.5 SFRSYM    DATA     BIT       PT2
      00000088H.4 SFRSYM    DATA     BIT       TR0
      000000D0H.4 SFRSYM    DATA     BIT       RS1
      00000088H.6 SFRSYM    DATA     BIT       TR1
      000000C8H.2 SFRSYM    DATA     BIT       TR2
      000000B8H   SFRSYM    DATA     BIT       PX0
      000000B8H.2 SFRSYM    DATA     BIT       PX1
      00000083H   SFRSYM    DATA     BYTE      DPH
      00000082H   SFRSYM    DATA     BYTE      DPL
      000000C8H.3 SFRSYM    DATA     BIT       EXEN2
      00000098H.4 SFRSYM    DATA     BIT       REN
      000000C8H   SFRSYM    DATA     BYTE      T2CON
      000000B0H   SFRSYM    DATA     BIT       RXD
      000000B0H.1 SFRSYM    DATA     BIT       TXD
      000000D0H.5 SFRSYM    DATA     BIT       F0
      000000D0H   SFRSYM    DATA     BYTE      PSW
      00000093H   SFRSYM    DATA     BYTE      P0M0

      01000A82H   BLOCK     CODE     ---       LVL=0
      01000A82H   LINE      CODE     ---       #36
      01000A82H   LINE      CODE     ---       #37
      01000A82H   LINE      CODE     ---       #40
      01000A85H   LINE      CODE     ---       #41
      01000A88H   LINE      CODE     ---       #43
      01000A8AH   LINE      CODE     ---       #44
      01000A8DH   LINE      CODE     ---       #46
      01000A8FH   LINE      CODE     ---       #47
      01000A92H   LINE      CODE     ---       #50
      01000A95H   LINE      CODE     ---       #51
      01000A97H   LINE      CODE     ---       #54
      01000A99H   LINE      CODE     ---       #56
      01000A9BH   LINE      CODE     ---       #57
      01000A9DH   LINE      CODE     ---       #58
      01000A9FH   LINE      CODE     ---       #59
      ---         BLOCKEND  ---      ---       LVL=0

      01000907H   BLOCK     CODE     ---       LVL=0
      00000007H   SYMBOL    DATA     BYTE      TxByte
      01000907H   BLOCK     CODE     NEAR LAB  LVL=1
      00000006H   SYMBOL    DATA     BYTE      i
      00000005H   SYMBOL    DATA     BYTE      Data
      ---         BLOCKEND  ---      ---       LVL=1
      01000907H   LINE      CODE     ---       #68
      01000907H   LINE      CODE     ---       #69
      01000907H   LINE      CODE     ---       #70
      0100090AH   LINE      CODE     ---       #72
      0100090CH   LINE      CODE     ---       #74
      0100090CH   LINE      CODE     ---       #75
      0100090CH   LINE      CODE     ---       #77
LX51 LINKER/LOCATER V4.66.41.0                                                        08/10/2018  11:14:35  PAGE 16


      01000910H   LINE      CODE     ---       #78
      01000910H   LINE      CODE     ---       #79
      01000912H   LINE      CODE     ---       #80
      01000914H   LINE      CODE     ---       #82
      01000914H   LINE      CODE     ---       #83
      01000916H   LINE      CODE     ---       #84
      01000916H   LINE      CODE     ---       #85
      0100091AH   LINE      CODE     ---       #86
      0100091CH   LINE      CODE     ---       #87
      0100091DH   LINE      CODE     ---       #90
      01000921H   LINE      CODE     ---       #91
      0100092BH   LINE      CODE     ---       #92
      0100092BH   LINE      CODE     ---       #93
      0100092FH   LINE      CODE     ---       #94
      0100092FH   LINE      CODE     ---       #96
      01000931H   LINE      CODE     ---       #97
      01000932H   LINE      CODE     ---       #98
      01000937H   LINE      CODE     ---       #100
      01000939H   LINE      CODE     ---       #101
      ---         BLOCKEND  ---      ---       LVL=0

      ---         MODULE    ---      ---       OLED
      0100138AH   PUBLIC    CONST    ---       Hzk
      01000D9AH   PUBLIC    CONST    ---       F8X16
      01000B72H   PUBLIC    CONST    ---       F6x8
      010002EBH   PUBLIC    CODE     ---       OLED_Init
      010005CAH   PUBLIC    CODE     ---       _OLED_ShowCHinese
      02000085H   PUBLIC    XDATA    BYTE      ?_OLED_ShowString?BYTE
      010007E4H   PUBLIC    CODE     ---       _OLED_ShowString
      0200008CH   PUBLIC    XDATA    BYTE      ?_OLED_ShowChar?BYTE
      010003CBH   PUBLIC    CODE     ---       _OLED_ShowChar
      01000A17H   PUBLIC    CODE     ---       OLED_Clear
      010008DBH   PUBLIC    CODE     ---       _OLED_Set_Pos
      010009B7H   PUBLIC    CODE     ---       _OLED_WR_Byte
      01000B32H   PUBLIC    CODE     ---       _Write_IIC_Data
      01000B24H   PUBLIC    CODE     ---       _Write_IIC_Command
      010009F7H   PUBLIC    CODE     ---       _Write_IIC_Byte
      01000B10H   PUBLIC    CODE     ---       IIC_Wait_Ack
      01000B6BH   PUBLIC    CODE     ---       IIC_Stop
      01000B62H   PUBLIC    CODE     ---       IIC_Start
      00000091H   SFRSYM    DATA     BYTE      P1M0
      00000094H   SFRSYM    DATA     BYTE      P0M1
      00000095H   SFRSYM    DATA     BYTE      P2M0
      00000092H   SFRSYM    DATA     BYTE      P1M1
      00000080H   SFRSYM    DATA     BYTE      P0
      000000B1H   SFRSYM    DATA     BYTE      P3M0
      00000096H   SFRSYM    DATA     BYTE      P2M1
      00000090H   SFRSYM    DATA     BYTE      P1
      000000B2H   SFRSYM    DATA     BYTE      P3M1
      000000A0H   SFRSYM    DATA     BYTE      P2
      000000B0H   SFRSYM    DATA     BYTE      P3
      000000B0H.4 SFRSYM    DATA     BIT       T0
      000000D0H.6 SFRSYM    DATA     BIT       AC
      000000B0H.5 SFRSYM    DATA     BIT       T1
      00000090H   SFRSYM    DATA     BIT       T2
      000000A8H.7 SFRSYM    DATA     BIT       EA
      00000090H.2 SFRSYM    DATA     BIT       SPI_MISO
      00000090H.4 SFRSYM    DATA     BIT       SPI_MOSI
      000000A8H   SFRSYM    DATA     BYTE      IE
      00000090H   SFRSYM    DATA     BIT       RF24L01_CE
      000000C8H.6 SFRSYM    DATA     BIT       EXF2
      000000B0H.7 SFRSYM    DATA     BIT       RD
      000000A8H.4 SFRSYM    DATA     BIT       ES
      000000B8H   SFRSYM    DATA     BYTE      IP
      00000098H   SFRSYM    DATA     BIT       RI
LX51 LINKER/LOCATER V4.66.41.0                                                        08/10/2018  11:14:35  PAGE 17


      000000B0H.2 SFRSYM    DATA     BIT       INT0
      000000D0H.7 SFRSYM    DATA     BIT       CY
      00000098H.1 SFRSYM    DATA     BIT       TI
      000000B0H.3 SFRSYM    DATA     BIT       INT1
      000000CBH   SFRSYM    DATA     BYTE      RCAP2H
      000000B8H.4 SFRSYM    DATA     BIT       PS
      00000081H   SFRSYM    DATA     BYTE      SP
      00000090H.1 SFRSYM    DATA     BIT       T2EX
      000000D0H.2 SFRSYM    DATA     BIT       OV
      000000CAH   SFRSYM    DATA     BYTE      RCAP2L
      000000C8H.1 SFRSYM    DATA     BIT       C_T2
      000000B0H.6 SFRSYM    DATA     BIT       WR
      000000C8H.5 SFRSYM    DATA     BIT       RCLK
      00000090H.1 SFRSYM    DATA     BIT       SPI_SCK
      000000C8H.4 SFRSYM    DATA     BIT       TCLK
      00000099H   SFRSYM    DATA     BYTE      SBUF
      00000087H   SFRSYM    DATA     BYTE      PCON
      00000098H   SFRSYM    DATA     BYTE      SCON
      00000090H.7 SFRSYM    DATA     BIT       OLED_SDIN
      00000089H   SFRSYM    DATA     BYTE      TMOD
      00000088H   SFRSYM    DATA     BYTE      TCON
      00000088H.1 SFRSYM    DATA     BIT       IE0
      00000088H.3 SFRSYM    DATA     BIT       IE1
      000000F0H   SFRSYM    DATA     BYTE      B
      00000090H.3 SFRSYM    DATA     BIT       SPI_NSS
      000000C8H   SFRSYM    DATA     BIT       CP_RL2
      000000E0H   SFRSYM    DATA     BYTE      ACC
      000000B0H   SFRSYM    DATA     BIT       UART_RX
      000000A8H.1 SFRSYM    DATA     BIT       ET0
      000000B0H.1 SFRSYM    DATA     BIT       UART_TX
      000000A8H.3 SFRSYM    DATA     BIT       ET1
      00000088H.5 SFRSYM    DATA     BIT       TF0
      000000A8H.5 SFRSYM    DATA     BIT       ET2
      00000088H.7 SFRSYM    DATA     BIT       TF1
      000000C8H.7 SFRSYM    DATA     BIT       TF2
      00000098H.2 SFRSYM    DATA     BIT       RB8
      0000008CH   SFRSYM    DATA     BYTE      TH0
      000000A8H   SFRSYM    DATA     BIT       EX0
      00000088H   SFRSYM    DATA     BIT       IT0
      0000008DH   SFRSYM    DATA     BYTE      TH1
      00000098H.3 SFRSYM    DATA     BIT       TB8
      000000A8H.2 SFRSYM    DATA     BIT       EX1
      00000088H.2 SFRSYM    DATA     BIT       IT1
      000000CDH   SFRSYM    DATA     BYTE      TH2
      000000D0H   SFRSYM    DATA     BIT       P
      00000098H.7 SFRSYM    DATA     BIT       SM0
      0000008AH   SFRSYM    DATA     BYTE      TL0
      00000098H.6 SFRSYM    DATA     BIT       SM1
      0000008BH   SFRSYM    DATA     BYTE      TL1
      00000098H.5 SFRSYM    DATA     BIT       SM2
      000000CCH   SFRSYM    DATA     BYTE      TL2
      000000B8H.1 SFRSYM    DATA     BIT       PT0
      000000B8H.3 SFRSYM    DATA     BIT       PT1
      000000D0H.3 SFRSYM    DATA     BIT       RS0
      000000B8H.5 SFRSYM    DATA     BIT       PT2
      00000088H.4 SFRSYM    DATA     BIT       TR0
      000000D0H.4 SFRSYM    DATA     BIT       RS1
      00000088H.6 SFRSYM    DATA     BIT       TR1
      000000C8H.2 SFRSYM    DATA     BIT       TR2
      000000B8H   SFRSYM    DATA     BIT       PX0
      000000B8H.2 SFRSYM    DATA     BIT       PX1
      00000083H   SFRSYM    DATA     BYTE      DPH
      00000082H   SFRSYM    DATA     BYTE      DPL
      000000C8H.3 SFRSYM    DATA     BIT       EXEN2
      00000098H.4 SFRSYM    DATA     BIT       REN
LX51 LINKER/LOCATER V4.66.41.0                                                        08/10/2018  11:14:35  PAGE 18


      000000C8H   SFRSYM    DATA     BYTE      T2CON
      00000090H.6 SFRSYM    DATA     BIT       OLED_SCL
      000000B0H   SFRSYM    DATA     BIT       RXD
      000000B0H.1 SFRSYM    DATA     BIT       TXD
      000000D0H.5 SFRSYM    DATA     BIT       F0
      00000090H.5 SFRSYM    DATA     BIT       RF24L01_IRQ
      000000D0H   SFRSYM    DATA     BYTE      PSW
      00000093H   SFRSYM    DATA     BYTE      P0M0

      01000B62H   BLOCK     CODE     ---       LVL=0
      01000B62H   LINE      CODE     ---       #30
      01000B62H   LINE      CODE     ---       #31
      01000B62H   LINE      CODE     ---       #33
      01000B64H   LINE      CODE     ---       #34
      01000B66H   LINE      CODE     ---       #35
      01000B68H   LINE      CODE     ---       #36
      01000B6AH   LINE      CODE     ---       #37
      ---         BLOCKEND  ---      ---       LVL=0

      01000B6BH   BLOCK     CODE     ---       LVL=0
      01000B6BH   LINE      CODE     ---       #42
      01000B6BH   LINE      CODE     ---       #43
      01000B6BH   LINE      CODE     ---       #44
      01000B6DH   LINE      CODE     ---       #46
      01000B6FH   LINE      CODE     ---       #47
      01000B71H   LINE      CODE     ---       #49
      ---         BLOCKEND  ---      ---       LVL=0

      01000B05H   BLOCK     CODE     ---       LVL=0
      ---         BLOCKEND  ---      ---       LVL=0

      01000B10H   BLOCK     CODE     ---       LVL=0
      01000B10H   LINE      CODE     ---       #51
      01000B10H   LINE      CODE     ---       #52
      01000B10H   LINE      CODE     ---       #70
      01000B12H   LINE      CODE     ---       #71
      01000B14H   LINE      CODE     ---       #72
      ---         BLOCKEND  ---      ---       LVL=0

      010009F0H   BLOCK     CODE     ---       LVL=0
      ---         BLOCKEND  ---      ---       LVL=0

      010009F7H   BLOCK     CODE     ---       LVL=0
      00000007H   SYMBOL    DATA     BYTE      IIC_Byte
      00000006H   SYMBOL    DATA     BYTE      i
      00000005H   SYMBOL    DATA     BYTE      m
      00000007H   SYMBOL    DATA     BYTE      da
      010009F7H   BLOCK     CODE     NEAR LAB  LVL=1
      00000006H   SYMBOL    DATA     BYTE      i
      00000005H   SYMBOL    DATA     BYTE      m
      00000007H   SYMBOL    DATA     BYTE      da
      ---         BLOCKEND  ---      ---       LVL=1
      010009F7H   LINE      CODE     ---       #77
      010009F7H   LINE      CODE     ---       #78
      010009F7H   LINE      CODE     ---       #81
      010009F7H   LINE      CODE     ---       #82
      010009F9H   LINE      CODE     ---       #83
      010009FBH   LINE      CODE     ---       #84
      010009FBH   LINE      CODE     ---       #85
      010009FDH   LINE      CODE     ---       #87
      01000A00H   LINE      CODE     ---       #88
      01000A03H   LINE      CODE     ---       #89
      01000A07H   LINE      CODE     ---       #90
      01000A09H   LINE      CODE     ---       #91
      01000A0DH   LINE      CODE     ---       #92
LX51 LINKER/LOCATER V4.66.41.0                                                        08/10/2018  11:14:35  PAGE 19


      01000A0FH   LINE      CODE     ---       #93
      01000A11H   LINE      CODE     ---       #94
      01000A16H   LINE      CODE     ---       #97
      ---         BLOCKEND  ---      ---       LVL=0

      01000B24H   BLOCK     CODE     ---       LVL=0
      00000004H   SYMBOL    DATA     BYTE      IIC_Command
      01000B24H   LINE      CODE     ---       #101
      01000B24H   LINE      CODE     ---       #102
      01000B24H   LINE      CODE     ---       #103
      01000B24H   LINE      CODE     ---       #104
      01000B27H   LINE      CODE     ---       #105
      01000B2AH   LINE      CODE     ---       #106
      01000B2CH   LINE      CODE     ---       #107
      01000B2CH   LINE      CODE     ---       #108
      01000B2CH   LINE      CODE     ---       #109
      01000B2FH   LINE      CODE     ---       #110
      ---         BLOCKEND  ---      ---       LVL=0

      01000B32H   BLOCK     CODE     ---       LVL=0
      00000004H   SYMBOL    DATA     BYTE      IIC_Data
      01000B32H   LINE      CODE     ---       #115
      01000B32H   LINE      CODE     ---       #116
      01000B32H   LINE      CODE     ---       #117
      01000B32H   LINE      CODE     ---       #118
      01000B35H   LINE      CODE     ---       #119
      01000B38H   LINE      CODE     ---       #120
      01000B3AH   LINE      CODE     ---       #121
      01000B3AH   LINE      CODE     ---       #122
      01000B3AH   LINE      CODE     ---       #123
      01000B3DH   LINE      CODE     ---       #124
      ---         BLOCKEND  ---      ---       LVL=0

      0100099CH   BLOCK     CODE     ---       LVL=0
      ---         BLOCKEND  ---      ---       LVL=0

      010009B7H   BLOCK     CODE     ---       LVL=0
      00000002H   SYMBOL    DATA     WORD      dat
      00000004H   SYMBOL    DATA     WORD      cmd
      010009B7H   LINE      CODE     ---       #126
      010009BBH   LINE      CODE     ---       #127
      010009BBH   LINE      CODE     ---       #128
      010009BFH   LINE      CODE     ---       #129
      010009BFH   LINE      CODE     ---       #131
      010009C2H   LINE      CODE     ---       #133
      010009C2H   LINE      CODE     ---       #134
      010009C2H   LINE      CODE     ---       #135
      010009C7H   LINE      CODE     ---       #137
      010009C7H   LINE      CODE     ---       #140
      ---         BLOCKEND  ---      ---       LVL=0
      00000001H   SYMBOL    DATA     BYTE      m
      00000006H   SYMBOL    DATA     WORD      Del_50ms
      00000004H   SYMBOL    DATA     WORD      m
      00000006H   SYMBOL    DATA     WORD      Del_1ms
      00000005H   SYMBOL    DATA     BYTE      j

      010008D3H   BLOCK     CODE     ---       LVL=0
      ---         BLOCKEND  ---      ---       LVL=0

      010008DBH   BLOCK     CODE     ---       LVL=0
      00000001H   SYMBOL    DATA     BYTE      x
      00000005H   SYMBOL    DATA     BYTE      y
      010008DBH   LINE      CODE     ---       #180
      010008DDH   LINE      CODE     ---       #181
      010008EAH   LINE      CODE     ---       #182
LX51 LINKER/LOCATER V4.66.41.0                                                        08/10/2018  11:14:35  PAGE 20


      010008FBH   LINE      CODE     ---       #183
      ---         BLOCKEND  ---      ---       LVL=0

      01000A17H   BLOCK     CODE     ---       LVL=0
      01000A17H   BLOCK     CODE     NEAR LAB  LVL=1
      00000001H   SYMBOL    DATA     BYTE      i
      02000085H   SYMBOL    XDATA    BYTE      n
      ---         BLOCKEND  ---      ---       LVL=1
      01000A17H   LINE      CODE     ---       #200
      01000A17H   LINE      CODE     ---       #201
      01000A17H   LINE      CODE     ---       #203
      01000A19H   LINE      CODE     ---       #204
      01000A19H   LINE      CODE     ---       #205
      01000A19H   LINE      CODE     ---       #206
      01000A19H   LINE      CODE     ---       #207
      01000A1CH   LINE      CODE     ---       #208
      01000A37H   LINE      CODE     ---       #209
      01000A3CH   LINE      CODE     ---       #210
      ---         BLOCKEND  ---      ---       LVL=0
      00000001H   SYMBOL    DATA     BYTE      i
      00000003H   SYMBOL    DATA     BYTE      data1

      010003CBH   BLOCK     CODE     ---       LVL=0
      0200008CH   SYMBOL    XDATA    BYTE      x
      0200008DH   SYMBOL    XDATA    BYTE      y
      00000003H   SYMBOL    DATA     BYTE      chr
      0200008FH   SYMBOL    XDATA    BYTE      Char_Size
      010003D6H   BLOCK     CODE     NEAR LAB  LVL=1
      02000090H   SYMBOL    XDATA    BYTE      c
      00000001H   SYMBOL    DATA     BYTE      i
      ---         BLOCKEND  ---      ---       LVL=1
      010003CBH   LINE      CODE     ---       #270
      010003D6H   LINE      CODE     ---       #271
      010003D6H   LINE      CODE     ---       #272
      010003DCH   LINE      CODE     ---       #273
      010003E0H   LINE      CODE     ---       #274
      010003F0H   LINE      CODE     ---       #275
      010003F8H   LINE      CODE     ---       #276
      010003F8H   LINE      CODE     ---       #277
      01000403H   LINE      CODE     ---       #278
      01000405H   LINE      CODE     ---       #279
      01000432H   LINE      CODE     ---       #280
      0100043EH   LINE      CODE     ---       #281
      01000440H   LINE      CODE     ---       #282
      0100046EH   LINE      CODE     ---       #283
      0100046EH   LINE      CODE     ---       #284
      0100046EH   LINE      CODE     ---       #285
      01000479H   LINE      CODE     ---       #286
      0100047BH   LINE      CODE     ---       #287
      010004A8H   LINE      CODE     ---       #289
      010004A8H   LINE      CODE     ---       #290
      ---         BLOCKEND  ---      ---       LVL=0
      00000001H   SYMBOL    DATA     BYTE      n
      00000006H   SYMBOL    DATA     WORD      result

      010007E4H   BLOCK     CODE     ---       LVL=0
      02000085H   SYMBOL    XDATA    BYTE      x
      02000086H   SYMBOL    XDATA    BYTE      y
      02000087H   SYMBOL    XDATA    ---       chr
      0200008AH   SYMBOL    XDATA    BYTE      Char_Size
      010007F5H   BLOCK     CODE     NEAR LAB  LVL=1
      0200008BH   SYMBOL    XDATA    BYTE      j
      ---         BLOCKEND  ---      ---       LVL=1
      010007E4H   LINE      CODE     ---       #331
      010007F5H   LINE      CODE     ---       #332
LX51 LINKER/LOCATER V4.66.41.0                                                        08/10/2018  11:14:35  PAGE 21


      010007F5H   LINE      CODE     ---       #333
      010007FAH   LINE      CODE     ---       #334
      01000814H   LINE      CODE     ---       #335
      01000827H   LINE      CODE     ---       #336
      0100082EH   LINE      CODE     ---       #337
      0100083BH   LINE      CODE     ---       #338
      01000841H   LINE      CODE     ---       #339
      01000843H   LINE      CODE     ---       #340
      ---         BLOCKEND  ---      ---       LVL=0

      010005CAH   BLOCK     CODE     ---       LVL=0
      02000085H   SYMBOL    XDATA    BYTE      x
      02000086H   SYMBOL    XDATA    BYTE      y
      02000087H   SYMBOL    XDATA    BYTE      no
      010005D7H   BLOCK     CODE     NEAR LAB  LVL=1
      00000001H   SYMBOL    DATA     BYTE      t
      02000088H   SYMBOL    XDATA    BYTE      adder
      ---         BLOCKEND  ---      ---       LVL=1
      010005CAH   LINE      CODE     ---       #342
      010005D7H   LINE      CODE     ---       #343
      010005D7H   LINE      CODE     ---       #344
      010005DCH   LINE      CODE     ---       #345
      010005DFH   LINE      CODE     ---       #346
      010005E1H   LINE      CODE     ---       #347
      010005E1H   LINE      CODE     ---       #348
      01000609H   LINE      CODE     ---       #349
      0100060FH   LINE      CODE     ---       #350
      01000614H   LINE      CODE     ---       #351
      01000620H   LINE      CODE     ---       #352
      01000622H   LINE      CODE     ---       #353
      01000622H   LINE      CODE     ---       #354
      0100064AH   LINE      CODE     ---       #355
      01000650H   LINE      CODE     ---       #356
      01000655H   LINE      CODE     ---       #357
      ---         BLOCKEND  ---      ---       LVL=0
      00000005H   SYMBOL    DATA     BYTE      y0

      010002EBH   BLOCK     CODE     ---       LVL=0
      010002EBH   LINE      CODE     ---       #378
      010002EBH   LINE      CODE     ---       #379
      010002EBH   LINE      CODE     ---       #381
      010002F1H   LINE      CODE     ---       #382
      010002F1H   LINE      CODE     ---       #383
      010002F4H   LINE      CODE     ---       #384
      010002FDH   LINE      CODE     ---       #385
      01000306H   LINE      CODE     ---       #386
      0100030FH   LINE      CODE     ---       #387
      01000318H   LINE      CODE     ---       #388
      01000321H   LINE      CODE     ---       #389
      0100032AH   LINE      CODE     ---       #390
      01000333H   LINE      CODE     ---       #391
      0100033CH   LINE      CODE     ---       #392
      01000345H   LINE      CODE     ---       #393
      0100034EH   LINE      CODE     ---       #394
      01000356H   LINE      CODE     ---       #396
      0100035FH   LINE      CODE     ---       #397
      01000368H   LINE      CODE     ---       #399
      01000371H   LINE      CODE     ---       #400
      0100037AH   LINE      CODE     ---       #402
      01000383H   LINE      CODE     ---       #403
      0100038CH   LINE      CODE     ---       #405
      01000395H   LINE      CODE     ---       #406
      0100039EH   LINE      CODE     ---       #408
      010003A7H   LINE      CODE     ---       #409
      010003B0H   LINE      CODE     ---       #411
LX51 LINKER/LOCATER V4.66.41.0                                                        08/10/2018  11:14:35  PAGE 22


      010003B9H   LINE      CODE     ---       #412
      010003C2H   LINE      CODE     ---       #414
      ---         BLOCKEND  ---      ---       LVL=0

      ---         MODULE    ---      ---       RF24L01
      0200009BH   PUBLIC    XDATA    ---       g_ErrorString
      01000765H   PUBLIC    CODE     ---       RF24L01_Init
      01000B15H   PUBLIC    CODE     ---       NRF24L01_Gpio_Init
      01000656H   PUBLIC    CODE     ---       _NRF24L01_RxPacket
      01000A3DH   PUBLIC    CODE     ---       _RF24L01_Set_Mode
      010006DEH   PUBLIC    CODE     ---       NRF24L01_check
      02000090H   PUBLIC    XDATA    BYTE      ?_NRF24L01_Set_RxAddr?BYTE
      0100096CH   PUBLIC    CODE     ---       _NRF24L01_Set_RxAddr
      01000AEFH   PUBLIC    CODE     ---       _NRF24L01_Set_TxAddr
      0100093AH   PUBLIC    CODE     ---       _NRF24L01_Clear_IRQ_Flag
      01000B58H   PUBLIC    CODE     ---       NRF24L01_Read_Status_Register
      02000095H   PUBLIC    XDATA    BYTE      ?_NRF24L01_Write_Buf?BYTE
      0100088CH   PUBLIC    CODE     ---       _NRF24L01_Write_Buf
      01000AD6H   PUBLIC    CODE     ---       _NRF24L01_Write_Reg
      0200008FH   PUBLIC    XDATA    BYTE      ?_NRF24L01_Read_Buf?BYTE
      01000844H   PUBLIC    CODE     ---       _NRF24L01_Read_Buf
      01000B40H   PUBLIC    CODE     ---       _NRF24L01_Read_Reg
      00000091H   SFRSYM    DATA     BYTE      P1M0
      00000094H   SFRSYM    DATA     BYTE      P0M1
      00000095H   SFRSYM    DATA     BYTE      P2M0
      00000092H   SFRSYM    DATA     BYTE      P1M1
      00000080H   SFRSYM    DATA     BYTE      P0
      000000B1H   SFRSYM    DATA     BYTE      P3M0
      00000096H   SFRSYM    DATA     BYTE      P2M1
      00000090H   SFRSYM    DATA     BYTE      P1
      000000B2H   SFRSYM    DATA     BYTE      P3M1
      000000A0H   SFRSYM    DATA     BYTE      P2
      000000B0H   SFRSYM    DATA     BYTE      P3
      000000B0H.4 SFRSYM    DATA     BIT       T0
      000000D0H.6 SFRSYM    DATA     BIT       AC
      000000B0H.5 SFRSYM    DATA     BIT       T1
      00000090H   SFRSYM    DATA     BIT       T2
      000000A8H.7 SFRSYM    DATA     BIT       EA
      00000090H.2 SFRSYM    DATA     BIT       SPI_MISO
      00000090H.4 SFRSYM    DATA     BIT       SPI_MOSI
      000000A8H   SFRSYM    DATA     BYTE      IE
      00000090H   SFRSYM    DATA     BIT       RF24L01_CE
      000000C8H.6 SFRSYM    DATA     BIT       EXF2
      000000B0H.7 SFRSYM    DATA     BIT       RD
      000000A8H.4 SFRSYM    DATA     BIT       ES
      000000B8H   SFRSYM    DATA     BYTE      IP
      00000098H   SFRSYM    DATA     BIT       RI
      000000B0H.2 SFRSYM    DATA     BIT       INT0
      000000D0H.7 SFRSYM    DATA     BIT       CY
      00000098H.1 SFRSYM    DATA     BIT       TI
      000000B0H.3 SFRSYM    DATA     BIT       INT1
      000000CBH   SFRSYM    DATA     BYTE      RCAP2H
      000000B8H.4 SFRSYM    DATA     BIT       PS
      00000081H   SFRSYM    DATA     BYTE      SP
      00000090H.1 SFRSYM    DATA     BIT       T2EX
      000000D0H.2 SFRSYM    DATA     BIT       OV
      000000CAH   SFRSYM    DATA     BYTE      RCAP2L
      000000C8H.1 SFRSYM    DATA     BIT       C_T2
      000000B0H.6 SFRSYM    DATA     BIT       WR
      000000C8H.5 SFRSYM    DATA     BIT       RCLK
      00000090H.1 SFRSYM    DATA     BIT       SPI_SCK
      000000C8H.4 SFRSYM    DATA     BIT       TCLK
      00000099H   SFRSYM    DATA     BYTE      SBUF
      00000087H   SFRSYM    DATA     BYTE      PCON
      00000098H   SFRSYM    DATA     BYTE      SCON
LX51 LINKER/LOCATER V4.66.41.0                                                        08/10/2018  11:14:35  PAGE 23


      00000090H.7 SFRSYM    DATA     BIT       OLED_SDIN
      00000089H   SFRSYM    DATA     BYTE      TMOD
      00000088H   SFRSYM    DATA     BYTE      TCON
      00000088H.1 SFRSYM    DATA     BIT       IE0
      00000088H.3 SFRSYM    DATA     BIT       IE1
      000000F0H   SFRSYM    DATA     BYTE      B
      00000090H.3 SFRSYM    DATA     BIT       SPI_NSS
      000000C8H   SFRSYM    DATA     BIT       CP_RL2
      000000E0H   SFRSYM    DATA     BYTE      ACC
      000000B0H   SFRSYM    DATA     BIT       UART_RX
      000000A8H.1 SFRSYM    DATA     BIT       ET0
      000000B0H.1 SFRSYM    DATA     BIT       UART_TX
      000000A8H.3 SFRSYM    DATA     BIT       ET1
      00000088H.5 SFRSYM    DATA     BIT       TF0
      000000A8H.5 SFRSYM    DATA     BIT       ET2
      00000088H.7 SFRSYM    DATA     BIT       TF1
      000000C8H.7 SFRSYM    DATA     BIT       TF2
      00000098H.2 SFRSYM    DATA     BIT       RB8
      0000008CH   SFRSYM    DATA     BYTE      TH0
      000000A8H   SFRSYM    DATA     BIT       EX0
      00000088H   SFRSYM    DATA     BIT       IT0
      0000008DH   SFRSYM    DATA     BYTE      TH1
      00000098H.3 SFRSYM    DATA     BIT       TB8
      000000A8H.2 SFRSYM    DATA     BIT       EX1
      00000088H.2 SFRSYM    DATA     BIT       IT1
      000000CDH   SFRSYM    DATA     BYTE      TH2
      000000D0H   SFRSYM    DATA     BIT       P
      00000098H.7 SFRSYM    DATA     BIT       SM0
      0000008AH   SFRSYM    DATA     BYTE      TL0
      00000098H.6 SFRSYM    DATA     BIT       SM1
      0000008BH   SFRSYM    DATA     BYTE      TL1
      00000098H.5 SFRSYM    DATA     BIT       SM2
      000000CCH   SFRSYM    DATA     BYTE      TL2
      000000B8H.1 SFRSYM    DATA     BIT       PT0
      000000B8H.3 SFRSYM    DATA     BIT       PT1
      000000D0H.3 SFRSYM    DATA     BIT       RS0
      000000B8H.5 SFRSYM    DATA     BIT       PT2
      00000088H.4 SFRSYM    DATA     BIT       TR0
      000000D0H.4 SFRSYM    DATA     BIT       RS1
      00000088H.6 SFRSYM    DATA     BIT       TR1
      000000C8H.2 SFRSYM    DATA     BIT       TR2
      000000B8H   SFRSYM    DATA     BIT       PX0
      000000B8H.2 SFRSYM    DATA     BIT       PX1
      00000083H   SFRSYM    DATA     BYTE      DPH
      00000082H   SFRSYM    DATA     BYTE      DPL
      000000C8H.3 SFRSYM    DATA     BIT       EXEN2
      00000098H.4 SFRSYM    DATA     BIT       REN
      000000C8H   SFRSYM    DATA     BYTE      T2CON
      00000090H.6 SFRSYM    DATA     BIT       OLED_SCL
      000000B0H   SFRSYM    DATA     BIT       RXD
      000000B0H.1 SFRSYM    DATA     BIT       TXD
      000000D0H.5 SFRSYM    DATA     BIT       F0
      00000090H.5 SFRSYM    DATA     BIT       RF24L01_IRQ
      000000D0H   SFRSYM    DATA     BYTE      PSW
      00000093H   SFRSYM    DATA     BYTE      P0M0
      010009E1H   SYMBOL    CODE     ---       _?ix1000
      010009E6H   SYMBOL    CODE     ---       _?ix1001
      010009EBH   SYMBOL    CODE     ---       _?ix1002

      01000B40H   BLOCK     CODE     ---       LVL=0
      00000007H   SYMBOL    DATA     BYTE      RegAddr
      01000B40H   BLOCK     CODE     NEAR LAB  LVL=1
      00000007H   SYMBOL    DATA     BYTE      btmp
      ---         BLOCKEND  ---      ---       LVL=1
      01000B40H   LINE      CODE     ---       #41
LX51 LINKER/LOCATER V4.66.41.0                                                        08/10/2018  11:14:35  PAGE 24


      01000B40H   LINE      CODE     ---       #42
      01000B40H   LINE      CODE     ---       #45
      01000B42H   LINE      CODE     ---       #47
      01000B45H   LINE      CODE     ---       #48
      01000B4AH   LINE      CODE     ---       #50
      01000B4CH   LINE      CODE     ---       #52
      01000B4CH   LINE      CODE     ---       #53
      ---         BLOCKEND  ---      ---       LVL=0

      01000844H   BLOCK     CODE     ---       LVL=0
      00000007H   SYMBOL    DATA     BYTE      RegAddr
      02000090H   SYMBOL    XDATA    ---       pBuf
      02000093H   SYMBOL    XDATA    BYTE      len
      0100084FH   BLOCK     CODE     NEAR LAB  LVL=1
      02000094H   SYMBOL    XDATA    BYTE      btmp
      ---         BLOCKEND  ---      ---       LVL=1
      01000844H   LINE      CODE     ---       #64
      0100084FH   LINE      CODE     ---       #65
      0100084FH   LINE      CODE     ---       #68
      01000851H   LINE      CODE     ---       #70
      01000854H   LINE      CODE     ---       #71
      01000864H   LINE      CODE     ---       #72
      01000864H   LINE      CODE     ---       #73
      01000881H   LINE      CODE     ---       #74
      01000889H   LINE      CODE     ---       #75
      0100088BH   LINE      CODE     ---       #76
      ---         BLOCKEND  ---      ---       LVL=0

      01000AD6H   BLOCK     CODE     ---       LVL=0
      00000007H   SYMBOL    DATA     BYTE      RegAddr
      02000090H   SYMBOL    XDATA    BYTE      Value
      01000AD6H   LINE      CODE     ---       #84
      01000ADBH   LINE      CODE     ---       #85
      01000ADBH   LINE      CODE     ---       #86
      01000ADDH   LINE      CODE     ---       #88
      01000AE4H   LINE      CODE     ---       #89
      01000AECH   LINE      CODE     ---       #91
      01000AEEH   LINE      CODE     ---       #92
      ---         BLOCKEND  ---      ---       LVL=0

      0100088CH   BLOCK     CODE     ---       LVL=0
      00000007H   SYMBOL    DATA     BYTE      RegAddr
      02000096H   SYMBOL    XDATA    ---       pBuf
      02000099H   SYMBOL    XDATA    BYTE      len
      01000897H   BLOCK     CODE     NEAR LAB  LVL=1
      0200009AH   SYMBOL    XDATA    BYTE      i
      ---         BLOCKEND  ---      ---       LVL=1
      0100088CH   LINE      CODE     ---       #103
      01000897H   LINE      CODE     ---       #104
      01000897H   LINE      CODE     ---       #107
      01000899H   LINE      CODE     ---       #109
      010008A0H   LINE      CODE     ---       #110
      010008B1H   LINE      CODE     ---       #111
      010008B1H   LINE      CODE     ---       #112
      010008C8H   LINE      CODE     ---       #113
      010008D0H   LINE      CODE     ---       #115
      010008D2H   LINE      CODE     ---       #116
      ---         BLOCKEND  ---      ---       LVL=0

      01000B58H   BLOCK     CODE     ---       LVL=0
      01000B58H   BLOCK     CODE     NEAR LAB  LVL=1
      00000007H   SYMBOL    DATA     BYTE      Status
      ---         BLOCKEND  ---      ---       LVL=1
      01000B58H   LINE      CODE     ---       #184
      01000B58H   LINE      CODE     ---       #185
LX51 LINKER/LOCATER V4.66.41.0                                                        08/10/2018  11:14:35  PAGE 25


      01000B58H   LINE      CODE     ---       #188
      01000B5AH   LINE      CODE     ---       #190
      01000B5FH   LINE      CODE     ---       #192
      01000B61H   LINE      CODE     ---       #194
      01000B61H   LINE      CODE     ---       #195
      ---         BLOCKEND  ---      ---       LVL=0

      0100093AH   BLOCK     CODE     ---       LVL=0
      02000090H   SYMBOL    XDATA    BYTE      IRQ_Source
      0100093FH   BLOCK     CODE     NEAR LAB  LVL=1
      02000091H   SYMBOL    XDATA    BYTE      btmp
      ---         BLOCKEND  ---      ---       LVL=1
      0100093AH   LINE      CODE     ---       #204
      0100093FH   LINE      CODE     ---       #205
      0100093FH   LINE      CODE     ---       #206
      01000942H   LINE      CODE     ---       #208
      01000949H   LINE      CODE     ---       #209
      01000951H   LINE      CODE     ---       #211
      01000953H   LINE      CODE     ---       #212
      01000958H   LINE      CODE     ---       #213
      01000966H   LINE      CODE     ---       #214
      01000968H   LINE      CODE     ---       #216
      0100096BH   LINE      CODE     ---       #217
      ---         BLOCKEND  ---      ---       LVL=0
      00000007H   SYMBOL    DATA     BYTE      btmp
      00000005H   SYMBOL    DATA     BYTE      len

      01000AEFH   BLOCK     CODE     ---       LVL=0
      00000001H   SYMBOL    DATA     ---       pAddr
      00000005H   SYMBOL    DATA     BYTE      len
      01000AEFH   LINE      CODE     ---       #358
      01000AEFH   LINE      CODE     ---       #359
      01000AEFH   LINE      CODE     ---       #360
      01000AFBH   LINE      CODE     ---       #361
      ---         BLOCKEND  ---      ---       LVL=0

      0100096CH   BLOCK     CODE     ---       LVL=0
      00000007H   SYMBOL    DATA     BYTE      PipeNum
      00000001H   SYMBOL    DATA     ---       pAddr
      02000094H   SYMBOL    XDATA    BYTE      Len
      0100096CH   LINE      CODE     ---       #373
      0100096CH   LINE      CODE     ---       #374
      0100096CH   LINE      CODE     ---       #375
      01000981H   LINE      CODE     ---       #376
      0100098DH   LINE      CODE     ---       #378
      ---         BLOCKEND  ---      ---       LVL=0
      00000007H   SYMBOL    DATA     BYTE      btmp
      00000007H   SYMBOL    DATA     BYTE      btmp
      00000007H   SYMBOL    DATA     BYTE      FreqPoint

      010006DEH   BLOCK     CODE     ---       LVL=0
      010006DEH   BLOCK     CODE     NEAR LAB  LVL=1
      00000007H   SYMBOL    DATA     BYTE      i
      02000085H   SYMBOL    XDATA    ---       buf
      0200008AH   SYMBOL    XDATA    ---       read_buf
      ---         BLOCKEND  ---      ---       LVL=1
      010006DEH   LINE      CODE     ---       #461
      010006DEH   LINE      CODE     ---       #462
      010006DEH   LINE      CODE     ---       #464
      010006F1H   LINE      CODE     ---       #465
      01000704H   LINE      CODE     ---       #467
      01000704H   LINE      CODE     ---       #468
      01000704H   LINE      CODE     ---       #469
      01000715H   LINE      CODE     ---       #470
      01000726H   LINE      CODE     ---       #471
LX51 LINKER/LOCATER V4.66.41.0                                                        08/10/2018  11:14:35  PAGE 26


      01000728H   LINE      CODE     ---       #472
      01000728H   LINE      CODE     ---       #473
      01000742H   LINE      CODE     ---       #474
      01000742H   LINE      CODE     ---       #475
      01000742H   LINE      CODE     ---       #476
      01000742H   LINE      CODE     ---       #477
      01000747H   LINE      CODE     ---       #479
      0100074BH   LINE      CODE     ---       #480
      0100074BH   LINE      CODE     ---       #481
      0100074CH   LINE      CODE     ---       #482
      0100074CH   LINE      CODE     ---       #484
      0100074CH   LINE      CODE     ---       #485
      0100075CH   LINE      CODE     ---       #486
      0100075CH   LINE      CODE     ---       #487
      01000763H   LINE      CODE     ---       #488
      ---         BLOCKEND  ---      ---       LVL=0

      01000A3DH   BLOCK     CODE     ---       LVL=0
      0200008BH   SYMBOL    XDATA    BYTE      Mode
      01000A42H   BLOCK     CODE     NEAR LAB  LVL=1
      00000007H   SYMBOL    DATA     BYTE      controlreg
      ---         BLOCKEND  ---      ---       LVL=1
      01000A3DH   LINE      CODE     ---       #498
      01000A42H   LINE      CODE     ---       #499
      01000A42H   LINE      CODE     ---       #500
      01000A44H   LINE      CODE     ---       #501
      01000A47H   LINE      CODE     ---       #503
      01000A4EH   LINE      CODE     ---       #504
      01000A4EH   LINE      CODE     ---       #505
      01000A52H   LINE      CODE     ---       #506
      01000A54H   LINE      CODE     ---       #508
      01000A54H   LINE      CODE     ---       #509
      01000A58H   LINE      CODE     ---       #510
      01000A58H   LINE      CODE     ---       #511
      01000A5CH   LINE      CODE     ---       #512
      01000A5CH   LINE      CODE     ---       #513
      01000A5CH   LINE      CODE     ---       #515
      ---         BLOCKEND  ---      ---       LVL=0

      01000656H   BLOCK     CODE     ---       LVL=0
      02000085H   SYMBOL    XDATA    ---       rxbuf
      01000661H   BLOCK     CODE     NEAR LAB  LVL=1
      02000088H   SYMBOL    XDATA    BYTE      l_Status
      02000089H   SYMBOL    XDATA    BYTE      l_RxLength
      0200008AH   SYMBOL    XDATA    BYTE      l_100MsTimes
      ---         BLOCKEND  ---      ---       LVL=1
      01000656H   LINE      CODE     ---       #577
      01000661H   LINE      CODE     ---       #578
      01000661H   LINE      CODE     ---       #579
      01000668H   LINE      CODE     ---       #581
      0100066AH   LINE      CODE     ---       #582
      0100066FH   LINE      CODE     ---       #583
      01000671H   LINE      CODE     ---       #585
      0100067BH   LINE      CODE     ---       #586
      0100067BH   LINE      CODE     ---       #587
      01000682H   LINE      CODE     ---       #589
      0100068DH   LINE      CODE     ---       #590
      0100068DH   LINE      CODE     ---       #591
      01000690H   LINE      CODE     ---       #592
      01000693H   LINE      CODE     ---       #593
      01000698H   LINE      CODE     ---       #594
      01000698H   LINE      CODE     ---       #595
      01000698H   LINE      CODE     ---       #596
      01000698H   LINE      CODE     ---       #598
      010006A3H   LINE      CODE     ---       #599
LX51 LINKER/LOCATER V4.66.41.0                                                        08/10/2018  11:14:35  PAGE 27


      010006A8H   LINE      CODE     ---       #600
      010006AFH   LINE      CODE     ---       #601
      010006AFH   LINE      CODE     ---       #602
      010006B9H   LINE      CODE     ---       #603
      010006CEH   LINE      CODE     ---       #604
      010006D5H   LINE      CODE     ---       #605
      010006DBH   LINE      CODE     ---       #606
      010006DBH   LINE      CODE     ---       #608
      010006DDH   LINE      CODE     ---       #609
      ---         BLOCKEND  ---      ---       LVL=0

      01000B15H   BLOCK     CODE     ---       LVL=0
      01000B15H   LINE      CODE     ---       #617
      01000B15H   LINE      CODE     ---       #618
      01000B15H   LINE      CODE     ---       #621
      01000B15H   LINE      CODE     ---       #622
      01000B18H   LINE      CODE     ---       #623
      01000B1AH   LINE      CODE     ---       #625
      01000B1DH   LINE      CODE     ---       #626
      01000B1DH   LINE      CODE     ---       #628
      01000B1FH   LINE      CODE     ---       #629
      01000B21H   LINE      CODE     ---       #630
      01000B23H   LINE      CODE     ---       #631
      ---         BLOCKEND  ---      ---       LVL=0

      01000765H   BLOCK     CODE     ---       LVL=0
      01000765H   BLOCK     CODE     NEAR LAB  LVL=1
      0200008BH   SYMBOL    XDATA    ---       addr
      ---         BLOCKEND  ---      ---       LVL=1
      01000765H   LINE      CODE     ---       #639
      01000765H   LINE      CODE     ---       #640
      01000765H   LINE      CODE     ---       #641
      01000778H   LINE      CODE     ---       #643
      0100077AH   LINE      CODE     ---       #644
      0100077FH   LINE      CODE     ---       #647
      01000786H   LINE      CODE     ---       #648
      0100078DH   LINE      CODE     ---       #649
      01000792H   LINE      CODE     ---       #650
      01000797H   LINE      CODE     ---       #658
      0100079EH   LINE      CODE     ---       #661
      010007A5H   LINE      CODE     ---       #662
      010007ACH   LINE      CODE     ---       #663
      010007B3H   LINE      CODE     ---       #664
      010007BAH   LINE      CODE     ---       #666
      010007C1H   LINE      CODE     ---       #667
      010007C8H   LINE      CODE     ---       #669
      010007D3H   LINE      CODE     ---       #670
      ---         BLOCKEND  ---      ---       LVL=0

      ---         MODULE    ---      ---       ?C_INIT
      01000585H   PUBLIC    CODE     ---       ?C_START

      ---         MODULE    ---      ---       ?C?COPY
      010000D3H   PUBLIC    CODE     ---       ?C?COPY

      ---         MODULE    ---      ---       ?C?CLDPTR
      010000F9H   PUBLIC    CODE     ---       ?C?CLDPTR

      ---         MODULE    ---      ---       ?C?CLDOPTR
      01000112H   PUBLIC    CODE     ---       ?C?CLDOPTR

      ---         MODULE    ---      ---       ?C?CSTPTR
      0100013FH   PUBLIC    CODE     ---       ?C?CSTPTR

      ---         MODULE    ---      ---       ?C?CSTOPTR
LX51 LINKER/LOCATER V4.66.41.0                                                        08/10/2018  11:14:35  PAGE 28


      01000151H   PUBLIC    CODE     ---       ?C?CSTOPTR

      ---         MODULE    ---      ---       ?C?IMUL
      01000173H   PUBLIC    CODE     ---       ?C?IMUL

      ---         MODULE    ---      ---       ?C?UIDIV
      01000185H   PUBLIC    CODE     ---       ?C?UIDIV

      ---         MODULE    ---      ---       ?C?IILDX
      010001DAH   PUBLIC    CODE     ---       ?C?IILDX

      ---         MODULE    ---      ---       ?C?ILDIX
      010001F0H   PUBLIC    CODE     ---       ?C?ILDIX

Program Size: data=9.0 xdata=158 const=2904 code=2930
LX51 RUN COMPLETE.  0 WARNING(S),  0 ERROR(S)
