LX51 LINKER/LOCATER V4.66.97.0                                                          03/17/2022  22:50:30  PAGE 1


LX51 LINKER/LOCATER V4.66.97.0, INVOKED BY:
D:\CODE\ARM\C51\BIN\LX51.EXE STARTUP.obj, main.obj, .\delay.obj, .\uart.obj, .\spi.obj, .\oled.obj, .\RF24L01.obj TO rf2
>> 4l01_51 PRINT (.\Listings\rf24l01_51.map) REMOVEUNUSED


CPU MODE:     8051 MODE
MEMORY MODEL: LARGE


INPUT MODULES INCLUDED:
  STARTUP.obj (?C_STARTUP)
         COMMENT TYPE 0: AX51 V3.15.3.0
  main.obj (MAIN)
         COMMENT TYPE 0: C51 V9.60.0.0
  .\delay.obj (DELAY)
         COMMENT TYPE 0: C51 V9.60.0.0
  .\uart.obj (UART)
         COMMENT TYPE 0: C51 V9.60.0.0
  .\spi.obj (SPI)
         COMMENT TYPE 0: C51 V9.60.0.0
  .\oled.obj (OLED)
         COMMENT TYPE 0: C51 V9.60.0.0
  .\RF24L01.obj (RF24L01)
         COMMENT TYPE 0: C51 V9.60.0.0
  D:\CODE\ARM\C51\LIB\C51L.LIB (?C_INIT)
         COMMENT TYPE 1: A51 / ASM51 Assembler
  D:\CODE\ARM\C51\LIB\C51L.LIB (?C?COPY)
         COMMENT TYPE 1: A51 / ASM51 Assembler
  D:\CODE\ARM\C51\LIB\C51L.LIB (?C?CLDPTR)
         COMMENT TYPE 1: A51 / ASM51 Assembler
  D:\CODE\ARM\C51\LIB\C51L.LIB (?C?CLDOPTR)
         COMMENT TYPE 1: A51 / ASM51 Assembler
  D:\CODE\ARM\C51\LIB\C51L.LIB (?C?CSTPTR)
         COMMENT TYPE 1: A51 / ASM51 Assembler
  D:\CODE\ARM\C51\LIB\C51L.LIB (?C?CSTOPTR)
         COMMENT TYPE 1: A51 / ASM51 Assembler
  D:\CODE\ARM\C51\LIB\C51L.LIB (?C?IMUL)
         COMMENT TYPE 1: A51 / ASM51 Assembler
  D:\CODE\ARM\C51\LIB\C51L.LIB (?C?UIDIV)
         COMMENT TYPE 1: A51 / ASM51 Assembler
  D:\CODE\ARM\C51\LIB\C51L.LIB (?C?IILDX)
         COMMENT TYPE 1: A51 / ASM51 Assembler
  D:\CODE\ARM\C51\LIB\C51L.LIB (?C?ILDIX)
         COMMENT TYPE 1: A51 / ASM51 Assembler


ACTIVE MEMORY CLASSES OF MODULE:  rf24l01_51 (?C_STARTUP)

BASE        START       END         USED      MEMORY CLASS
==========================================================
C:000000H   C:000000H   C:00FFFFH   000AB6H   CODE
I:000000H   I:000000H   I:0000FFH   000001H   IDATA
X:000000H   X:000000H   X:00FFFFH   0000A2H   XDATA
C:000000H   C:000000H   C:00FFFFH   000B8BH   CONST
I:000000H   I:000000H   I:00007FH   000008H   DATA


MEMORY MAP OF MODULE:  rf24l01_51 (?C_STARTUP)


START     STOP      LENGTH    ALIGN  RELOC    MEMORY CLASS   SEGMENT NAME
=========================================================================

* * * * * * * * * * *   D A T A   M E M O R Y   * * * * * * * * * * * * *
000000H   000007H   000008H   ---    AT..     DATA           "REG BANK 0"
000008H   000008H   000001H   BYTE   UNIT     IDATA          ?STACK
LX51 LINKER/LOCATER V4.66.97.0                                                        03/17/2022  22:50:30  PAGE 2



* * * * * * * * * * *   C O D E   M E M O R Y   * * * * * * * * * * * * *
000000H   000002H   000003H   ---    OFFS..   CODE           ?CO?STARTUP?3
000003H   000009H   000007H   BYTE   UNIT     CODE           ?PR?IIC_STOP?OLED
00000AH   00000AH   000001H   ---    ---      **GAP**
00000BH   00000DH   000003H   BYTE   OFFS..   CODE           ?MAIN?0000B
00000EH   000210H   000203H   BYTE   UNIT     CODE           ?C?LIB_CODE
000211H   0002F0H   0000E0H   BYTE   UNIT     CODE           ?PR?OLED_INIT?OLED
0002F1H   0003B5H   0000C5H   BYTE   UNIT     CODE           ?PR?MAIN?MAIN
0003B6H   000453H   00009EH   BYTE   UNIT     CODE           ?C_INITSEG
000454H   0004EFH   00009CH   BYTE   UNIT     CODE           ?PR?_OLED_SHOWCHINESE?OLED
0004F0H   000583H   000094H   BYTE   UNIT     CODE           ?PR?NRF24L01_CHECK?RF24L01
000584H   000611H   00008EH   BYTE   UNIT     CODE           ?PR?_NRF24L01_RXPACKET?RF24L01
000612H   00069DH   00008CH   BYTE   UNIT     CODE           ?C_C51STARTUP
00069EH   00071CH   00007FH   BYTE   UNIT     CODE           ?PR?RF24L01_INIT?RF24L01
00071DH   000787H   00006BH   BYTE   UNIT     CODE           ?PR?TIMER0?MAIN
000788H   0007CFH   000048H   BYTE   UNIT     CODE           ?PR?_NRF24L01_READ_BUF?RF24L01
0007D0H   000816H   000047H   BYTE   UNIT     CODE           ?PR?_NRF24L01_WRITE_BUF?RF24L01
000817H   00085BH   000045H   BYTE   UNIT     CODE           ?PR?_DRV_SPI_READ_WRITE_BYTE?SPI
00085CH   000893H   000038H   BYTE   UNIT     CODE           ?PR?_NRF24L01_SET_RXADDR?RF24L01
000894H   0008CAH   000037H   BYTE   UNIT     CODE           ?PR?OLED_CLEAR?OLED
0008CBH   0008FEH   000034H   BYTE   UNIT     CODE           ?PR?_OLED_SET_POS?OLED
0008FFH   00092FH   000031H   BYTE   UNIT     CODE           ?PR?_NRF24L01_CLEAR_IRQ_FLAG?RF24L01
000930H   00095FH   000030H   BYTE   UNIT     CODE           ?PR?_WRITE_IIC_BYTE?OLED
000960H   00098BH   00002CH   BYTE   UNIT     CODE           ?PR?_OLED_WR_BYTE?OLED
00098CH   0009B5H   00002AH   BYTE   UNIT     CODE           ?PR?_RF24L01_SET_MODE?RF24L01
0009B6H   0009D4H   00001FH   BYTE   UNIT     CODE           ?PR?DELAY_1MS?DELAY
0009D5H   0009F2H   00001EH   BYTE   UNIT     CODE           ?PR?DRV_SPI_INIT?SPI
0009F3H   000A0EH   00001CH   BYTE   UNIT     CODE           ?PR?_DELAY_MS?DELAY
000A0FH   000A28H   00001AH   BYTE   UNIT     CODE           ?PR?_DRV_UART_TX_BYTES?UART
000A29H   000A42H   00001AH   BYTE   UNIT     CODE           ?PR?_NRF24L01_SET_TXADDR?RF24L01
000A43H   000A5BH   000019H   BYTE   UNIT     CODE           ?PR?_NRF24L01_WRITE_REG?RF24L01
000A5CH   000A6BH   000010H   BYTE   UNIT     CODE           ?PR?IIC_WAIT_ACK?OLED
000A6CH   000A7AH   00000FH   BYTE   UNIT     CODE           ?PR?NRF24L01_GPIO_INIT?RF24L01
000A7BH   000A88H   00000EH   BYTE   UNIT     CODE           ?PR?_WRITE_IIC_COMMAND?OLED
000A89H   000A96H   00000EH   BYTE   UNIT     CODE           ?PR?_WRITE_IIC_DATA?OLED
000A97H   000AA3H   00000DH   BYTE   UNIT     CODE           ?PR?_NRF24L01_READ_REG?RF24L01
000AA4H   000AADH   00000AH   BYTE   UNIT     CODE           ?PR?NRF24L01_READ_STATUS_REGISTER?RF24L01
000AAEH   000AB6H   000009H   BYTE   UNIT     CODE           ?PR?IIC_START?OLED
000AB7H   00160EH   000B58H   BYTE   UNIT     CONST          ?CO?OLED
00160FH   001636H   000028H   BYTE   UNIT     CONST          ?CO?RF24L01
001637H   001641H   00000BH   BYTE   UNIT     CONST          ?CO?MAIN

* * * * * * * * * * *  X D A T A   M E M O R Y  * * * * * * * * * * * * *
000000H   000086H   000087H   BYTE   UNIT     XDATA          ?XD?MAIN
000087H   00009EH   000018H   BYTE   UNIT     XDATA          _XDATA_GROUP_
00009FH   0000A1H   000003H   BYTE   UNIT     XDATA          ?XD?RF24L01

* * * * * * * * *   R E M O V E D     S E G M E N T S   * * * * * * * *
   *DEL*:           000033H   BYTE   UNIT     CODE           ?PR?F_DATE?MAIN
   *DEL*:           000022H   BYTE   UNIT     CODE           ?PR?DRV_UART_INIT?UART
   *DEL*:           000036H   BYTE   UNIT     CODE           ?PR?_DRV_UART_RX_BYTES?UART
   *DEL*:           000001H   BYTE   UNIT     XDATA          ?XD?_DRV_UART_RX_BYTES?UART
   *DEL*:           000055H   BYTE   UNIT     CODE           ?PR?_DRV_SPI_READ_WRITE_STRING?SPI
   *DEL*:           000008H   BYTE   UNIT     XDATA          ?XD?_DRV_SPI_READ_WRITE_STRING?SPI
   *DEL*:           000041H   BYTE   UNIT     CODE           ?PR?_FILL_PICTURE?OLED
   *DEL*:           000002H   BYTE   UNIT     XDATA          ?XD?_FILL_PICTURE?OLED
   *DEL*:           00001EH   BYTE   UNIT     CODE           ?PR?_DELAY_50MS?OLED
   *DEL*:           00001AH   BYTE   UNIT     CODE           ?PR?_DELAY_1MS?OLED
   *DEL*:           000017H   BYTE   UNIT     CODE           ?PR?OLED_DISPLAY_ON?OLED
   *DEL*:           000011H   BYTE   UNIT     CODE           ?PR?OLED_DISPLAY_OFF?OLED
   *DEL*:           000038H   BYTE   UNIT     CODE           ?PR?OLED_ON?OLED
   *DEL*:           000001H   BYTE   UNIT     XDATA          ?XD?OLED_ON?OLED
   *DEL*:           000042H   BYTE   UNIT     CODE           ?PR?_OLED_PUTPIXEL?OLED
   *DEL*:           000002H   BYTE   UNIT     XDATA          ?XD?_OLED_PUTPIXEL?OLED
LX51 LINKER/LOCATER V4.66.97.0                                                        03/17/2022  22:50:30  PAGE 3


   *DEL*:           00009DH   BYTE   UNIT     CODE           ?PR?_OLED_RECTANGLE?OLED
   *DEL*:           000006H   BYTE   UNIT     XDATA          ?XD?_OLED_RECTANGLE?OLED
   *DEL*:           0000FCH   BYTE   UNIT     CODE           ?PR?_OLED_SHOWCHAR?OLED
   *DEL*:           000005H   BYTE   UNIT     XDATA          ?XD?_OLED_SHOWCHAR?OLED
   *DEL*:           00001EH   BYTE   UNIT     CODE           ?PR?_OLED_POW?OLED
   *DEL*:           000001H   BYTE   UNIT     XDATA          ?XD?_OLED_POW?OLED
   *DEL*:           0000FBH   BYTE   UNIT     CODE           ?PR?_OLED_SHOWNUM?OLED
   *DEL*:           000009H   BYTE   UNIT     XDATA          ?XD?_OLED_SHOWNUM?OLED
   *DEL*:           000064H   BYTE   UNIT     CODE           ?PR?_OLED_SHOWSTRING?OLED
   *DEL*:           000007H   BYTE   UNIT     XDATA          ?XD?_OLED_SHOWSTRING?OLED
   *DEL*:           000093H   BYTE   UNIT     CODE           ?PR?_OLED_DRAWBMP?OLED
   *DEL*:           00000BH   BYTE   UNIT     XDATA          ?XD?_OLED_DRAWBMP?OLED
   *DEL*:           00000AH   BYTE   UNIT     CODE           ?PR?NRF24L01_FLUSH_TX_FIFO?RF24L01
   *DEL*:           00000AH   BYTE   UNIT     CODE           ?PR?NRF24L01_FLUSH_RX_FIFO?RF24L01
   *DEL*:           00000AH   BYTE   UNIT     CODE           ?PR?NRF24L01_REUSE_TX_PAYLOAD?RF24L01
   *DEL*:           00000AH   BYTE   UNIT     CODE           ?PR?NRF24L01_NOP?RF24L01
   *DEL*:           000008H   BYTE   UNIT     CODE           ?PR?RF24L01_READ_IRQ_STATUS?RF24L01
   *DEL*:           00000FH   BYTE   UNIT     CODE           ?PR?NRF24L01_READ_TOP_FIFO_WIDTH?RF24L01
   *DEL*:           000068H   BYTE   UNIT     CODE           ?PR?_NRF24L01_READ_RX_PAYLOAD?RF24L01
   *DEL*:           000005H   BYTE   UNIT     XDATA          ?XD?_NRF24L01_READ_RX_PAYLOAD?RF24L01
   *DEL*:           00005DH   BYTE   UNIT     CODE           ?PR?_NRF24L01_WRITE_TX_PAYLOAD_ACK?RF24L01
   *DEL*:           000005H   BYTE   UNIT     XDATA          ?XD?_NRF24L01_WRITE_TX_PAYLOAD_ACK?RF24L01
   *DEL*:           00004FH   BYTE   UNIT     CODE           ?PR?_NRF24L01_WRITE_TX_PAYLOAD_NOACK?RF24L01
   *DEL*:           000004H   BYTE   UNIT     XDATA          ?XD?_NRF24L01_WRITE_TX_PAYLOAD_NOACK?RF24L01
   *DEL*:           00005FH   BYTE   UNIT     CODE           ?PR?_NRF24L01_WRITE_TX_PAYLOAD_INACK?RF24L01
   *DEL*:           000005H   BYTE   UNIT     XDATA          ?XD?_NRF24L01_WRITE_TX_PAYLOAD_INACK?RF24L01
   *DEL*:           00003CH   BYTE   UNIT     CODE           ?PR?_NRF24L01_SET_SPEED?RF24L01
   *DEL*:           000001H   BYTE   UNIT     XDATA          ?XD?_NRF24L01_SET_SPEED?RF24L01
   *DEL*:           000036H   BYTE   UNIT     CODE           ?PR?_NRF24L01_SET_POWER?RF24L01
   *DEL*:           000001H   BYTE   UNIT     XDATA          ?XD?_NRF24L01_SET_POWER?RF24L01
   *DEL*:           000009H   BYTE   UNIT     CODE           ?PR?_RF24LL01_WRITE_HOPPING_POINT?RF24L01
   *DEL*:           000099H   BYTE   UNIT     CODE           ?PR?_NRF24L01_TXPACKET?RF24L01
   *DEL*:           000007H   BYTE   UNIT     XDATA          ?XD?_NRF24L01_TXPACKET?RF24L01



OVERLAY MAP OF MODULE:   rf24l01_51 (?C_STARTUP)


FUNCTION/MODULE                               XDATA_GROUP
--> CALLED FUNCTION/MODULE                    START  STOP
=========================================================
?C_C51STARTUP                                 ----- -----
  +--> MAIN/MAIN
  +--> ?C_INITSEG

MAIN/MAIN                                     0087H 0088H
  +--> OLED_INIT/OLED
  +--> OLED_CLEAR/OLED
  +--> DRV_SPI_INIT/SPI
  +--> NRF24L01_GPIO_INIT/RF24L01
  +--> NRF24L01_CHECK/RF24L01
  +--> RF24L01_INIT/RF24L01
  +--> _RF24L01_SET_MODE/RF24L01
  +--> _OLED_SHOWCHINESE/OLED
  +--> _NRF24L01_RXPACKET/RF24L01

OLED_INIT/OLED                                ----- -----
  +--> _OLED_WR_BYTE/OLED

_OLED_WR_BYTE/OLED                            ----- -----
  +--> _WRITE_IIC_DATA/OLED
  +--> _WRITE_IIC_COMMAND/OLED

_WRITE_IIC_DATA/OLED                          ----- -----
LX51 LINKER/LOCATER V4.66.97.0                                                        03/17/2022  22:50:30  PAGE 4


  +--> _WRITE_IIC_BYTE/OLED
  +--> IIC_WAIT_ACK/OLED
  +--> IIC_STOP/OLED

_WRITE_IIC_BYTE/OLED                          ----- -----
  +--> IIC_START/OLED

IIC_START/OLED                                ----- -----

IIC_WAIT_ACK/OLED                             ----- -----
  +--> _WRITE_IIC_BYTE/OLED

IIC_STOP/OLED                                 ----- -----

_WRITE_IIC_COMMAND/OLED                       ----- -----
  +--> _WRITE_IIC_BYTE/OLED
  +--> IIC_WAIT_ACK/OLED
  +--> IIC_STOP/OLED

OLED_CLEAR/OLED                               0089H 0089H
  +--> _OLED_WR_BYTE/OLED

DRV_SPI_INIT/SPI                              ----- -----

NRF24L01_GPIO_INIT/RF24L01                    ----- -----

NRF24L01_CHECK/RF24L01                        0089H 0092H
  +--> _NRF24L01_WRITE_BUF/RF24L01
  +--> _NRF24L01_READ_BUF/RF24L01
  +--> _DRV_UART_TX_BYTES/UART
  +--> _DELAY_MS/DELAY

_NRF24L01_WRITE_BUF/RF24L01                   0099H 009EH
  +--> _DRV_SPI_READ_WRITE_BYTE/SPI

_DRV_SPI_READ_WRITE_BYTE/SPI                  ----- -----

_NRF24L01_READ_BUF/RF24L01                    0093H 0098H
  +--> _DRV_SPI_READ_WRITE_BYTE/SPI

_DRV_UART_TX_BYTES/UART                       ----- -----

_DELAY_MS/DELAY                               0093H 0094H
  +--> DELAY_1MS/DELAY

DELAY_1MS/DELAY                               ----- -----

RF24L01_INIT/RF24L01                          008FH 0093H
  +--> _NRF24L01_CLEAR_IRQ_FLAG/RF24L01
  +--> _NRF24L01_WRITE_REG/RF24L01
  +--> _NRF24L01_READ_REG/RF24L01
  +--> _NRF24L01_SET_TXADDR/RF24L01
  +--> _NRF24L01_SET_RXADDR/RF24L01

_NRF24L01_CLEAR_IRQ_FLAG/RF24L01              0094H 0095H
  +--> NRF24L01_READ_STATUS_REGISTER/RF24L01
  +--> _DRV_SPI_READ_WRITE_BYTE/SPI

NRF24L01_READ_STATUS_REGISTER/RF24L01         ----- -----
  +--> _DRV_SPI_READ_WRITE_BYTE/SPI

_NRF24L01_WRITE_REG/RF24L01                   0094H 0094H
  +--> _DRV_SPI_READ_WRITE_BYTE/SPI

_NRF24L01_READ_REG/RF24L01                    ----- -----
LX51 LINKER/LOCATER V4.66.97.0                                                        03/17/2022  22:50:30  PAGE 5


  +--> _DRV_SPI_READ_WRITE_BYTE/SPI

_NRF24L01_SET_TXADDR/RF24L01                  ----- -----
  +--> _NRF24L01_WRITE_BUF/RF24L01

_NRF24L01_SET_RXADDR/RF24L01                  0094H 0098H
  +--> _NRF24L01_WRITE_BUF/RF24L01

_RF24L01_SET_MODE/RF24L01                     008FH 008FH
  +--> _NRF24L01_READ_REG/RF24L01
  +--> _NRF24L01_WRITE_REG/RF24L01

_OLED_SHOWCHINESE/OLED                        0089H 008CH
  +--> _OLED_SET_POS/OLED
  +--> _OLED_WR_BYTE/OLED

_OLED_SET_POS/OLED                            ----- -----
  +--> _OLED_WR_BYTE/OLED

_NRF24L01_RXPACKET/RF24L01                    0089H 008EH
  +--> _DRV_SPI_READ_WRITE_BYTE/SPI
  +--> _DELAY_MS/DELAY
  +--> NRF24L01_GPIO_INIT/RF24L01
  +--> RF24L01_INIT/RF24L01
  +--> _RF24L01_SET_MODE/RF24L01
  +--> _NRF24L01_READ_REG/RF24L01
  +--> _NRF24L01_WRITE_REG/RF24L01
  +--> _NRF24L01_READ_BUF/RF24L01

?C_INITSEG                                    ----- -----

*** NEW ROOT ********************************

TIMER0/MAIN                                   ----- -----



PUBLIC SYMBOLS OF MODULE:  rf24l01_51 (?C_STARTUP)


      VALUE       CLASS    TYPE      PUBLIC SYMBOL NAME
      =================================================
*DEL*:00000000H   XDATA    BYTE      ?_drv_spi_read_write_string?BYTE
      02000093H   XDATA    BYTE      ?_NRF24L01_Read_Buf?BYTE
      02000094H   XDATA    BYTE      ?_NRF24L01_Set_RxAddr?BYTE
      02000099H   XDATA    BYTE      ?_NRF24L01_Write_Buf?BYTE
*DEL*:00000000H   XDATA    BYTE      ?_OLED_DrawBMP?BYTE
*DEL*:00000000H   XDATA    BYTE      ?_OLED_Rectangle?BYTE
*DEL*:00000000H   XDATA    BYTE      ?_OLED_ShowChar?BYTE
*DEL*:00000000H   XDATA    BYTE      ?_OLED_ShowNum?BYTE
*DEL*:00000000H   XDATA    BYTE      ?_OLED_ShowString?BYTE
      0100011DH   CODE     ---       ?C?CLDOPTR
      01000104H   CODE     ---       ?C?CLDPTR
      00000000H   NUMBER   ---       ?C?CODESEG
      010000DEH   CODE     ---       ?C?COPY
      0100015CH   CODE     ---       ?C?CSTOPTR
      0100014AH   CODE     ---       ?C?CSTPTR
      010001E5H   CODE     ---       ?C?IILDX
      010001FBH   CODE     ---       ?C?ILDIX
      0100017EH   CODE     ---       ?C?IMUL
      01000190H   CODE     ---       ?C?UIDIV
      00000000H   NUMBER   ---       ?C?XDATASEG
      01000659H   CODE     ---       ?C_START
      01000000H   CODE     NEAR LAB  ?C_STARTUP
*DEL*:00000000H   CODE     ---       _Delay_1ms
LX51 LINKER/LOCATER V4.66.97.0                                                        03/17/2022  22:50:30  PAGE 6


*DEL*:00000000H   CODE     ---       _Delay_50ms
      010009F3H   CODE     ---       _delay_ms
      01000817H   CODE     ---       _drv_spi_read_write_byte
*DEL*:00000000H   CODE     ---       _drv_spi_read_write_string
*DEL*:00000000H   CODE     ---       _drv_uart_rx_bytes
      01000A0FH   CODE     ---       _drv_uart_tx_bytes
*DEL*:00000000H   CODE     ---       _fill_picture
      010008FFH   CODE     ---       _NRF24L01_Clear_IRQ_Flag
      01000788H   CODE     ---       _NRF24L01_Read_Buf
      01000A97H   CODE     ---       _NRF24L01_Read_Reg
*DEL*:00000000H   CODE     ---       _NRF24L01_Read_Rx_Payload
      01000584H   CODE     ---       _NRF24L01_RxPacket
*DEL*:00000000H   CODE     ---       _NRF24L01_Set_Power
      0100085CH   CODE     ---       _NRF24L01_Set_RxAddr
*DEL*:00000000H   CODE     ---       _NRF24L01_Set_Speed
      01000A29H   CODE     ---       _NRF24L01_Set_TxAddr
*DEL*:00000000H   CODE     ---       _NRF24L01_TxPacket
      010007D0H   CODE     ---       _NRF24L01_Write_Buf
      01000A43H   CODE     ---       _NRF24L01_Write_Reg
*DEL*:00000000H   CODE     ---       _NRF24L01_Write_Tx_Payload_Ack
*DEL*:00000000H   CODE     ---       _NRF24L01_Write_Tx_Payload_InAck
*DEL*:00000000H   CODE     ---       _NRF24L01_Write_Tx_Payload_NoAck
*DEL*:00000000H   CODE     ---       _OLED_DrawBMP
*DEL*:00000000H   CODE     ---       _oled_pow
*DEL*:00000000H   CODE     ---       _OLED_PutPixel
*DEL*:00000000H   CODE     ---       _OLED_Rectangle
      010008D3H   CODE     ---       _OLED_Set_Pos
*DEL*:00000000H   CODE     ---       _OLED_ShowChar
      01000454H   CODE     ---       _OLED_ShowCHinese
*DEL*:00000000H   CODE     ---       _OLED_ShowNum
*DEL*:00000000H   CODE     ---       _OLED_ShowString
      0100097BH   CODE     ---       _OLED_WR_Byte
      0100098CH   CODE     ---       _RF24L01_Set_Mode
*DEL*:00000000H   CODE     ---       _RF24LL01_Write_Hopping_Point
      01000937H   CODE     ---       _Write_IIC_Byte
      01000A7BH   CODE     ---       _Write_IIC_Command
      01000A89H   CODE     ---       _Write_IIC_Data
*SFR* 000000D0H.6 DATA     BIT       AC
*SFR* 000000E0H   DATA     BYTE      ACC
*SFR* 00000080H.1 DATA     BIT       AIN1
*SFR* 00000080H.2 DATA     BIT       AIN2
*SFR* 000000F0H   DATA     BYTE      B
*SFR* 000000A0H.3 DATA     BIT       BEEP
*SFR* 00000080H.3 DATA     BIT       BIN1
*SFR* 00000080H.4 DATA     BIT       BIN2
*SFR* 000000C8H.1 DATA     BIT       C_T2
      02000000H   XDATA    ---       content
*SFR* 000000C8H.0 DATA     BIT       CP_RL2
*SFR* 000000D0H.7 DATA     BIT       CY
      010009B6H   CODE     ---       delay_1ms
*SFR* 00000083H   DATA     BYTE      DPH
*SFR* 00000082H   DATA     BYTE      DPL
      010009D5H   CODE     ---       drv_spi_init
*DEL*:00000000H   CODE     ---       drv_uart_init
*SFR* 000000A8H.7 DATA     BIT       EA
*SFR* 000000A8H.4 DATA     BIT       ES
*SFR* 000000A8H.1 DATA     BIT       ET0
*SFR* 000000A8H.3 DATA     BIT       ET1
*SFR* 000000A8H.5 DATA     BIT       ET2
*SFR* 000000A8H.0 DATA     BIT       EX0
*SFR* 000000A8H.2 DATA     BIT       EX1
*SFR* 000000C8H.3 DATA     BIT       EXEN2
*SFR* 000000C8H.6 DATA     BIT       EXF2
*SFR* 000000D0H.5 DATA     BIT       F0
      01000AB7H   CONST    ---       F6x8
LX51 LINKER/LOCATER V4.66.97.0                                                        03/17/2022  22:50:30  PAGE 7


      01000CDFH   CONST    ---       F8X16
*DEL*:00000000H   CODE     ---       F_Date
      0200009FH   XDATA    ---       g_ErrorString
      010012CFH   CONST    ---       Hzk
*SFR* 000000A8H   DATA     BYTE      IE
*SFR* 00000088H.1 DATA     BIT       IE0
*SFR* 00000088H.3 DATA     BIT       IE1
      01000AAEH   CODE     ---       IIC_Start
      01000003H   CODE     ---       IIC_Stop
      01000A67H   CODE     ---       IIC_Wait_Ack
*SFR* 000000B0H.2 DATA     BIT       INT0
*SFR* 000000B0H.3 DATA     BIT       INT1
*SFR* 000000B8H   DATA     BYTE      IP
*SFR* 00000088H.0 DATA     BIT       IT0
*SFR* 00000088H.2 DATA     BIT       IT1
      010002F1H   CODE     ---       main
      02000085H   XDATA    INT       MOD
      010004F0H   CODE     ---       NRF24L01_check
*DEL*:00000000H   CODE     ---       NRF24L01_Flush_Rx_Fifo
*DEL*:00000000H   CODE     ---       NRF24L01_Flush_Tx_Fifo
      01000A6CH   CODE     ---       NRF24L01_Gpio_Init
*DEL*:00000000H   CODE     ---       NRF24L01_Nop
      01000AA4H   CODE     ---       NRF24L01_Read_Status_Register
*DEL*:00000000H   CODE     ---       NRF24L01_Read_Top_Fifo_Width
*DEL*:00000000H   CODE     ---       NRF24L01_Reuse_Tx_Payload
      01000894H   CODE     ---       OLED_Clear
*DEL*:00000000H   CODE     ---       OLED_Display_Off
*DEL*:00000000H   CODE     ---       OLED_Display_On
      01000211H   CODE     ---       OLED_Init
*DEL*:00000000H   CODE     ---       OLED_On
*SFR* 00000090H.6 DATA     BIT       OLED_SCL
*SFR* 00000090H.7 DATA     BIT       OLED_SDIN
*SFR* 000000D0H.2 DATA     BIT       OV
*SFR* 000000D0H.0 DATA     BIT       P
*SFR* 00000080H   DATA     BYTE      P0
*SFR* 00000093H   DATA     BYTE      P0M0
*SFR* 00000094H   DATA     BYTE      P0M1
*SFR* 00000090H   DATA     BYTE      P1
*SFR* 00000091H   DATA     BYTE      P1M0
*SFR* 00000092H   DATA     BYTE      P1M1
*SFR* 000000A0H   DATA     BYTE      P2
*SFR* 00000095H   DATA     BYTE      P2M0
*SFR* 00000096H   DATA     BYTE      P2M1
*SFR* 000000B0H   DATA     BYTE      P3
*SFR* 000000B1H   DATA     BYTE      P3M0
*SFR* 000000B2H   DATA     BYTE      P3M1
*SFR* 00000087H   DATA     BYTE      PCON
*SFR* 000000A0H   DATA     BYTE      PPAGE_SFR
*SFR* 000000B8H.4 DATA     BIT       PS
*SFR* 000000D0H   DATA     BYTE      PSW
*SFR* 000000B8H.1 DATA     BIT       PT0
*SFR* 000000B8H.3 DATA     BIT       PT1
*SFR* 000000B8H.5 DATA     BIT       PT2
      02000003H   XDATA    BYTE      pwm_motor_val
      02000004H   XDATA    BYTE      pwm_t
*SFR* 00000080H.0 DATA     BIT       PWMA
*SFR* 00000080H.5 DATA     BIT       PWMB
*SFR* 000000B8H.0 DATA     BIT       PX0
*SFR* 000000B8H.2 DATA     BIT       PX1
*SFR* 00000098H.2 DATA     BIT       RB8
*SFR* 000000CBH   DATA     BYTE      RCAP2H
*SFR* 000000CAH   DATA     BYTE      RCAP2L
*SFR* 000000C8H.5 DATA     BIT       RCLK
*SFR* 000000B0H.7 DATA     BIT       RD
*SFR* 00000098H.4 DATA     BIT       REN
LX51 LINKER/LOCATER V4.66.97.0                                                        03/17/2022  22:50:30  PAGE 8


*SFR* 00000090H.0 DATA     BIT       RF24L01_CE
      0100069EH   CODE     ---       RF24L01_Init
*SFR* 00000090H.5 DATA     BIT       RF24L01_IRQ
*DEL*:00000000H   CODE     ---       RF24L01_Read_IRQ_Status
      02000005H   XDATA    ---       RF24L01RxBuffer
*SFR* 00000098H.0 DATA     BIT       RI
*SFR* 000000D0H.3 DATA     BIT       RS0
*SFR* 000000D0H.4 DATA     BIT       RS1
*SFR* 000000B0H.0 DATA     BIT       RXD
*SFR* 00000099H   DATA     BYTE      SBUF
*SFR* 00000098H   DATA     BYTE      SCON
*SFR* 00000098H.7 DATA     BIT       SM0
*SFR* 00000098H.6 DATA     BIT       SM1
*SFR* 00000098H.5 DATA     BIT       SM2
*SFR* 00000081H   DATA     BYTE      SP
*SFR* 00000090H.2 DATA     BIT       SPI_MISO
*SFR* 00000090H.4 DATA     BIT       SPI_MOSI
*SFR* 00000090H.3 DATA     BIT       SPI_NSS
*SFR* 00000090H.1 DATA     BIT       SPI_SCK
*SFR* 000000B0H.4 DATA     BIT       T0
*SFR* 000000B0H.5 DATA     BIT       T1
*SFR* 00000090H.0 DATA     BIT       T2
*SFR* 000000C8H   DATA     BYTE      T2CON
*SFR* 00000090H.1 DATA     BIT       T2EX
*SFR* 00000098H.3 DATA     BIT       TB8
*SFR* 000000C8H.4 DATA     BIT       TCLK
*SFR* 00000088H   DATA     BYTE      TCON
*SFR* 00000088H.5 DATA     BIT       TF0
*SFR* 00000088H.7 DATA     BIT       TF1
*SFR* 000000C8H.7 DATA     BIT       TF2
*SFR* 0000008CH   DATA     BYTE      TH0
*SFR* 0000008DH   DATA     BYTE      TH1
*SFR* 000000CDH   DATA     BYTE      TH2
*SFR* 00000098H.1 DATA     BIT       TI
      0100071DH   CODE     ---       timer0
*SFR* 0000008AH   DATA     BYTE      TL0
*SFR* 0000008BH   DATA     BYTE      TL1
*SFR* 000000CCH   DATA     BYTE      TL2
*SFR* 00000089H   DATA     BYTE      TMOD
*SFR* 00000088H.4 DATA     BIT       TR0
*SFR* 00000088H.6 DATA     BIT       TR1
*SFR* 000000C8H.2 DATA     BIT       TR2
*SFR* 000000B0H.1 DATA     BIT       TXD
      02000045H   XDATA    ---       UART_BUFFER
*SFR* 000000B0H.0 DATA     BIT       UART_RX
*SFR* 000000B0H.1 DATA     BIT       UART_TX
*SFR* 000000B0H.6 DATA     BIT       WR



SYMBOL TABLE OF MODULE:  rf24l01_51 (?C_STARTUP)

      VALUE       REP       CLASS    TYPE      SYMBOL NAME
      ====================================================
      ---         MODULE    ---      ---       ?C_STARTUP
      01000000H   PUBLIC    CODE     NEAR LAB  ?C_STARTUP
      000000E0H   SFRSYM    DATA     BYTE      ACC
      000000F0H   SFRSYM    DATA     BYTE      B
      00000083H   SFRSYM    DATA     BYTE      DPH
      00000082H   SFRSYM    DATA     BYTE      DPL
      000000A0H   SFRSYM    DATA     BYTE      PPAGE_SFR
      00000081H   SFRSYM    DATA     BYTE      SP
      00000000H   SYMBOL    NUMBER   ---       IBPSTACK
      00000100H   SYMBOL    NUMBER   ---       IBPSTACKTOP
      00000080H   SYMBOL    NUMBER   ---       IDATALEN
LX51 LINKER/LOCATER V4.66.97.0                                                        03/17/2022  22:50:30  PAGE 9


      01000615H   SYMBOL    CODE     NEAR LAB  IDATALOOP
      00000000H   SYMBOL    NUMBER   ---       PBPSTACK
      00000100H   SYMBOL    NUMBER   ---       PBPSTACKTOP
      00000000H   SYMBOL    NUMBER   ---       PDATALEN
      00000000H   SYMBOL    NUMBER   ---       PDATASTART
      00000000H   SYMBOL    NUMBER   ---       PPAGE
      00000000H   SYMBOL    NUMBER   ---       PPAGEENABLE
      01000612H   SYMBOL    CODE     NEAR LAB  STARTUP1
      00000000H   SYMBOL    NUMBER   ---       XBPSTACK
      00010000H   SYMBOL    NUMBER   ---       XBPSTACKTOP
      00000000H   SYMBOL    NUMBER   ---       XDATALEN
      00000000H   SYMBOL    NUMBER   ---       XDATASTART

      01000000H   BLOCK     CODE     NEAR LAB  LVL=0
      01000000H   LINE      CODE     ---       #126
      ---         BLOCKEND  ---      ---       LVL=0

      01000612H   BLOCK     CODE     NEAR LAB  LVL=0
      01000612H   LINE      CODE     ---       #133
      01000614H   LINE      CODE     ---       #134
      01000615H   LINE      CODE     ---       #135
      01000616H   LINE      CODE     ---       #136
      01000618H   LINE      CODE     ---       #185
      0100061BH   LINE      CODE     ---       #196
      ---         BLOCKEND  ---      ---       LVL=0

      ---         MODULE    ---      ---       MAIN
      02000085H   PUBLIC    XDATA    INT       MOD
      02000045H   PUBLIC    XDATA    ---       UART_BUFFER
      02000005H   PUBLIC    XDATA    ---       RF24L01RxBuffer
      02000004H   PUBLIC    XDATA    BYTE      pwm_t
      02000003H   PUBLIC    XDATA    BYTE      pwm_motor_val
      02000000H   PUBLIC    XDATA    ---       content
      010002F1H   PUBLIC    CODE     ---       main
      0100071DH   PUBLIC    CODE     ---       timer0
      00000091H   SFRSYM    DATA     BYTE      P1M0
      00000094H   SFRSYM    DATA     BYTE      P0M1
      00000095H   SFRSYM    DATA     BYTE      P2M0
      00000092H   SFRSYM    DATA     BYTE      P1M1
      00000080H   SFRSYM    DATA     BYTE      P0
      000000B1H   SFRSYM    DATA     BYTE      P3M0
      00000096H   SFRSYM    DATA     BYTE      P2M1
      00000090H   SFRSYM    DATA     BYTE      P1
      000000B2H   SFRSYM    DATA     BYTE      P3M1
      000000A0H   SFRSYM    DATA     BYTE      P2
      000000B0H   SFRSYM    DATA     BYTE      P3
      000000B0H.4 SFRSYM    DATA     BIT       T0
      000000D0H.6 SFRSYM    DATA     BIT       AC
      000000B0H.5 SFRSYM    DATA     BIT       T1
      00000090H.0 SFRSYM    DATA     BIT       T2
      000000A8H.7 SFRSYM    DATA     BIT       EA
      00000090H.2 SFRSYM    DATA     BIT       SPI_MISO
      00000090H.4 SFRSYM    DATA     BIT       SPI_MOSI
      00000080H.1 SFRSYM    DATA     BIT       AIN1
      00000080H.3 SFRSYM    DATA     BIT       BIN1
      00000080H.2 SFRSYM    DATA     BIT       AIN2
      00000080H.4 SFRSYM    DATA     BIT       BIN2
      000000A8H   SFRSYM    DATA     BYTE      IE
      00000090H.0 SFRSYM    DATA     BIT       RF24L01_CE
      000000C8H.6 SFRSYM    DATA     BIT       EXF2
      000000B0H.7 SFRSYM    DATA     BIT       RD
      000000A8H.4 SFRSYM    DATA     BIT       ES
      000000B8H   SFRSYM    DATA     BYTE      IP
      00000098H.0 SFRSYM    DATA     BIT       RI
      000000B0H.2 SFRSYM    DATA     BIT       INT0
LX51 LINKER/LOCATER V4.66.97.0                                                        03/17/2022  22:50:30  PAGE 10


      000000D0H.7 SFRSYM    DATA     BIT       CY
      000000A0H.3 SFRSYM    DATA     BIT       BEEP
      00000098H.1 SFRSYM    DATA     BIT       TI
      000000B0H.3 SFRSYM    DATA     BIT       INT1
      000000CBH   SFRSYM    DATA     BYTE      RCAP2H
      000000B8H.4 SFRSYM    DATA     BIT       PS
      00000081H   SFRSYM    DATA     BYTE      SP
      00000090H.1 SFRSYM    DATA     BIT       T2EX
      000000D0H.2 SFRSYM    DATA     BIT       OV
      000000CAH   SFRSYM    DATA     BYTE      RCAP2L
      000000C8H.1 SFRSYM    DATA     BIT       C_T2
      000000B0H.6 SFRSYM    DATA     BIT       WR
      000000C8H.5 SFRSYM    DATA     BIT       RCLK
      00000090H.1 SFRSYM    DATA     BIT       SPI_SCK
      000000C8H.4 SFRSYM    DATA     BIT       TCLK
      00000099H   SFRSYM    DATA     BYTE      SBUF
      00000087H   SFRSYM    DATA     BYTE      PCON
      00000098H   SFRSYM    DATA     BYTE      SCON
      00000090H.7 SFRSYM    DATA     BIT       OLED_SDIN
      00000089H   SFRSYM    DATA     BYTE      TMOD
      00000088H   SFRSYM    DATA     BYTE      TCON
      00000080H.0 SFRSYM    DATA     BIT       PWMA
      00000080H.5 SFRSYM    DATA     BIT       PWMB
      00000088H.1 SFRSYM    DATA     BIT       IE0
      00000088H.3 SFRSYM    DATA     BIT       IE1
      000000F0H   SFRSYM    DATA     BYTE      B
      00000090H.3 SFRSYM    DATA     BIT       SPI_NSS
      000000C8H.0 SFRSYM    DATA     BIT       CP_RL2
      000000E0H   SFRSYM    DATA     BYTE      ACC
      000000B0H.0 SFRSYM    DATA     BIT       UART_RX
      000000A8H.1 SFRSYM    DATA     BIT       ET0
      000000B0H.1 SFRSYM    DATA     BIT       UART_TX
      000000A8H.3 SFRSYM    DATA     BIT       ET1
      00000088H.5 SFRSYM    DATA     BIT       TF0
      000000A8H.5 SFRSYM    DATA     BIT       ET2
      00000088H.7 SFRSYM    DATA     BIT       TF1
      000000C8H.7 SFRSYM    DATA     BIT       TF2
      00000098H.2 SFRSYM    DATA     BIT       RB8
      0000008CH   SFRSYM    DATA     BYTE      TH0
      000000A8H.0 SFRSYM    DATA     BIT       EX0
      00000088H.0 SFRSYM    DATA     BIT       IT0
      0000008DH   SFRSYM    DATA     BYTE      TH1
      00000098H.3 SFRSYM    DATA     BIT       TB8
      000000A8H.2 SFRSYM    DATA     BIT       EX1
      00000088H.2 SFRSYM    DATA     BIT       IT1
      000000CDH   SFRSYM    DATA     BYTE      TH2
      000000D0H.0 SFRSYM    DATA     BIT       P
      00000098H.7 SFRSYM    DATA     BIT       SM0
      0000008AH   SFRSYM    DATA     BYTE      TL0
      00000098H.6 SFRSYM    DATA     BIT       SM1
      0000008BH   SFRSYM    DATA     BYTE      TL1
      00000098H.5 SFRSYM    DATA     BIT       SM2
      000000CCH   SFRSYM    DATA     BYTE      TL2
      000000B8H.1 SFRSYM    DATA     BIT       PT0
      000000B8H.3 SFRSYM    DATA     BIT       PT1
      000000D0H.3 SFRSYM    DATA     BIT       RS0
      000000B8H.5 SFRSYM    DATA     BIT       PT2
      00000088H.4 SFRSYM    DATA     BIT       TR0
      000000D0H.4 SFRSYM    DATA     BIT       RS1
      00000088H.6 SFRSYM    DATA     BIT       TR1
      000000C8H.2 SFRSYM    DATA     BIT       TR2
      000000B8H.0 SFRSYM    DATA     BIT       PX0
      000000B8H.2 SFRSYM    DATA     BIT       PX1
      00000083H   SFRSYM    DATA     BYTE      DPH
      00000082H   SFRSYM    DATA     BYTE      DPL
LX51 LINKER/LOCATER V4.66.97.0                                                        03/17/2022  22:50:30  PAGE 11


      000000C8H.3 SFRSYM    DATA     BIT       EXEN2
      00000098H.4 SFRSYM    DATA     BIT       REN
      000000C8H   SFRSYM    DATA     BYTE      T2CON
      00000090H.6 SFRSYM    DATA     BIT       OLED_SCL
      000000B0H.0 SFRSYM    DATA     BIT       RXD
      000000B0H.1 SFRSYM    DATA     BIT       TXD
      000000D0H.5 SFRSYM    DATA     BIT       F0
      00000090H.5 SFRSYM    DATA     BIT       RF24L01_IRQ
      000000D0H   SFRSYM    DATA     BYTE      PSW
      00000093H   SFRSYM    DATA     BYTE      P0M0

      0100071DH   BLOCK     CODE     ---       LVL=0
      0100071DH   LINE      CODE     ---       #43
      0100072EH   LINE      CODE     ---       #45
      01000734H   LINE      CODE     ---       #46
      01000739H   LINE      CODE     ---       #47
      01000739H   LINE      CODE     ---       #48
      01000746H   LINE      CODE     ---       #49
      01000746H   LINE      CODE     ---       #50
      01000748H   LINE      CODE     ---       #51
      0100074AH   LINE      CODE     ---       #52
      01000752H   LINE      CODE     ---       #54
      01000754H   LINE      CODE     ---       #55
      01000756H   LINE      CODE     ---       #56
      0100075EH   LINE      CODE     ---       #58
      01000760H   LINE      CODE     ---       #59
      01000762H   LINE      CODE     ---       #60
      0100076AH   LINE      CODE     ---       #62
      0100076CH   LINE      CODE     ---       #63
      0100076EH   LINE      CODE     ---       #64
      0100076EH   LINE      CODE     ---       #65
      0100076EH   LINE      CODE     ---       #66
      01000775H   LINE      CODE     ---       #67
      01000775H   LINE      CODE     ---       #68
      01000777H   LINE      CODE     ---       #69
      01000779H   LINE      CODE     ---       #70
      01000779H   LINE      CODE     ---       #71
      ---         BLOCKEND  ---      ---       LVL=0

      010002F1H   BLOCK     CODE     ---       LVL=0
      010002F1H   BLOCK     CODE     NEAR LAB  LVL=1
      00000007H   SYMBOL    DATA     BYTE      j
      02000087H   SYMBOL    XDATA    WORD      num
      ---         BLOCKEND  ---      ---       LVL=1
      010002F1H   LINE      CODE     ---       #73
      010002F1H   LINE      CODE     ---       #74
      010002F1H   LINE      CODE     ---       #76
      010002F8H   LINE      CODE     ---       #77
      010002FBH   LINE      CODE     ---       #78
      010002FEH   LINE      CODE     ---       #80
      01000301H   LINE      CODE     ---       #83
      01000304H   LINE      CODE     ---       #86
      01000307H   LINE      CODE     ---       #87
      0100030AH   LINE      CODE     ---       #88
      0100030FH   LINE      CODE     ---       #89
      01000317H   LINE      CODE     ---       #94
      0100031AH   LINE      CODE     ---       #95
      0100031DH   LINE      CODE     ---       #96
      01000320H   LINE      CODE     ---       #97
      01000322H   LINE      CODE     ---       #98
      01000324H   LINE      CODE     ---       #99
      01000326H   LINE      CODE     ---       #101
      01000328H   LINE      CODE     ---       #102
      0100032AH   LINE      CODE     ---       #104
      0100032CH   LINE      CODE     ---       #105
LX51 LINKER/LOCATER V4.66.97.0                                                        03/17/2022  22:50:30  PAGE 12


      0100032EH   LINE      CODE     ---       #108
      0100032EH   LINE      CODE     ---       #109
      0100032EH   LINE      CODE     ---       #111
      01000337H   LINE      CODE     ---       #113
      0100033AH   LINE      CODE     ---       #114
      0100033AH   LINE      CODE     ---       #119
      01000343H   LINE      CODE     ---       #120
      01000343H   LINE      CODE     ---       #121
      0100034BH   LINE      CODE     ---       #122
      0100034DH   LINE      CODE     ---       #123
      0100034FH   LINE      CODE     ---       #124
      01000351H   LINE      CODE     ---       #126
      01000351H   LINE      CODE     ---       #127
      01000359H   LINE      CODE     ---       #128
      01000359H   LINE      CODE     ---       #129
      0100035BH   LINE      CODE     ---       #130
      01000361H   LINE      CODE     ---       #131
      01000361H   LINE      CODE     ---       #133
      01000361H   LINE      CODE     ---       #134
      01000369H   LINE      CODE     ---       #135
      01000369H   LINE      CODE     ---       #136
      0100036BH   LINE      CODE     ---       #137
      01000373H   LINE      CODE     ---       #138
      01000375H   LINE      CODE     ---       #139
      01000375H   LINE      CODE     ---       #140
      0100037DH   LINE      CODE     ---       #141
      0100037DH   LINE      CODE     ---       #142
      0100037FH   LINE      CODE     ---       #143
      01000387H   LINE      CODE     ---       #144
      01000389H   LINE      CODE     ---       #145
      01000389H   LINE      CODE     ---       #146
      01000391H   LINE      CODE     ---       #147
      01000391H   LINE      CODE     ---       #148
      01000393H   LINE      CODE     ---       #149
      0100039BH   LINE      CODE     ---       #150
      0100039DH   LINE      CODE     ---       #151
      010003A3H   LINE      CODE     ---       #152
      010003A5H   LINE      CODE     ---       #154
      010003ABH   LINE      CODE     ---       #155
      010003ABH   LINE      CODE     ---       #156
      010003ADH   LINE      CODE     ---       #158
      010003B3H   LINE      CODE     ---       #159
      010003B3H   LINE      CODE     ---       #162
      ---         BLOCKEND  ---      ---       LVL=0

      ---         MODULE    ---      ---       DELAY
      010009F3H   PUBLIC    CODE     ---       _delay_ms
      010009B6H   PUBLIC    CODE     ---       delay_1ms
      00000091H   SFRSYM    DATA     BYTE      P1M0
      00000094H   SFRSYM    DATA     BYTE      P0M1
      00000095H   SFRSYM    DATA     BYTE      P2M0
      00000092H   SFRSYM    DATA     BYTE      P1M1
      000000B1H   SFRSYM    DATA     BYTE      P3M0
      00000096H   SFRSYM    DATA     BYTE      P2M1
      000000B2H   SFRSYM    DATA     BYTE      P3M1
      00000093H   SFRSYM    DATA     BYTE      P0M0

      010009B6H   BLOCK     CODE     ---       LVL=0
      010009B6H   BLOCK     CODE     NEAR LAB  LVL=1
      00000006H   SYMBOL    DATA     WORD      Ms
      00000004H   SYMBOL    DATA     WORD      j
      ---         BLOCKEND  ---      ---       LVL=1
      010009B6H   LINE      CODE     ---       #35
      010009B6H   LINE      CODE     ---       #36
      010009B6H   LINE      CODE     ---       #37
LX51 LINKER/LOCATER V4.66.97.0                                                        03/17/2022  22:50:30  PAGE 13


      010009BAH   LINE      CODE     ---       #38
      010009BEH   LINE      CODE     ---       #40
      010009C8H   LINE      CODE     ---       #41
      010009C8H   LINE      CODE     ---       #42
      010009D4H   LINE      CODE     ---       #43
      010009D4H   LINE      CODE     ---       #44
      ---         BLOCKEND  ---      ---       LVL=0

      010009F3H   BLOCK     CODE     ---       LVL=0
      02000093H   SYMBOL    XDATA    WORD      Ms
      010009F3H   LINE      CODE     ---       #53
      010009FBH   LINE      CODE     ---       #54
      010009FBH   LINE      CODE     ---       #55
      01000A09H   LINE      CODE     ---       #56
      01000A09H   LINE      CODE     ---       #57
      01000A0CH   LINE      CODE     ---       #58
      01000A0EH   LINE      CODE     ---       #59
      ---         BLOCKEND  ---      ---       LVL=0

      ---         MODULE    ---      ---       UART
      01000A0FH   PUBLIC    CODE     ---       _drv_uart_tx_bytes
      00000091H   SFRSYM    DATA     BYTE      P1M0
      00000094H   SFRSYM    DATA     BYTE      P0M1
      00000095H   SFRSYM    DATA     BYTE      P2M0
      00000092H   SFRSYM    DATA     BYTE      P1M1
      00000080H   SFRSYM    DATA     BYTE      P0
      000000B1H   SFRSYM    DATA     BYTE      P3M0
      00000096H   SFRSYM    DATA     BYTE      P2M1
      00000090H   SFRSYM    DATA     BYTE      P1
      000000B2H   SFRSYM    DATA     BYTE      P3M1
      000000A0H   SFRSYM    DATA     BYTE      P2
      000000B0H   SFRSYM    DATA     BYTE      P3
      000000B0H.4 SFRSYM    DATA     BIT       T0
      000000D0H.6 SFRSYM    DATA     BIT       AC
      000000B0H.5 SFRSYM    DATA     BIT       T1
      00000090H.0 SFRSYM    DATA     BIT       T2
      000000A8H.7 SFRSYM    DATA     BIT       EA
      00000090H.2 SFRSYM    DATA     BIT       SPI_MISO
      00000090H.4 SFRSYM    DATA     BIT       SPI_MOSI
      000000A8H   SFRSYM    DATA     BYTE      IE
      00000090H.0 SFRSYM    DATA     BIT       RF24L01_CE
      000000C8H.6 SFRSYM    DATA     BIT       EXF2
      000000B0H.7 SFRSYM    DATA     BIT       RD
      000000A8H.4 SFRSYM    DATA     BIT       ES
      000000B8H   SFRSYM    DATA     BYTE      IP
      00000098H.0 SFRSYM    DATA     BIT       RI
      000000B0H.2 SFRSYM    DATA     BIT       INT0
      000000D0H.7 SFRSYM    DATA     BIT       CY
      00000098H.1 SFRSYM    DATA     BIT       TI
      000000B0H.3 SFRSYM    DATA     BIT       INT1
      000000CBH   SFRSYM    DATA     BYTE      RCAP2H
      000000B8H.4 SFRSYM    DATA     BIT       PS
      00000081H   SFRSYM    DATA     BYTE      SP
      00000090H.1 SFRSYM    DATA     BIT       T2EX
      000000D0H.2 SFRSYM    DATA     BIT       OV
      000000CAH   SFRSYM    DATA     BYTE      RCAP2L
      000000C8H.1 SFRSYM    DATA     BIT       C_T2
      000000B0H.6 SFRSYM    DATA     BIT       WR
      000000C8H.5 SFRSYM    DATA     BIT       RCLK
      00000090H.1 SFRSYM    DATA     BIT       SPI_SCK
      000000C8H.4 SFRSYM    DATA     BIT       TCLK
      00000099H   SFRSYM    DATA     BYTE      SBUF
      00000087H   SFRSYM    DATA     BYTE      PCON
      00000098H   SFRSYM    DATA     BYTE      SCON
      00000090H.7 SFRSYM    DATA     BIT       OLED_SDIN
LX51 LINKER/LOCATER V4.66.97.0                                                        03/17/2022  22:50:30  PAGE 14


      00000089H   SFRSYM    DATA     BYTE      TMOD
      00000088H   SFRSYM    DATA     BYTE      TCON
      00000088H.1 SFRSYM    DATA     BIT       IE0
      00000088H.3 SFRSYM    DATA     BIT       IE1
      000000F0H   SFRSYM    DATA     BYTE      B
      00000090H.3 SFRSYM    DATA     BIT       SPI_NSS
      000000C8H.0 SFRSYM    DATA     BIT       CP_RL2
      000000E0H   SFRSYM    DATA     BYTE      ACC
      000000B0H.0 SFRSYM    DATA     BIT       UART_RX
      000000A8H.1 SFRSYM    DATA     BIT       ET0
      000000B0H.1 SFRSYM    DATA     BIT       UART_TX
      000000A8H.3 SFRSYM    DATA     BIT       ET1
      00000088H.5 SFRSYM    DATA     BIT       TF0
      000000A8H.5 SFRSYM    DATA     BIT       ET2
      00000088H.7 SFRSYM    DATA     BIT       TF1
      000000C8H.7 SFRSYM    DATA     BIT       TF2
      00000098H.2 SFRSYM    DATA     BIT       RB8
      0000008CH   SFRSYM    DATA     BYTE      TH0
      000000A8H.0 SFRSYM    DATA     BIT       EX0
      00000088H.0 SFRSYM    DATA     BIT       IT0
      0000008DH   SFRSYM    DATA     BYTE      TH1
      00000098H.3 SFRSYM    DATA     BIT       TB8
      000000A8H.2 SFRSYM    DATA     BIT       EX1
      00000088H.2 SFRSYM    DATA     BIT       IT1
      000000CDH   SFRSYM    DATA     BYTE      TH2
      000000D0H.0 SFRSYM    DATA     BIT       P
      00000098H.7 SFRSYM    DATA     BIT       SM0
      0000008AH   SFRSYM    DATA     BYTE      TL0
      00000098H.6 SFRSYM    DATA     BIT       SM1
      0000008BH   SFRSYM    DATA     BYTE      TL1
      00000098H.5 SFRSYM    DATA     BIT       SM2
      000000CCH   SFRSYM    DATA     BYTE      TL2
      000000B8H.1 SFRSYM    DATA     BIT       PT0
      000000B8H.3 SFRSYM    DATA     BIT       PT1
      000000D0H.3 SFRSYM    DATA     BIT       RS0
      000000B8H.5 SFRSYM    DATA     BIT       PT2
      00000088H.4 SFRSYM    DATA     BIT       TR0
      000000D0H.4 SFRSYM    DATA     BIT       RS1
      00000088H.6 SFRSYM    DATA     BIT       TR1
      000000C8H.2 SFRSYM    DATA     BIT       TR2
      000000B8H.0 SFRSYM    DATA     BIT       PX0
      000000B8H.2 SFRSYM    DATA     BIT       PX1
      00000083H   SFRSYM    DATA     BYTE      DPH
      00000082H   SFRSYM    DATA     BYTE      DPL
      000000C8H.3 SFRSYM    DATA     BIT       EXEN2
      00000098H.4 SFRSYM    DATA     BIT       REN
      000000C8H   SFRSYM    DATA     BYTE      T2CON
      00000090H.6 SFRSYM    DATA     BIT       OLED_SCL
      000000B0H.0 SFRSYM    DATA     BIT       RXD
      000000B0H.1 SFRSYM    DATA     BIT       TXD
      000000D0H.5 SFRSYM    DATA     BIT       F0
      00000090H.5 SFRSYM    DATA     BIT       RF24L01_IRQ
      000000D0H   SFRSYM    DATA     BYTE      PSW
      00000093H   SFRSYM    DATA     BYTE      P0M0

      01000A0FH   BLOCK     CODE     ---       LVL=0
      00000001H   SYMBOL    DATA     ---       TxBuffer
      00000005H   SYMBOL    DATA     BYTE      Length
      01000A0FH   LINE      CODE     ---       #68
      01000A0FH   LINE      CODE     ---       #69
      01000A0FH   LINE      CODE     ---       #70
      01000A15H   LINE      CODE     ---       #71
      01000A15H   LINE      CODE     ---       #72
      01000A18H   LINE      CODE     ---       #73
      01000A1AH   LINE      CODE     ---       #74
LX51 LINKER/LOCATER V4.66.97.0                                                        03/17/2022  22:50:30  PAGE 15


      01000A1FH   LINE      CODE     ---       #75
      01000A26H   LINE      CODE     ---       #76
      01000A28H   LINE      CODE     ---       #77
      ---         BLOCKEND  ---      ---       LVL=0
      00000001H   SYMBOL    DATA     ---       RxBuffer
      00000006H   SYMBOL    DATA     WORD      l_UartRxTimOut

      ---         MODULE    ---      ---       SPI
      01000817H   PUBLIC    CODE     ---       _drv_spi_read_write_byte
      010009D5H   PUBLIC    CODE     ---       drv_spi_init
      00000091H   SFRSYM    DATA     BYTE      P1M0
      00000094H   SFRSYM    DATA     BYTE      P0M1
      00000095H   SFRSYM    DATA     BYTE      P2M0
      00000092H   SFRSYM    DATA     BYTE      P1M1
      00000080H   SFRSYM    DATA     BYTE      P0
      000000B1H   SFRSYM    DATA     BYTE      P3M0
      00000096H   SFRSYM    DATA     BYTE      P2M1
      00000090H   SFRSYM    DATA     BYTE      P1
      000000B2H   SFRSYM    DATA     BYTE      P3M1
      000000A0H   SFRSYM    DATA     BYTE      P2
      000000B0H   SFRSYM    DATA     BYTE      P3
      000000B0H.4 SFRSYM    DATA     BIT       T0
      000000D0H.6 SFRSYM    DATA     BIT       AC
      000000B0H.5 SFRSYM    DATA     BIT       T1
      00000090H.0 SFRSYM    DATA     BIT       T2
      000000A8H.7 SFRSYM    DATA     BIT       EA
      00000090H.2 SFRSYM    DATA     BIT       SPI_MISO
      00000090H.4 SFRSYM    DATA     BIT       SPI_MOSI
      000000A8H   SFRSYM    DATA     BYTE      IE
      000000C8H.6 SFRSYM    DATA     BIT       EXF2
      000000B0H.7 SFRSYM    DATA     BIT       RD
      000000A8H.4 SFRSYM    DATA     BIT       ES
      000000B8H   SFRSYM    DATA     BYTE      IP
      00000098H.0 SFRSYM    DATA     BIT       RI
      000000B0H.2 SFRSYM    DATA     BIT       INT0
      000000D0H.7 SFRSYM    DATA     BIT       CY
      00000098H.1 SFRSYM    DATA     BIT       TI
      000000B0H.3 SFRSYM    DATA     BIT       INT1
      000000CBH   SFRSYM    DATA     BYTE      RCAP2H
      000000B8H.4 SFRSYM    DATA     BIT       PS
      00000081H   SFRSYM    DATA     BYTE      SP
      00000090H.1 SFRSYM    DATA     BIT       T2EX
      000000D0H.2 SFRSYM    DATA     BIT       OV
      000000CAH   SFRSYM    DATA     BYTE      RCAP2L
      000000C8H.1 SFRSYM    DATA     BIT       C_T2
      000000B0H.6 SFRSYM    DATA     BIT       WR
      000000C8H.5 SFRSYM    DATA     BIT       RCLK
      00000090H.1 SFRSYM    DATA     BIT       SPI_SCK
      000000C8H.4 SFRSYM    DATA     BIT       TCLK
      00000099H   SFRSYM    DATA     BYTE      SBUF
      00000087H   SFRSYM    DATA     BYTE      PCON
      00000098H   SFRSYM    DATA     BYTE      SCON
      00000089H   SFRSYM    DATA     BYTE      TMOD
      00000088H   SFRSYM    DATA     BYTE      TCON
      00000088H.1 SFRSYM    DATA     BIT       IE0
      00000088H.3 SFRSYM    DATA     BIT       IE1
      000000F0H   SFRSYM    DATA     BYTE      B
      00000090H.3 SFRSYM    DATA     BIT       SPI_NSS
      000000C8H.0 SFRSYM    DATA     BIT       CP_RL2
      000000E0H   SFRSYM    DATA     BYTE      ACC
      000000A8H.1 SFRSYM    DATA     BIT       ET0
      000000A8H.3 SFRSYM    DATA     BIT       ET1
      00000088H.5 SFRSYM    DATA     BIT       TF0
      000000A8H.5 SFRSYM    DATA     BIT       ET2
      00000088H.7 SFRSYM    DATA     BIT       TF1
LX51 LINKER/LOCATER V4.66.97.0                                                        03/17/2022  22:50:30  PAGE 16


      000000C8H.7 SFRSYM    DATA     BIT       TF2
      00000098H.2 SFRSYM    DATA     BIT       RB8
      0000008CH   SFRSYM    DATA     BYTE      TH0
      000000A8H.0 SFRSYM    DATA     BIT       EX0
      00000088H.0 SFRSYM    DATA     BIT       IT0
      0000008DH   SFRSYM    DATA     BYTE      TH1
      00000098H.3 SFRSYM    DATA     BIT       TB8
      000000A8H.2 SFRSYM    DATA     BIT       EX1
      00000088H.2 SFRSYM    DATA     BIT       IT1
      000000CDH   SFRSYM    DATA     BYTE      TH2
      000000D0H.0 SFRSYM    DATA     BIT       P
      00000098H.7 SFRSYM    DATA     BIT       SM0
      0000008AH   SFRSYM    DATA     BYTE      TL0
      00000098H.6 SFRSYM    DATA     BIT       SM1
      0000008BH   SFRSYM    DATA     BYTE      TL1
      00000098H.5 SFRSYM    DATA     BIT       SM2
      000000CCH   SFRSYM    DATA     BYTE      TL2
      000000B8H.1 SFRSYM    DATA     BIT       PT0
      000000B8H.3 SFRSYM    DATA     BIT       PT1
      000000D0H.3 SFRSYM    DATA     BIT       RS0
      000000B8H.5 SFRSYM    DATA     BIT       PT2
      00000088H.4 SFRSYM    DATA     BIT       TR0
      000000D0H.4 SFRSYM    DATA     BIT       RS1
      00000088H.6 SFRSYM    DATA     BIT       TR1
      000000C8H.2 SFRSYM    DATA     BIT       TR2
      000000B8H.0 SFRSYM    DATA     BIT       PX0
      000000B8H.2 SFRSYM    DATA     BIT       PX1
      00000083H   SFRSYM    DATA     BYTE      DPH
      00000082H   SFRSYM    DATA     BYTE      DPL
      000000C8H.3 SFRSYM    DATA     BIT       EXEN2
      00000098H.4 SFRSYM    DATA     BIT       REN
      000000C8H   SFRSYM    DATA     BYTE      T2CON
      000000B0H.0 SFRSYM    DATA     BIT       RXD
      000000B0H.1 SFRSYM    DATA     BIT       TXD
      000000D0H.5 SFRSYM    DATA     BIT       F0
      000000D0H   SFRSYM    DATA     BYTE      PSW
      00000093H   SFRSYM    DATA     BYTE      P0M0

      010009D5H   BLOCK     CODE     ---       LVL=0
      010009D5H   LINE      CODE     ---       #36
      010009D5H   LINE      CODE     ---       #37
      010009D5H   LINE      CODE     ---       #40
      010009D8H   LINE      CODE     ---       #41
      010009DBH   LINE      CODE     ---       #43
      010009DDH   LINE      CODE     ---       #44
      010009E0H   LINE      CODE     ---       #46
      010009E2H   LINE      CODE     ---       #47
      010009E5H   LINE      CODE     ---       #50
      010009E8H   LINE      CODE     ---       #51
      010009EAH   LINE      CODE     ---       #54
      010009ECH   LINE      CODE     ---       #56
      010009EEH   LINE      CODE     ---       #57
      010009F0H   LINE      CODE     ---       #58
      010009F2H   LINE      CODE     ---       #59
      ---         BLOCKEND  ---      ---       LVL=0

      01000817H   BLOCK     CODE     ---       LVL=0
      00000007H   SYMBOL    DATA     BYTE      TxByte
      01000817H   BLOCK     CODE     NEAR LAB  LVL=1
      00000006H   SYMBOL    DATA     BYTE      i
      00000005H   SYMBOL    DATA     BYTE      Data
      ---         BLOCKEND  ---      ---       LVL=1
      01000817H   LINE      CODE     ---       #68
      01000817H   LINE      CODE     ---       #69
      01000817H   LINE      CODE     ---       #70
LX51 LINKER/LOCATER V4.66.97.0                                                        03/17/2022  22:50:30  PAGE 17


      0100081AH   LINE      CODE     ---       #72
      0100081CH   LINE      CODE     ---       #74
      01000826H   LINE      CODE     ---       #75
      01000826H   LINE      CODE     ---       #77
      0100082DH   LINE      CODE     ---       #78
      0100082DH   LINE      CODE     ---       #79
      0100082FH   LINE      CODE     ---       #80
      01000831H   LINE      CODE     ---       #82
      01000831H   LINE      CODE     ---       #83
      01000833H   LINE      CODE     ---       #84
      01000833H   LINE      CODE     ---       #85
      01000837H   LINE      CODE     ---       #86
      01000839H   LINE      CODE     ---       #87
      0100083AH   LINE      CODE     ---       #90
      0100083EH   LINE      CODE     ---       #91
      0100084FH   LINE      CODE     ---       #92
      0100084FH   LINE      CODE     ---       #93
      01000853H   LINE      CODE     ---       #94
      01000853H   LINE      CODE     ---       #96
      01000855H   LINE      CODE     ---       #97
      01000856H   LINE      CODE     ---       #98
      01000859H   LINE      CODE     ---       #100
      0100085BH   LINE      CODE     ---       #101
      ---         BLOCKEND  ---      ---       LVL=0

      ---         MODULE    ---      ---       OLED
      010012CFH   PUBLIC    CONST    ---       Hzk
      01000CDFH   PUBLIC    CONST    ---       F8X16
      01000AB7H   PUBLIC    CONST    ---       F6x8
      01000211H   PUBLIC    CODE     ---       OLED_Init
      01000454H   PUBLIC    CODE     ---       _OLED_ShowCHinese
      01000894H   PUBLIC    CODE     ---       OLED_Clear
      010008D3H   PUBLIC    CODE     ---       _OLED_Set_Pos
      0100097BH   PUBLIC    CODE     ---       _OLED_WR_Byte
      01000A89H   PUBLIC    CODE     ---       _Write_IIC_Data
      01000A7BH   PUBLIC    CODE     ---       _Write_IIC_Command
      01000937H   PUBLIC    CODE     ---       _Write_IIC_Byte
      01000A67H   PUBLIC    CODE     ---       IIC_Wait_Ack
      01000003H   PUBLIC    CODE     ---       IIC_Stop
      01000AAEH   PUBLIC    CODE     ---       IIC_Start
      00000091H   SFRSYM    DATA     BYTE      P1M0
      00000094H   SFRSYM    DATA     BYTE      P0M1
      00000095H   SFRSYM    DATA     BYTE      P2M0
      00000092H   SFRSYM    DATA     BYTE      P1M1
      00000080H   SFRSYM    DATA     BYTE      P0
      000000B1H   SFRSYM    DATA     BYTE      P3M0
      00000096H   SFRSYM    DATA     BYTE      P2M1
      00000090H   SFRSYM    DATA     BYTE      P1
      000000B2H   SFRSYM    DATA     BYTE      P3M1
      000000A0H   SFRSYM    DATA     BYTE      P2
      000000B0H   SFRSYM    DATA     BYTE      P3
      000000B0H.4 SFRSYM    DATA     BIT       T0
      000000D0H.6 SFRSYM    DATA     BIT       AC
      000000B0H.5 SFRSYM    DATA     BIT       T1
      00000090H.0 SFRSYM    DATA     BIT       T2
      000000A8H.7 SFRSYM    DATA     BIT       EA
      00000090H.2 SFRSYM    DATA     BIT       SPI_MISO
      00000090H.4 SFRSYM    DATA     BIT       SPI_MOSI
      000000A8H   SFRSYM    DATA     BYTE      IE
      00000090H.0 SFRSYM    DATA     BIT       RF24L01_CE
      000000C8H.6 SFRSYM    DATA     BIT       EXF2
      000000B0H.7 SFRSYM    DATA     BIT       RD
      000000A8H.4 SFRSYM    DATA     BIT       ES
      000000B8H   SFRSYM    DATA     BYTE      IP
      00000098H.0 SFRSYM    DATA     BIT       RI
LX51 LINKER/LOCATER V4.66.97.0                                                        03/17/2022  22:50:30  PAGE 18


      000000B0H.2 SFRSYM    DATA     BIT       INT0
      000000D0H.7 SFRSYM    DATA     BIT       CY
      00000098H.1 SFRSYM    DATA     BIT       TI
      000000B0H.3 SFRSYM    DATA     BIT       INT1
      000000CBH   SFRSYM    DATA     BYTE      RCAP2H
      000000B8H.4 SFRSYM    DATA     BIT       PS
      00000081H   SFRSYM    DATA     BYTE      SP
      00000090H.1 SFRSYM    DATA     BIT       T2EX
      000000D0H.2 SFRSYM    DATA     BIT       OV
      000000CAH   SFRSYM    DATA     BYTE      RCAP2L
      000000C8H.1 SFRSYM    DATA     BIT       C_T2
      000000B0H.6 SFRSYM    DATA     BIT       WR
      000000C8H.5 SFRSYM    DATA     BIT       RCLK
      00000090H.1 SFRSYM    DATA     BIT       SPI_SCK
      000000C8H.4 SFRSYM    DATA     BIT       TCLK
      00000099H   SFRSYM    DATA     BYTE      SBUF
      00000087H   SFRSYM    DATA     BYTE      PCON
      00000098H   SFRSYM    DATA     BYTE      SCON
      00000090H.7 SFRSYM    DATA     BIT       OLED_SDIN
      00000089H   SFRSYM    DATA     BYTE      TMOD
      00000088H   SFRSYM    DATA     BYTE      TCON
      00000088H.1 SFRSYM    DATA     BIT       IE0
      00000088H.3 SFRSYM    DATA     BIT       IE1
      000000F0H   SFRSYM    DATA     BYTE      B
      00000090H.3 SFRSYM    DATA     BIT       SPI_NSS
      000000C8H.0 SFRSYM    DATA     BIT       CP_RL2
      000000E0H   SFRSYM    DATA     BYTE      ACC
      000000B0H.0 SFRSYM    DATA     BIT       UART_RX
      000000A8H.1 SFRSYM    DATA     BIT       ET0
      000000B0H.1 SFRSYM    DATA     BIT       UART_TX
      000000A8H.3 SFRSYM    DATA     BIT       ET1
      00000088H.5 SFRSYM    DATA     BIT       TF0
      000000A8H.5 SFRSYM    DATA     BIT       ET2
      00000088H.7 SFRSYM    DATA     BIT       TF1
      000000C8H.7 SFRSYM    DATA     BIT       TF2
      00000098H.2 SFRSYM    DATA     BIT       RB8
      0000008CH   SFRSYM    DATA     BYTE      TH0
      000000A8H.0 SFRSYM    DATA     BIT       EX0
      00000088H.0 SFRSYM    DATA     BIT       IT0
      0000008DH   SFRSYM    DATA     BYTE      TH1
      00000098H.3 SFRSYM    DATA     BIT       TB8
      000000A8H.2 SFRSYM    DATA     BIT       EX1
      00000088H.2 SFRSYM    DATA     BIT       IT1
      000000CDH   SFRSYM    DATA     BYTE      TH2
      000000D0H.0 SFRSYM    DATA     BIT       P
      00000098H.7 SFRSYM    DATA     BIT       SM0
      0000008AH   SFRSYM    DATA     BYTE      TL0
      00000098H.6 SFRSYM    DATA     BIT       SM1
      0000008BH   SFRSYM    DATA     BYTE      TL1
      00000098H.5 SFRSYM    DATA     BIT       SM2
      000000CCH   SFRSYM    DATA     BYTE      TL2
      000000B8H.1 SFRSYM    DATA     BIT       PT0
      000000B8H.3 SFRSYM    DATA     BIT       PT1
      000000D0H.3 SFRSYM    DATA     BIT       RS0
      000000B8H.5 SFRSYM    DATA     BIT       PT2
      00000088H.4 SFRSYM    DATA     BIT       TR0
      000000D0H.4 SFRSYM    DATA     BIT       RS1
      00000088H.6 SFRSYM    DATA     BIT       TR1
      000000C8H.2 SFRSYM    DATA     BIT       TR2
      000000B8H.0 SFRSYM    DATA     BIT       PX0
      000000B8H.2 SFRSYM    DATA     BIT       PX1
      00000083H   SFRSYM    DATA     BYTE      DPH
      00000082H   SFRSYM    DATA     BYTE      DPL
      000000C8H.3 SFRSYM    DATA     BIT       EXEN2
      00000098H.4 SFRSYM    DATA     BIT       REN
LX51 LINKER/LOCATER V4.66.97.0                                                        03/17/2022  22:50:30  PAGE 19


      000000C8H   SFRSYM    DATA     BYTE      T2CON
      00000090H.6 SFRSYM    DATA     BIT       OLED_SCL
      000000B0H.0 SFRSYM    DATA     BIT       RXD
      000000B0H.1 SFRSYM    DATA     BIT       TXD
      000000D0H.5 SFRSYM    DATA     BIT       F0
      00000090H.5 SFRSYM    DATA     BIT       RF24L01_IRQ
      000000D0H   SFRSYM    DATA     BYTE      PSW
      00000093H   SFRSYM    DATA     BYTE      P0M0

      01000AAEH   BLOCK     CODE     ---       LVL=0
      01000AAEH   LINE      CODE     ---       #30
      01000AAEH   LINE      CODE     ---       #31
      01000AAEH   LINE      CODE     ---       #33
      01000AB0H   LINE      CODE     ---       #34
      01000AB2H   LINE      CODE     ---       #35
      01000AB4H   LINE      CODE     ---       #36
      01000AB6H   LINE      CODE     ---       #37
      ---         BLOCKEND  ---      ---       LVL=0

      01000003H   BLOCK     CODE     ---       LVL=0
      01000003H   LINE      CODE     ---       #42
      01000003H   LINE      CODE     ---       #43
      01000003H   LINE      CODE     ---       #44
      01000005H   LINE      CODE     ---       #46
      01000007H   LINE      CODE     ---       #47
      01000009H   LINE      CODE     ---       #49
      ---         BLOCKEND  ---      ---       LVL=0

      01000A5CH   BLOCK     CODE     ---       LVL=0
      ---         BLOCKEND  ---      ---       LVL=0

      01000A67H   BLOCK     CODE     ---       LVL=0
      01000A67H   LINE      CODE     ---       #51
      01000A67H   LINE      CODE     ---       #52
      01000A67H   LINE      CODE     ---       #70
      01000A69H   LINE      CODE     ---       #71
      01000A6BH   LINE      CODE     ---       #72
      ---         BLOCKEND  ---      ---       LVL=0

      01000930H   BLOCK     CODE     ---       LVL=0
      ---         BLOCKEND  ---      ---       LVL=0

      01000937H   BLOCK     CODE     ---       LVL=0
      00000007H   SYMBOL    DATA     BYTE      IIC_Byte
      00000006H   SYMBOL    DATA     BYTE      i
      00000005H   SYMBOL    DATA     BYTE      m
      00000007H   SYMBOL    DATA     BYTE      da
      01000937H   BLOCK     CODE     NEAR LAB  LVL=1
      00000006H   SYMBOL    DATA     BYTE      i
      00000005H   SYMBOL    DATA     BYTE      m
      00000007H   SYMBOL    DATA     BYTE      da
      ---         BLOCKEND  ---      ---       LVL=1
      01000937H   LINE      CODE     ---       #77
      01000937H   LINE      CODE     ---       #78
      01000937H   LINE      CODE     ---       #81
      01000937H   LINE      CODE     ---       #82
      01000939H   LINE      CODE     ---       #83
      01000945H   LINE      CODE     ---       #84
      01000945H   LINE      CODE     ---       #85
      01000947H   LINE      CODE     ---       #87
      0100094AH   LINE      CODE     ---       #88
      0100094EH   LINE      CODE     ---       #89
      01000952H   LINE      CODE     ---       #90
      01000954H   LINE      CODE     ---       #91
      01000958H   LINE      CODE     ---       #92
LX51 LINKER/LOCATER V4.66.97.0                                                        03/17/2022  22:50:30  PAGE 20


      0100095AH   LINE      CODE     ---       #93
      0100095CH   LINE      CODE     ---       #94
      0100095FH   LINE      CODE     ---       #97
      ---         BLOCKEND  ---      ---       LVL=0

      01000A7BH   BLOCK     CODE     ---       LVL=0
      00000004H   SYMBOL    DATA     BYTE      IIC_Command
      01000A7BH   LINE      CODE     ---       #101
      01000A7BH   LINE      CODE     ---       #102
      01000A7BH   LINE      CODE     ---       #103
      01000A7BH   LINE      CODE     ---       #104
      01000A7EH   LINE      CODE     ---       #105
      01000A81H   LINE      CODE     ---       #106
      01000A83H   LINE      CODE     ---       #107
      01000A83H   LINE      CODE     ---       #108
      01000A83H   LINE      CODE     ---       #109
      01000A86H   LINE      CODE     ---       #110
      ---         BLOCKEND  ---      ---       LVL=0

      01000A89H   BLOCK     CODE     ---       LVL=0
      00000004H   SYMBOL    DATA     BYTE      IIC_Data
      01000A89H   LINE      CODE     ---       #115
      01000A89H   LINE      CODE     ---       #116
      01000A89H   LINE      CODE     ---       #117
      01000A89H   LINE      CODE     ---       #118
      01000A8CH   LINE      CODE     ---       #119
      01000A8FH   LINE      CODE     ---       #120
      01000A91H   LINE      CODE     ---       #121
      01000A91H   LINE      CODE     ---       #122
      01000A91H   LINE      CODE     ---       #123
      01000A94H   LINE      CODE     ---       #124
      ---         BLOCKEND  ---      ---       LVL=0

      01000960H   BLOCK     CODE     ---       LVL=0
      ---         BLOCKEND  ---      ---       LVL=0

      0100097BH   BLOCK     CODE     ---       LVL=0
      00000002H   SYMBOL    DATA     WORD      dat
      00000004H   SYMBOL    DATA     WORD      cmd
      0100097BH   LINE      CODE     ---       #126
      0100097FH   LINE      CODE     ---       #127
      0100097FH   LINE      CODE     ---       #128
      01000983H   LINE      CODE     ---       #129
      01000983H   LINE      CODE     ---       #131
      01000986H   LINE      CODE     ---       #133
      01000986H   LINE      CODE     ---       #134
      01000986H   LINE      CODE     ---       #135
      0100098BH   LINE      CODE     ---       #137
      0100098BH   LINE      CODE     ---       #140
      ---         BLOCKEND  ---      ---       LVL=0
      00000001H   SYMBOL    DATA     BYTE      m
      00000006H   SYMBOL    DATA     WORD      Del_50ms
      00000004H   SYMBOL    DATA     WORD      m
      00000006H   SYMBOL    DATA     WORD      Del_1ms
      00000005H   SYMBOL    DATA     BYTE      j

      010008CBH   BLOCK     CODE     ---       LVL=0
      ---         BLOCKEND  ---      ---       LVL=0

      010008D3H   BLOCK     CODE     ---       LVL=0
      00000001H   SYMBOL    DATA     BYTE      x
      00000005H   SYMBOL    DATA     BYTE      y
      010008D3H   LINE      CODE     ---       #180
      010008D5H   LINE      CODE     ---       #181
      010008E2H   LINE      CODE     ---       #182
LX51 LINKER/LOCATER V4.66.97.0                                                        03/17/2022  22:50:30  PAGE 21


      010008F3H   LINE      CODE     ---       #183
      ---         BLOCKEND  ---      ---       LVL=0

      01000894H   BLOCK     CODE     ---       LVL=0
      01000894H   BLOCK     CODE     NEAR LAB  LVL=1
      00000001H   SYMBOL    DATA     BYTE      i
      02000089H   SYMBOL    XDATA    BYTE      n
      ---         BLOCKEND  ---      ---       LVL=1
      01000894H   LINE      CODE     ---       #200
      01000894H   LINE      CODE     ---       #201
      01000894H   LINE      CODE     ---       #203
      010008A3H   LINE      CODE     ---       #204
      010008A3H   LINE      CODE     ---       #205
      010008A3H   LINE      CODE     ---       #206
      010008A3H   LINE      CODE     ---       #207
      010008A6H   LINE      CODE     ---       #208
      010008C7H   LINE      CODE     ---       #209
      010008CAH   LINE      CODE     ---       #210
      ---         BLOCKEND  ---      ---       LVL=0
      00000001H   SYMBOL    DATA     BYTE      i
      00000003H   SYMBOL    DATA     BYTE      data1
      00000003H   SYMBOL    DATA     BYTE      chr
      00000001H   SYMBOL    DATA     BYTE      i
      00000001H   SYMBOL    DATA     BYTE      n
      00000006H   SYMBOL    DATA     WORD      result

      01000454H   BLOCK     CODE     ---       LVL=0
      02000089H   SYMBOL    XDATA    BYTE      x
      0200008AH   SYMBOL    XDATA    BYTE      y
      0200008BH   SYMBOL    XDATA    BYTE      no
      01000461H   BLOCK     CODE     NEAR LAB  LVL=1
      00000001H   SYMBOL    DATA     BYTE      t
      0200008CH   SYMBOL    XDATA    BYTE      adder
      ---         BLOCKEND  ---      ---       LVL=1
      01000454H   LINE      CODE     ---       #342
      01000461H   LINE      CODE     ---       #343
      01000461H   LINE      CODE     ---       #344
      01000466H   LINE      CODE     ---       #345
      01000469H   LINE      CODE     ---       #346
      01000475H   LINE      CODE     ---       #347
      01000475H   LINE      CODE     ---       #348
      0100049DH   LINE      CODE     ---       #349
      010004A3H   LINE      CODE     ---       #350
      010004A6H   LINE      CODE     ---       #351
      010004B2H   LINE      CODE     ---       #352
      010004BEH   LINE      CODE     ---       #353
      010004BEH   LINE      CODE     ---       #354
      010004E6H   LINE      CODE     ---       #355
      010004ECH   LINE      CODE     ---       #356
      010004EFH   LINE      CODE     ---       #357
      ---         BLOCKEND  ---      ---       LVL=0
      00000005H   SYMBOL    DATA     BYTE      y0

      01000211H   BLOCK     CODE     ---       LVL=0
      01000211H   LINE      CODE     ---       #378
      01000211H   LINE      CODE     ---       #379
      01000211H   LINE      CODE     ---       #381
      01000217H   LINE      CODE     ---       #382
      01000217H   LINE      CODE     ---       #383
      0100021AH   LINE      CODE     ---       #384
      01000223H   LINE      CODE     ---       #385
      0100022CH   LINE      CODE     ---       #386
      01000235H   LINE      CODE     ---       #387
      0100023EH   LINE      CODE     ---       #388
      01000247H   LINE      CODE     ---       #389
LX51 LINKER/LOCATER V4.66.97.0                                                        03/17/2022  22:50:30  PAGE 22


      01000250H   LINE      CODE     ---       #390
      01000259H   LINE      CODE     ---       #391
      01000262H   LINE      CODE     ---       #392
      0100026BH   LINE      CODE     ---       #393
      01000274H   LINE      CODE     ---       #394
      0100027CH   LINE      CODE     ---       #396
      01000285H   LINE      CODE     ---       #397
      0100028EH   LINE      CODE     ---       #399
      01000297H   LINE      CODE     ---       #400
      010002A0H   LINE      CODE     ---       #402
      010002A9H   LINE      CODE     ---       #403
      010002B2H   LINE      CODE     ---       #405
      010002BBH   LINE      CODE     ---       #406
      010002C4H   LINE      CODE     ---       #408
      010002CDH   LINE      CODE     ---       #409
      010002D6H   LINE      CODE     ---       #411
      010002DFH   LINE      CODE     ---       #412
      010002E8H   LINE      CODE     ---       #414
      ---         BLOCKEND  ---      ---       LVL=0

      ---         MODULE    ---      ---       RF24L01
      0200009FH   PUBLIC    XDATA    ---       g_ErrorString
      0100069EH   PUBLIC    CODE     ---       RF24L01_Init
      01000A6CH   PUBLIC    CODE     ---       NRF24L01_Gpio_Init
      01000584H   PUBLIC    CODE     ---       _NRF24L01_RxPacket
      0100098CH   PUBLIC    CODE     ---       _RF24L01_Set_Mode
      010004F0H   PUBLIC    CODE     ---       NRF24L01_check
      02000094H   PUBLIC    XDATA    BYTE      ?_NRF24L01_Set_RxAddr?BYTE
      0100085CH   PUBLIC    CODE     ---       _NRF24L01_Set_RxAddr
      01000A29H   PUBLIC    CODE     ---       _NRF24L01_Set_TxAddr
      010008FFH   PUBLIC    CODE     ---       _NRF24L01_Clear_IRQ_Flag
      01000AA4H   PUBLIC    CODE     ---       NRF24L01_Read_Status_Register
      02000099H   PUBLIC    XDATA    BYTE      ?_NRF24L01_Write_Buf?BYTE
      010007D0H   PUBLIC    CODE     ---       _NRF24L01_Write_Buf
      01000A43H   PUBLIC    CODE     ---       _NRF24L01_Write_Reg
      02000093H   PUBLIC    XDATA    BYTE      ?_NRF24L01_Read_Buf?BYTE
      01000788H   PUBLIC    CODE     ---       _NRF24L01_Read_Buf
      01000A97H   PUBLIC    CODE     ---       _NRF24L01_Read_Reg
      00000091H   SFRSYM    DATA     BYTE      P1M0
      00000094H   SFRSYM    DATA     BYTE      P0M1
      00000095H   SFRSYM    DATA     BYTE      P2M0
      00000092H   SFRSYM    DATA     BYTE      P1M1
      00000080H   SFRSYM    DATA     BYTE      P0
      000000B1H   SFRSYM    DATA     BYTE      P3M0
      00000096H   SFRSYM    DATA     BYTE      P2M1
      00000090H   SFRSYM    DATA     BYTE      P1
      000000B2H   SFRSYM    DATA     BYTE      P3M1
      000000A0H   SFRSYM    DATA     BYTE      P2
      000000B0H   SFRSYM    DATA     BYTE      P3
      000000B0H.4 SFRSYM    DATA     BIT       T0
      000000D0H.6 SFRSYM    DATA     BIT       AC
      000000B0H.5 SFRSYM    DATA     BIT       T1
      00000090H.0 SFRSYM    DATA     BIT       T2
      000000A8H.7 SFRSYM    DATA     BIT       EA
      00000090H.2 SFRSYM    DATA     BIT       SPI_MISO
      00000090H.4 SFRSYM    DATA     BIT       SPI_MOSI
      000000A8H   SFRSYM    DATA     BYTE      IE
      00000090H.0 SFRSYM    DATA     BIT       RF24L01_CE
      000000C8H.6 SFRSYM    DATA     BIT       EXF2
      000000B0H.7 SFRSYM    DATA     BIT       RD
      000000A8H.4 SFRSYM    DATA     BIT       ES
      000000B8H   SFRSYM    DATA     BYTE      IP
      00000098H.0 SFRSYM    DATA     BIT       RI
      000000B0H.2 SFRSYM    DATA     BIT       INT0
      000000D0H.7 SFRSYM    DATA     BIT       CY
LX51 LINKER/LOCATER V4.66.97.0                                                        03/17/2022  22:50:30  PAGE 23


      00000098H.1 SFRSYM    DATA     BIT       TI
      000000B0H.3 SFRSYM    DATA     BIT       INT1
      000000CBH   SFRSYM    DATA     BYTE      RCAP2H
      000000B8H.4 SFRSYM    DATA     BIT       PS
      00000081H   SFRSYM    DATA     BYTE      SP
      00000090H.1 SFRSYM    DATA     BIT       T2EX
      000000D0H.2 SFRSYM    DATA     BIT       OV
      000000CAH   SFRSYM    DATA     BYTE      RCAP2L
      000000C8H.1 SFRSYM    DATA     BIT       C_T2
      000000B0H.6 SFRSYM    DATA     BIT       WR
      000000C8H.5 SFRSYM    DATA     BIT       RCLK
      00000090H.1 SFRSYM    DATA     BIT       SPI_SCK
      000000C8H.4 SFRSYM    DATA     BIT       TCLK
      00000099H   SFRSYM    DATA     BYTE      SBUF
      00000087H   SFRSYM    DATA     BYTE      PCON
      00000098H   SFRSYM    DATA     BYTE      SCON
      00000090H.7 SFRSYM    DATA     BIT       OLED_SDIN
      00000089H   SFRSYM    DATA     BYTE      TMOD
      00000088H   SFRSYM    DATA     BYTE      TCON
      00000088H.1 SFRSYM    DATA     BIT       IE0
      00000088H.3 SFRSYM    DATA     BIT       IE1
      000000F0H   SFRSYM    DATA     BYTE      B
      00000090H.3 SFRSYM    DATA     BIT       SPI_NSS
      000000C8H.0 SFRSYM    DATA     BIT       CP_RL2
      000000E0H   SFRSYM    DATA     BYTE      ACC
      000000B0H.0 SFRSYM    DATA     BIT       UART_RX
      000000A8H.1 SFRSYM    DATA     BIT       ET0
      000000B0H.1 SFRSYM    DATA     BIT       UART_TX
      000000A8H.3 SFRSYM    DATA     BIT       ET1
      00000088H.5 SFRSYM    DATA     BIT       TF0
      000000A8H.5 SFRSYM    DATA     BIT       ET2
      00000088H.7 SFRSYM    DATA     BIT       TF1
      000000C8H.7 SFRSYM    DATA     BIT       TF2
      00000098H.2 SFRSYM    DATA     BIT       RB8
      0000008CH   SFRSYM    DATA     BYTE      TH0
      000000A8H.0 SFRSYM    DATA     BIT       EX0
      00000088H.0 SFRSYM    DATA     BIT       IT0
      0000008DH   SFRSYM    DATA     BYTE      TH1
      00000098H.3 SFRSYM    DATA     BIT       TB8
      000000A8H.2 SFRSYM    DATA     BIT       EX1
      00000088H.2 SFRSYM    DATA     BIT       IT1
      000000CDH   SFRSYM    DATA     BYTE      TH2
      000000D0H.0 SFRSYM    DATA     BIT       P
      00000098H.7 SFRSYM    DATA     BIT       SM0
      0000008AH   SFRSYM    DATA     BYTE      TL0
      00000098H.6 SFRSYM    DATA     BIT       SM1
      0000008BH   SFRSYM    DATA     BYTE      TL1
      00000098H.5 SFRSYM    DATA     BIT       SM2
      000000CCH   SFRSYM    DATA     BYTE      TL2
      000000B8H.1 SFRSYM    DATA     BIT       PT0
      000000B8H.3 SFRSYM    DATA     BIT       PT1
      000000D0H.3 SFRSYM    DATA     BIT       RS0
      000000B8H.5 SFRSYM    DATA     BIT       PT2
      00000088H.4 SFRSYM    DATA     BIT       TR0
      000000D0H.4 SFRSYM    DATA     BIT       RS1
      00000088H.6 SFRSYM    DATA     BIT       TR1
      000000C8H.2 SFRSYM    DATA     BIT       TR2
      000000B8H.0 SFRSYM    DATA     BIT       PX0
      000000B8H.2 SFRSYM    DATA     BIT       PX1
      00000083H   SFRSYM    DATA     BYTE      DPH
      00000082H   SFRSYM    DATA     BYTE      DPL
      000000C8H.3 SFRSYM    DATA     BIT       EXEN2
      00000098H.4 SFRSYM    DATA     BIT       REN
      000000C8H   SFRSYM    DATA     BYTE      T2CON
      00000090H.6 SFRSYM    DATA     BIT       OLED_SCL
LX51 LINKER/LOCATER V4.66.97.0                                                        03/17/2022  22:50:30  PAGE 24


      000000B0H.0 SFRSYM    DATA     BIT       RXD
      000000B0H.1 SFRSYM    DATA     BIT       TXD
      000000D0H.5 SFRSYM    DATA     BIT       F0
      00000090H.5 SFRSYM    DATA     BIT       RF24L01_IRQ
      000000D0H   SFRSYM    DATA     BYTE      PSW
      00000093H   SFRSYM    DATA     BYTE      P0M0
      01001628H   SYMBOL    CONST    ---       _?ix1000
      0100162DH   SYMBOL    CONST    ---       _?ix1001
      01001632H   SYMBOL    CONST    ---       _?ix1002

      01000A97H   BLOCK     CODE     ---       LVL=0
      00000007H   SYMBOL    DATA     BYTE      RegAddr
      01000A97H   BLOCK     CODE     NEAR LAB  LVL=1
      00000007H   SYMBOL    DATA     BYTE      btmp
      ---         BLOCKEND  ---      ---       LVL=1
      01000A97H   LINE      CODE     ---       #41
      01000A97H   LINE      CODE     ---       #42
      01000A97H   LINE      CODE     ---       #45
      01000A99H   LINE      CODE     ---       #47
      01000A9CH   LINE      CODE     ---       #48
      01000AA1H   LINE      CODE     ---       #50
      01000AA3H   LINE      CODE     ---       #52
      01000AA3H   LINE      CODE     ---       #53
      ---         BLOCKEND  ---      ---       LVL=0

      01000788H   BLOCK     CODE     ---       LVL=0
      00000007H   SYMBOL    DATA     BYTE      RegAddr
      02000094H   SYMBOL    XDATA    ---       pBuf
      02000097H   SYMBOL    XDATA    BYTE      len
      01000793H   BLOCK     CODE     NEAR LAB  LVL=1
      02000098H   SYMBOL    XDATA    BYTE      btmp
      ---         BLOCKEND  ---      ---       LVL=1
      01000788H   LINE      CODE     ---       #64
      01000793H   LINE      CODE     ---       #65
      01000793H   LINE      CODE     ---       #68
      01000795H   LINE      CODE     ---       #70
      01000798H   LINE      CODE     ---       #71
      010007A8H   LINE      CODE     ---       #72
      010007A8H   LINE      CODE     ---       #73
      010007C5H   LINE      CODE     ---       #74
      010007CDH   LINE      CODE     ---       #75
      010007CFH   LINE      CODE     ---       #76
      ---         BLOCKEND  ---      ---       LVL=0

      01000A43H   BLOCK     CODE     ---       LVL=0
      00000007H   SYMBOL    DATA     BYTE      RegAddr
      02000094H   SYMBOL    XDATA    BYTE      Value
      01000A43H   LINE      CODE     ---       #84
      01000A48H   LINE      CODE     ---       #85
      01000A48H   LINE      CODE     ---       #86
      01000A4AH   LINE      CODE     ---       #88
      01000A51H   LINE      CODE     ---       #89
      01000A59H   LINE      CODE     ---       #91
      01000A5BH   LINE      CODE     ---       #92
      ---         BLOCKEND  ---      ---       LVL=0

      010007D0H   BLOCK     CODE     ---       LVL=0
      00000007H   SYMBOL    DATA     BYTE      RegAddr
      0200009AH   SYMBOL    XDATA    ---       pBuf
      0200009DH   SYMBOL    XDATA    BYTE      len
      010007DBH   BLOCK     CODE     NEAR LAB  LVL=1
      0200009EH   SYMBOL    XDATA    BYTE      i
      ---         BLOCKEND  ---      ---       LVL=1
      010007D0H   LINE      CODE     ---       #103
      010007DBH   LINE      CODE     ---       #104
LX51 LINKER/LOCATER V4.66.97.0                                                        03/17/2022  22:50:30  PAGE 25


      010007DBH   LINE      CODE     ---       #107
      010007DDH   LINE      CODE     ---       #109
      010007E4H   LINE      CODE     ---       #110
      010007F5H   LINE      CODE     ---       #111
      010007F5H   LINE      CODE     ---       #112
      0100080CH   LINE      CODE     ---       #113
      01000814H   LINE      CODE     ---       #115
      01000816H   LINE      CODE     ---       #116
      ---         BLOCKEND  ---      ---       LVL=0

      01000AA4H   BLOCK     CODE     ---       LVL=0
      01000AA4H   BLOCK     CODE     NEAR LAB  LVL=1
      00000007H   SYMBOL    DATA     BYTE      Status
      ---         BLOCKEND  ---      ---       LVL=1
      01000AA4H   LINE      CODE     ---       #184
      01000AA4H   LINE      CODE     ---       #185
      01000AA4H   LINE      CODE     ---       #188
      01000AA6H   LINE      CODE     ---       #190
      01000AABH   LINE      CODE     ---       #192
      01000AADH   LINE      CODE     ---       #194
      01000AADH   LINE      CODE     ---       #195
      ---         BLOCKEND  ---      ---       LVL=0

      010008FFH   BLOCK     CODE     ---       LVL=0
      02000094H   SYMBOL    XDATA    BYTE      IRQ_Source
      01000904H   BLOCK     CODE     NEAR LAB  LVL=1
      02000095H   SYMBOL    XDATA    BYTE      btmp
      ---         BLOCKEND  ---      ---       LVL=1
      010008FFH   LINE      CODE     ---       #204
      01000904H   LINE      CODE     ---       #205
      01000904H   LINE      CODE     ---       #206
      01000907H   LINE      CODE     ---       #208
      0100090EH   LINE      CODE     ---       #209
      01000916H   LINE      CODE     ---       #211
      01000918H   LINE      CODE     ---       #212
      0100091DH   LINE      CODE     ---       #213
      0100092BH   LINE      CODE     ---       #214
      0100092DH   LINE      CODE     ---       #216
      ---         BLOCKEND  ---      ---       LVL=0
      00000007H   SYMBOL    DATA     BYTE      btmp
      00000005H   SYMBOL    DATA     BYTE      len

      01000A29H   BLOCK     CODE     ---       LVL=0
      00000001H   SYMBOL    DATA     ---       pAddr
      00000005H   SYMBOL    DATA     BYTE      len
      01000A29H   LINE      CODE     ---       #358
      01000A29H   LINE      CODE     ---       #359
      01000A29H   LINE      CODE     ---       #360
      01000A39H   LINE      CODE     ---       #361
      ---         BLOCKEND  ---      ---       LVL=0

      0100085CH   BLOCK     CODE     ---       LVL=0
      00000007H   SYMBOL    DATA     BYTE      PipeNum
      00000001H   SYMBOL    DATA     ---       pAddr
      02000098H   SYMBOL    XDATA    BYTE      Len
      0100085CH   LINE      CODE     ---       #373
      0100085CH   LINE      CODE     ---       #374
      0100085CH   LINE      CODE     ---       #375
      01000875H   LINE      CODE     ---       #376
      01000885H   LINE      CODE     ---       #378
      ---         BLOCKEND  ---      ---       LVL=0
      00000007H   SYMBOL    DATA     BYTE      btmp
      00000007H   SYMBOL    DATA     BYTE      btmp
      00000007H   SYMBOL    DATA     BYTE      FreqPoint

LX51 LINKER/LOCATER V4.66.97.0                                                        03/17/2022  22:50:30  PAGE 26


      010004F0H   BLOCK     CODE     ---       LVL=0
      010004F0H   BLOCK     CODE     NEAR LAB  LVL=1
      00000007H   SYMBOL    DATA     BYTE      i
      02000089H   SYMBOL    XDATA    ---       buf
      0200008EH   SYMBOL    XDATA    ---       read_buf
      ---         BLOCKEND  ---      ---       LVL=1
      010004F0H   LINE      CODE     ---       #461
      010004F0H   LINE      CODE     ---       #462
      010004F0H   LINE      CODE     ---       #464
      01000503H   LINE      CODE     ---       #465
      01000516H   LINE      CODE     ---       #467
      01000516H   LINE      CODE     ---       #468
      01000516H   LINE      CODE     ---       #469
      01000527H   LINE      CODE     ---       #470
      01000538H   LINE      CODE     ---       #471
      01000547H   LINE      CODE     ---       #472
      01000547H   LINE      CODE     ---       #473
      01000561H   LINE      CODE     ---       #474
      01000561H   LINE      CODE     ---       #475
      01000561H   LINE      CODE     ---       #476
      01000561H   LINE      CODE     ---       #477
      01000564H   LINE      CODE     ---       #479
      0100056AH   LINE      CODE     ---       #480
      0100056AH   LINE      CODE     ---       #481
      0100056AH   LINE      CODE     ---       #482
      0100056AH   LINE      CODE     ---       #484
      0100056AH   LINE      CODE     ---       #485
      0100057AH   LINE      CODE     ---       #486
      0100057AH   LINE      CODE     ---       #487
      01000581H   LINE      CODE     ---       #488
      01000583H   LINE      CODE     ---       #489
      ---         BLOCKEND  ---      ---       LVL=0

      0100098CH   BLOCK     CODE     ---       LVL=0
      0200008FH   SYMBOL    XDATA    BYTE      Mode
      01000991H   BLOCK     CODE     NEAR LAB  LVL=1
      00000007H   SYMBOL    DATA     BYTE      controlreg
      ---         BLOCKEND  ---      ---       LVL=1
      0100098CH   LINE      CODE     ---       #498
      01000991H   LINE      CODE     ---       #499
      01000991H   LINE      CODE     ---       #500
      01000993H   LINE      CODE     ---       #501
      01000996H   LINE      CODE     ---       #503
      0100099FH   LINE      CODE     ---       #504
      0100099FH   LINE      CODE     ---       #505
      010009A3H   LINE      CODE     ---       #506
      010009A5H   LINE      CODE     ---       #508
      010009A5H   LINE      CODE     ---       #509
      010009ABH   LINE      CODE     ---       #510
      010009ABH   LINE      CODE     ---       #511
      010009AFH   LINE      CODE     ---       #512
      010009AFH   LINE      CODE     ---       #513
      010009AFH   LINE      CODE     ---       #515
      ---         BLOCKEND  ---      ---       LVL=0

      01000584H   BLOCK     CODE     ---       LVL=0
      02000089H   SYMBOL    XDATA    ---       rxbuf
      0100058FH   BLOCK     CODE     NEAR LAB  LVL=1
      0200008CH   SYMBOL    XDATA    BYTE      l_Status
      0200008DH   SYMBOL    XDATA    BYTE      l_RxLength
      0200008EH   SYMBOL    XDATA    BYTE      l_100MsTimes
      ---         BLOCKEND  ---      ---       LVL=1
      01000584H   LINE      CODE     ---       #577
      0100058FH   LINE      CODE     ---       #578
      0100058FH   LINE      CODE     ---       #579
LX51 LINKER/LOCATER V4.66.97.0                                                        03/17/2022  22:50:30  PAGE 27


      01000596H   LINE      CODE     ---       #581
      01000598H   LINE      CODE     ---       #582
      0100059DH   LINE      CODE     ---       #583
      0100059FH   LINE      CODE     ---       #585
      010005AEH   LINE      CODE     ---       #586
      010005AEH   LINE      CODE     ---       #587
      010005B5H   LINE      CODE     ---       #589
      010005C1H   LINE      CODE     ---       #590
      010005C1H   LINE      CODE     ---       #591
      010005C4H   LINE      CODE     ---       #592
      010005C7H   LINE      CODE     ---       #593
      010005CCH   LINE      CODE     ---       #594
      010005CCH   LINE      CODE     ---       #595
      010005CCH   LINE      CODE     ---       #596
      010005CCH   LINE      CODE     ---       #598
      010005D7H   LINE      CODE     ---       #599
      010005DCH   LINE      CODE     ---       #600
      010005E3H   LINE      CODE     ---       #601
      010005E3H   LINE      CODE     ---       #602
      010005EDH   LINE      CODE     ---       #603
      01000602H   LINE      CODE     ---       #604
      01000609H   LINE      CODE     ---       #605
      0100060FH   LINE      CODE     ---       #606
      0100060FH   LINE      CODE     ---       #608
      01000611H   LINE      CODE     ---       #609
      ---         BLOCKEND  ---      ---       LVL=0

      01000A6CH   BLOCK     CODE     ---       LVL=0
      01000A6CH   LINE      CODE     ---       #617
      01000A6CH   LINE      CODE     ---       #618
      01000A6CH   LINE      CODE     ---       #621
      01000A6CH   LINE      CODE     ---       #622
      01000A6FH   LINE      CODE     ---       #623
      01000A71H   LINE      CODE     ---       #625
      01000A74H   LINE      CODE     ---       #626
      01000A74H   LINE      CODE     ---       #628
      01000A76H   LINE      CODE     ---       #629
      01000A78H   LINE      CODE     ---       #630
      01000A7AH   LINE      CODE     ---       #631
      ---         BLOCKEND  ---      ---       LVL=0

      0100069EH   BLOCK     CODE     ---       LVL=0
      0100069EH   BLOCK     CODE     NEAR LAB  LVL=1
      0200008FH   SYMBOL    XDATA    ---       addr
      ---         BLOCKEND  ---      ---       LVL=1
      0100069EH   LINE      CODE     ---       #639
      0100069EH   LINE      CODE     ---       #640
      0100069EH   LINE      CODE     ---       #641
      010006B1H   LINE      CODE     ---       #643
      010006B3H   LINE      CODE     ---       #644
      010006B8H   LINE      CODE     ---       #647
      010006BFH   LINE      CODE     ---       #648
      010006C6H   LINE      CODE     ---       #649
      010006CBH   LINE      CODE     ---       #650
      010006D0H   LINE      CODE     ---       #658
      010006D7H   LINE      CODE     ---       #661
      010006DEH   LINE      CODE     ---       #662
      010006E5H   LINE      CODE     ---       #663
      010006ECH   LINE      CODE     ---       #664
      010006F3H   LINE      CODE     ---       #666
      010006FAH   LINE      CODE     ---       #667
      01000701H   LINE      CODE     ---       #669
      0100070CH   LINE      CODE     ---       #670
      ---         BLOCKEND  ---      ---       LVL=0

LX51 LINKER/LOCATER V4.66.97.0                                                        03/17/2022  22:50:30  PAGE 28


      ---         MODULE    ---      ---       ?C_INIT
      01000659H   PUBLIC    CODE     ---       ?C_START

      ---         MODULE    ---      ---       ?C?COPY
      010000DEH   PUBLIC    CODE     ---       ?C?COPY

      ---         MODULE    ---      ---       ?C?CLDPTR
      01000104H   PUBLIC    CODE     ---       ?C?CLDPTR

      ---         MODULE    ---      ---       ?C?CLDOPTR
      0100011DH   PUBLIC    CODE     ---       ?C?CLDOPTR

      ---         MODULE    ---      ---       ?C?CSTPTR
      0100014AH   PUBLIC    CODE     ---       ?C?CSTPTR

      ---         MODULE    ---      ---       ?C?CSTOPTR
      0100015CH   PUBLIC    CODE     ---       ?C?CSTOPTR

      ---         MODULE    ---      ---       ?C?IMUL
      0100017EH   PUBLIC    CODE     ---       ?C?IMUL

      ---         MODULE    ---      ---       ?C?UIDIV
      01000190H   PUBLIC    CODE     ---       ?C?UIDIV

      ---         MODULE    ---      ---       ?C?IILDX
      010001E5H   PUBLIC    CODE     ---       ?C?IILDX

      ---         MODULE    ---      ---       ?C?ILDIX
      010001FBH   PUBLIC    CODE     ---       ?C?ILDIX

Program Size: data=9.0 xdata=162 const=2955 code=2742
LX51 RUN COMPLETE.  0 WARNING(S),  0 ERROR(S)
