LX51 LINKER/LOCATER V4.66.97.0                                                          03/17/2022  21:45:15  PAGE 1


LX51 LINKER/LOCATER V4.66.97.0, INVOKED BY:
D:\CODE\ARM\C51\BIN\LX51.EXE STARTUP.obj, main.obj, .\delay.obj, .\uart.obj, .\spi.obj, .\oled.obj, .\RF24L01.obj TO rf2
>> 4l01_51 PRINT (.\Listings\rf24l01_51.map) REMOVEUNUSED


CPU MODE:     8051 MODE
MEMORY MODEL: LARGE


INPUT MODULES INCLUDED:
  STARTUP.obj (?C_STARTUP)
         COMMENT TYPE 0: AX51 V3.15.3.0
  main.obj (MAIN)
         COMMENT TYPE 0: C51 V9.60.0.0
  .\delay.obj (DELAY)
         COMMENT TYPE 0: C51 V9.60.0.0
  .\uart.obj (UART)
         COMMENT TYPE 0: C51 V9.60.0.0
  .\spi.obj (SPI)
         COMMENT TYPE 0: C51 V9.60.0.0
  .\oled.obj (OLED)
         COMMENT TYPE 0: C51 V9.60.0.0
  .\RF24L01.obj (RF24L01)
         COMMENT TYPE 0: C51 V9.60.0.0
  D:\CODE\ARM\C51\LIB\C51L.LIB (?C_INIT)
         COMMENT TYPE 1: A51 / ASM51 Assembler
  D:\CODE\ARM\C51\LIB\C51L.LIB (?C?COPY)
         COMMENT TYPE 1: A51 / ASM51 Assembler
  D:\CODE\ARM\C51\LIB\C51L.LIB (?C?CLDPTR)
         COMMENT TYPE 1: A51 / ASM51 Assembler
  D:\CODE\ARM\C51\LIB\C51L.LIB (?C?CLDOPTR)
         COMMENT TYPE 1: A51 / ASM51 Assembler
  D:\CODE\ARM\C51\LIB\C51L.LIB (?C?CSTPTR)
         COMMENT TYPE 1: A51 / ASM51 Assembler
  D:\CODE\ARM\C51\LIB\C51L.LIB (?C?CSTOPTR)
         COMMENT TYPE 1: A51 / ASM51 Assembler
  D:\CODE\ARM\C51\LIB\C51L.LIB (?C?IMUL)
         COMMENT TYPE 1: A51 / ASM51 Assembler
  D:\CODE\ARM\C51\LIB\C51L.LIB (?C?UIDIV)
         COMMENT TYPE 1: A51 / ASM51 Assembler
  D:\CODE\ARM\C51\LIB\C51L.LIB (?C?IILDX)
         COMMENT TYPE 1: A51 / ASM51 Assembler
  D:\CODE\ARM\C51\LIB\C51L.LIB (?C?ILDIX)
         COMMENT TYPE 1: A51 / ASM51 Assembler


ACTIVE MEMORY CLASSES OF MODULE:  rf24l01_51 (?C_STARTUP)

BASE        START       END         USED      MEMORY CLASS
==========================================================
C:000000H   C:000000H   C:00FFFFH   000AAAH   CODE
I:000000H   I:000000H   I:0000FFH   000001H   IDATA
X:000000H   X:000000H   X:00FFFFH   0000A2H   XDATA
C:000000H   C:000000H   C:00FFFFH   000B8BH   CONST
I:000000H   I:000000H   I:00007FH   000008H   DATA


MEMORY MAP OF MODULE:  rf24l01_51 (?C_STARTUP)


START     STOP      LENGTH    ALIGN  RELOC    MEMORY CLASS   SEGMENT NAME
=========================================================================

* * * * * * * * * * *   D A T A   M E M O R Y   * * * * * * * * * * * * *
000000H   000007H   000008H   ---    AT..     DATA           "REG BANK 0"
000008H   000008H   000001H   BYTE   UNIT     IDATA          ?STACK
LX51 LINKER/LOCATER V4.66.97.0                                                        03/17/2022  21:45:15  PAGE 2



* * * * * * * * * * *   C O D E   M E M O R Y   * * * * * * * * * * * * *
000000H   000002H   000003H   ---    OFFS..   CODE           ?CO?STARTUP?3
000003H   000009H   000007H   BYTE   UNIT     CODE           ?PR?IIC_STOP?OLED
00000AH   00000AH   000001H   ---    ---      **GAP**
00000BH   00000DH   000003H   BYTE   OFFS..   CODE           ?MAIN?0000B
00000EH   000210H   000203H   BYTE   UNIT     CODE           ?C?LIB_CODE
000211H   0002F0H   0000E0H   BYTE   UNIT     CODE           ?PR?OLED_INIT?OLED
0002F1H   0003A8H   0000B8H   BYTE   UNIT     CODE           ?PR?MAIN?MAIN
0003A9H   000446H   00009EH   BYTE   UNIT     CODE           ?C_INITSEG
000447H   0004E2H   00009CH   BYTE   UNIT     CODE           ?PR?_OLED_SHOWCHINESE?OLED
0004E3H   000576H   000094H   BYTE   UNIT     CODE           ?PR?NRF24L01_CHECK?RF24L01
000577H   000604H   00008EH   BYTE   UNIT     CODE           ?PR?_NRF24L01_RXPACKET?RF24L01
000605H   000690H   00008CH   BYTE   UNIT     CODE           ?C_C51STARTUP
000691H   00070FH   00007FH   BYTE   UNIT     CODE           ?PR?RF24L01_INIT?RF24L01
000710H   000757H   000048H   BYTE   UNIT     CODE           ?PR?_NRF24L01_READ_BUF?RF24L01
000758H   00079EH   000047H   BYTE   UNIT     CODE           ?PR?_NRF24L01_WRITE_BUF?RF24L01
00079FH   0007E3H   000045H   BYTE   UNIT     CODE           ?PR?_DRV_SPI_READ_WRITE_BYTE?SPI
0007E4H   00081CH   000039H   BYTE   UNIT     CODE           ?PR?TIMER0?MAIN
00081DH   000854H   000038H   BYTE   UNIT     CODE           ?PR?_NRF24L01_SET_RXADDR?RF24L01
000855H   00088BH   000037H   BYTE   UNIT     CODE           ?PR?OLED_CLEAR?OLED
00088CH   0008BFH   000034H   BYTE   UNIT     CODE           ?PR?_OLED_SET_POS?OLED
0008C0H   0008F2H   000033H   BYTE   UNIT     CODE           ?PR?F_DATE?MAIN
0008F3H   000923H   000031H   BYTE   UNIT     CODE           ?PR?_NRF24L01_CLEAR_IRQ_FLAG?RF24L01
000924H   000953H   000030H   BYTE   UNIT     CODE           ?PR?_WRITE_IIC_BYTE?OLED
000954H   00097FH   00002CH   BYTE   UNIT     CODE           ?PR?_OLED_WR_BYTE?OLED
000980H   0009A9H   00002AH   BYTE   UNIT     CODE           ?PR?_RF24L01_SET_MODE?RF24L01
0009AAH   0009C8H   00001FH   BYTE   UNIT     CODE           ?PR?DELAY_1MS?DELAY
0009C9H   0009E6H   00001EH   BYTE   UNIT     CODE           ?PR?DRV_SPI_INIT?SPI
0009E7H   000A02H   00001CH   BYTE   UNIT     CODE           ?PR?_DELAY_MS?DELAY
000A03H   000A1CH   00001AH   BYTE   UNIT     CODE           ?PR?_DRV_UART_TX_BYTES?UART
000A1DH   000A36H   00001AH   BYTE   UNIT     CODE           ?PR?_NRF24L01_SET_TXADDR?RF24L01
000A37H   000A4FH   000019H   BYTE   UNIT     CODE           ?PR?_NRF24L01_WRITE_REG?RF24L01
000A50H   000A5FH   000010H   BYTE   UNIT     CODE           ?PR?IIC_WAIT_ACK?OLED
000A60H   000A6EH   00000FH   BYTE   UNIT     CODE           ?PR?NRF24L01_GPIO_INIT?RF24L01
000A6FH   000A7CH   00000EH   BYTE   UNIT     CODE           ?PR?_WRITE_IIC_COMMAND?OLED
000A7DH   000A8AH   00000EH   BYTE   UNIT     CODE           ?PR?_WRITE_IIC_DATA?OLED
000A8BH   000A97H   00000DH   BYTE   UNIT     CODE           ?PR?_NRF24L01_READ_REG?RF24L01
000A98H   000AA1H   00000AH   BYTE   UNIT     CODE           ?PR?NRF24L01_READ_STATUS_REGISTER?RF24L01
000AA2H   000AAAH   000009H   BYTE   UNIT     CODE           ?PR?IIC_START?OLED
000AABH   001602H   000B58H   BYTE   UNIT     CONST          ?CO?OLED
001603H   00162AH   000028H   BYTE   UNIT     CONST          ?CO?RF24L01
00162BH   001635H   00000BH   BYTE   UNIT     CONST          ?CO?MAIN

* * * * * * * * * * *  X D A T A   M E M O R Y  * * * * * * * * * * * * *
000000H   000086H   000087H   BYTE   UNIT     XDATA          ?XD?MAIN
000087H   00009EH   000018H   BYTE   UNIT     XDATA          _XDATA_GROUP_
00009FH   0000A1H   000003H   BYTE   UNIT     XDATA          ?XD?RF24L01

* * * * * * * * *   R E M O V E D     S E G M E N T S   * * * * * * * *
   *DEL*:           000022H   BYTE   UNIT     CODE           ?PR?DRV_UART_INIT?UART
   *DEL*:           000036H   BYTE   UNIT     CODE           ?PR?_DRV_UART_RX_BYTES?UART
   *DEL*:           000001H   BYTE   UNIT     XDATA          ?XD?_DRV_UART_RX_BYTES?UART
   *DEL*:           000055H   BYTE   UNIT     CODE           ?PR?_DRV_SPI_READ_WRITE_STRING?SPI
   *DEL*:           000008H   BYTE   UNIT     XDATA          ?XD?_DRV_SPI_READ_WRITE_STRING?SPI
   *DEL*:           000041H   BYTE   UNIT     CODE           ?PR?_FILL_PICTURE?OLED
   *DEL*:           000002H   BYTE   UNIT     XDATA          ?XD?_FILL_PICTURE?OLED
   *DEL*:           00001EH   BYTE   UNIT     CODE           ?PR?_DELAY_50MS?OLED
   *DEL*:           00001AH   BYTE   UNIT     CODE           ?PR?_DELAY_1MS?OLED
   *DEL*:           000017H   BYTE   UNIT     CODE           ?PR?OLED_DISPLAY_ON?OLED
   *DEL*:           000011H   BYTE   UNIT     CODE           ?PR?OLED_DISPLAY_OFF?OLED
   *DEL*:           000038H   BYTE   UNIT     CODE           ?PR?OLED_ON?OLED
   *DEL*:           000001H   BYTE   UNIT     XDATA          ?XD?OLED_ON?OLED
   *DEL*:           000042H   BYTE   UNIT     CODE           ?PR?_OLED_PUTPIXEL?OLED
   *DEL*:           000002H   BYTE   UNIT     XDATA          ?XD?_OLED_PUTPIXEL?OLED
LX51 LINKER/LOCATER V4.66.97.0                                                        03/17/2022  21:45:15  PAGE 3


   *DEL*:           00009DH   BYTE   UNIT     CODE           ?PR?_OLED_RECTANGLE?OLED
   *DEL*:           000006H   BYTE   UNIT     XDATA          ?XD?_OLED_RECTANGLE?OLED
   *DEL*:           0000FCH   BYTE   UNIT     CODE           ?PR?_OLED_SHOWCHAR?OLED
   *DEL*:           000005H   BYTE   UNIT     XDATA          ?XD?_OLED_SHOWCHAR?OLED
   *DEL*:           00001EH   BYTE   UNIT     CODE           ?PR?_OLED_POW?OLED
   *DEL*:           000001H   BYTE   UNIT     XDATA          ?XD?_OLED_POW?OLED
   *DEL*:           0000FBH   BYTE   UNIT     CODE           ?PR?_OLED_SHOWNUM?OLED
   *DEL*:           000009H   BYTE   UNIT     XDATA          ?XD?_OLED_SHOWNUM?OLED
   *DEL*:           000064H   BYTE   UNIT     CODE           ?PR?_OLED_SHOWSTRING?OLED
   *DEL*:           000007H   BYTE   UNIT     XDATA          ?XD?_OLED_SHOWSTRING?OLED
   *DEL*:           000093H   BYTE   UNIT     CODE           ?PR?_OLED_DRAWBMP?OLED
   *DEL*:           00000BH   BYTE   UNIT     XDATA          ?XD?_OLED_DRAWBMP?OLED
   *DEL*:           00000AH   BYTE   UNIT     CODE           ?PR?NRF24L01_FLUSH_TX_FIFO?RF24L01
   *DEL*:           00000AH   BYTE   UNIT     CODE           ?PR?NRF24L01_FLUSH_RX_FIFO?RF24L01
   *DEL*:           00000AH   BYTE   UNIT     CODE           ?PR?NRF24L01_REUSE_TX_PAYLOAD?RF24L01
   *DEL*:           00000AH   BYTE   UNIT     CODE           ?PR?NRF24L01_NOP?RF24L01
   *DEL*:           000008H   BYTE   UNIT     CODE           ?PR?RF24L01_READ_IRQ_STATUS?RF24L01
   *DEL*:           00000FH   BYTE   UNIT     CODE           ?PR?NRF24L01_READ_TOP_FIFO_WIDTH?RF24L01
   *DEL*:           000068H   BYTE   UNIT     CODE           ?PR?_NRF24L01_READ_RX_PAYLOAD?RF24L01
   *DEL*:           000005H   BYTE   UNIT     XDATA          ?XD?_NRF24L01_READ_RX_PAYLOAD?RF24L01
   *DEL*:           00005DH   BYTE   UNIT     CODE           ?PR?_NRF24L01_WRITE_TX_PAYLOAD_ACK?RF24L01
   *DEL*:           000005H   BYTE   UNIT     XDATA          ?XD?_NRF24L01_WRITE_TX_PAYLOAD_ACK?RF24L01
   *DEL*:           00004FH   BYTE   UNIT     CODE           ?PR?_NRF24L01_WRITE_TX_PAYLOAD_NOACK?RF24L01
   *DEL*:           000004H   BYTE   UNIT     XDATA          ?XD?_NRF24L01_WRITE_TX_PAYLOAD_NOACK?RF24L01
   *DEL*:           00005FH   BYTE   UNIT     CODE           ?PR?_NRF24L01_WRITE_TX_PAYLOAD_INACK?RF24L01
   *DEL*:           000005H   BYTE   UNIT     XDATA          ?XD?_NRF24L01_WRITE_TX_PAYLOAD_INACK?RF24L01
   *DEL*:           00003CH   BYTE   UNIT     CODE           ?PR?_NRF24L01_SET_SPEED?RF24L01
   *DEL*:           000001H   BYTE   UNIT     XDATA          ?XD?_NRF24L01_SET_SPEED?RF24L01
   *DEL*:           000036H   BYTE   UNIT     CODE           ?PR?_NRF24L01_SET_POWER?RF24L01
   *DEL*:           000001H   BYTE   UNIT     XDATA          ?XD?_NRF24L01_SET_POWER?RF24L01
   *DEL*:           000009H   BYTE   UNIT     CODE           ?PR?_RF24LL01_WRITE_HOPPING_POINT?RF24L01
   *DEL*:           000099H   BYTE   UNIT     CODE           ?PR?_NRF24L01_TXPACKET?RF24L01
   *DEL*:           000007H   BYTE   UNIT     XDATA          ?XD?_NRF24L01_TXPACKET?RF24L01



OVERLAY MAP OF MODULE:   rf24l01_51 (?C_STARTUP)


FUNCTION/MODULE                               XDATA_GROUP
--> CALLED FUNCTION/MODULE                    START  STOP
=========================================================
?C_C51STARTUP                                 ----- -----
  +--> MAIN/MAIN
  +--> ?C_INITSEG

MAIN/MAIN                                     0087H 0088H
  +--> OLED_INIT/OLED
  +--> OLED_CLEAR/OLED
  +--> DRV_SPI_INIT/SPI
  +--> NRF24L01_GPIO_INIT/RF24L01
  +--> NRF24L01_CHECK/RF24L01
  +--> RF24L01_INIT/RF24L01
  +--> _RF24L01_SET_MODE/RF24L01
  +--> _OLED_SHOWCHINESE/OLED
  +--> _NRF24L01_RXPACKET/RF24L01

OLED_INIT/OLED                                ----- -----
  +--> _OLED_WR_BYTE/OLED

_OLED_WR_BYTE/OLED                            ----- -----
  +--> _WRITE_IIC_DATA/OLED
  +--> _WRITE_IIC_COMMAND/OLED

_WRITE_IIC_DATA/OLED                          ----- -----
LX51 LINKER/LOCATER V4.66.97.0                                                        03/17/2022  21:45:15  PAGE 4


  +--> _WRITE_IIC_BYTE/OLED
  +--> IIC_WAIT_ACK/OLED
  +--> IIC_STOP/OLED

_WRITE_IIC_BYTE/OLED                          ----- -----
  +--> IIC_START/OLED

IIC_START/OLED                                ----- -----

IIC_WAIT_ACK/OLED                             ----- -----
  +--> _WRITE_IIC_BYTE/OLED

IIC_STOP/OLED                                 ----- -----

_WRITE_IIC_COMMAND/OLED                       ----- -----
  +--> _WRITE_IIC_BYTE/OLED
  +--> IIC_WAIT_ACK/OLED
  +--> IIC_STOP/OLED

OLED_CLEAR/OLED                               0089H 0089H
  +--> _OLED_WR_BYTE/OLED

DRV_SPI_INIT/SPI                              ----- -----

NRF24L01_GPIO_INIT/RF24L01                    ----- -----

NRF24L01_CHECK/RF24L01                        0089H 0092H
  +--> _NRF24L01_WRITE_BUF/RF24L01
  +--> _NRF24L01_READ_BUF/RF24L01
  +--> _DRV_UART_TX_BYTES/UART
  +--> _DELAY_MS/DELAY

_NRF24L01_WRITE_BUF/RF24L01                   0099H 009EH
  +--> _DRV_SPI_READ_WRITE_BYTE/SPI

_DRV_SPI_READ_WRITE_BYTE/SPI                  ----- -----

_NRF24L01_READ_BUF/RF24L01                    0093H 0098H
  +--> _DRV_SPI_READ_WRITE_BYTE/SPI

_DRV_UART_TX_BYTES/UART                       ----- -----

_DELAY_MS/DELAY                               0093H 0094H
  +--> DELAY_1MS/DELAY

DELAY_1MS/DELAY                               ----- -----

RF24L01_INIT/RF24L01                          008FH 0093H
  +--> _NRF24L01_CLEAR_IRQ_FLAG/RF24L01
  +--> _NRF24L01_WRITE_REG/RF24L01
  +--> _NRF24L01_READ_REG/RF24L01
  +--> _NRF24L01_SET_TXADDR/RF24L01
  +--> _NRF24L01_SET_RXADDR/RF24L01

_NRF24L01_CLEAR_IRQ_FLAG/RF24L01              0094H 0095H
  +--> NRF24L01_READ_STATUS_REGISTER/RF24L01
  +--> _DRV_SPI_READ_WRITE_BYTE/SPI

NRF24L01_READ_STATUS_REGISTER/RF24L01         ----- -----
  +--> _DRV_SPI_READ_WRITE_BYTE/SPI

_NRF24L01_WRITE_REG/RF24L01                   0094H 0094H
  +--> _DRV_SPI_READ_WRITE_BYTE/SPI

_NRF24L01_READ_REG/RF24L01                    ----- -----
LX51 LINKER/LOCATER V4.66.97.0                                                        03/17/2022  21:45:15  PAGE 5


  +--> _DRV_SPI_READ_WRITE_BYTE/SPI

_NRF24L01_SET_TXADDR/RF24L01                  ----- -----
  +--> _NRF24L01_WRITE_BUF/RF24L01

_NRF24L01_SET_RXADDR/RF24L01                  0094H 0098H
  +--> _NRF24L01_WRITE_BUF/RF24L01

_RF24L01_SET_MODE/RF24L01                     008FH 008FH
  +--> _NRF24L01_READ_REG/RF24L01
  +--> _NRF24L01_WRITE_REG/RF24L01

_OLED_SHOWCHINESE/OLED                        0089H 008CH
  +--> _OLED_SET_POS/OLED
  +--> _OLED_WR_BYTE/OLED

_OLED_SET_POS/OLED                            ----- -----
  +--> _OLED_WR_BYTE/OLED

_NRF24L01_RXPACKET/RF24L01                    0089H 008EH
  +--> _DRV_SPI_READ_WRITE_BYTE/SPI
  +--> _DELAY_MS/DELAY
  +--> NRF24L01_GPIO_INIT/RF24L01
  +--> RF24L01_INIT/RF24L01
  +--> _RF24L01_SET_MODE/RF24L01
  +--> _NRF24L01_READ_REG/RF24L01
  +--> _NRF24L01_WRITE_REG/RF24L01
  +--> _NRF24L01_READ_BUF/RF24L01

?C_INITSEG                                    ----- -----

*** NEW ROOT ********************************

TIMER0/MAIN                                   ----- -----
  +--> F_DATE/MAIN

F_DATE/MAIN                                   ----- -----



PUBLIC SYMBOLS OF MODULE:  rf24l01_51 (?C_STARTUP)


      VALUE       CLASS    TYPE      PUBLIC SYMBOL NAME
      =================================================
*DEL*:00000000H   XDATA    BYTE      ?_drv_spi_read_write_string?BYTE
      02000093H   XDATA    BYTE      ?_NRF24L01_Read_Buf?BYTE
      02000094H   XDATA    BYTE      ?_NRF24L01_Set_RxAddr?BYTE
      02000099H   XDATA    BYTE      ?_NRF24L01_Write_Buf?BYTE
*DEL*:00000000H   XDATA    BYTE      ?_OLED_DrawBMP?BYTE
*DEL*:00000000H   XDATA    BYTE      ?_OLED_Rectangle?BYTE
*DEL*:00000000H   XDATA    BYTE      ?_OLED_ShowChar?BYTE
*DEL*:00000000H   XDATA    BYTE      ?_OLED_ShowNum?BYTE
*DEL*:00000000H   XDATA    BYTE      ?_OLED_ShowString?BYTE
      0100011DH   CODE     ---       ?C?CLDOPTR
      01000104H   CODE     ---       ?C?CLDPTR
      00000000H   NUMBER   ---       ?C?CODESEG
      010000DEH   CODE     ---       ?C?COPY
      0100015CH   CODE     ---       ?C?CSTOPTR
      0100014AH   CODE     ---       ?C?CSTPTR
      010001E5H   CODE     ---       ?C?IILDX
      010001FBH   CODE     ---       ?C?ILDIX
      0100017EH   CODE     ---       ?C?IMUL
      01000190H   CODE     ---       ?C?UIDIV
      00000000H   NUMBER   ---       ?C?XDATASEG
LX51 LINKER/LOCATER V4.66.97.0                                                        03/17/2022  21:45:15  PAGE 6


      0100064CH   CODE     ---       ?C_START
      01000000H   CODE     NEAR LAB  ?C_STARTUP
*DEL*:00000000H   CODE     ---       _Delay_1ms
*DEL*:00000000H   CODE     ---       _Delay_50ms
      010009E7H   CODE     ---       _delay_ms
      0100079FH   CODE     ---       _drv_spi_read_write_byte
*DEL*:00000000H   CODE     ---       _drv_spi_read_write_string
*DEL*:00000000H   CODE     ---       _drv_uart_rx_bytes
      01000A03H   CODE     ---       _drv_uart_tx_bytes
*DEL*:00000000H   CODE     ---       _fill_picture
      010008F3H   CODE     ---       _NRF24L01_Clear_IRQ_Flag
      01000710H   CODE     ---       _NRF24L01_Read_Buf
      01000A8BH   CODE     ---       _NRF24L01_Read_Reg
*DEL*:00000000H   CODE     ---       _NRF24L01_Read_Rx_Payload
      01000577H   CODE     ---       _NRF24L01_RxPacket
*DEL*:00000000H   CODE     ---       _NRF24L01_Set_Power
      0100081DH   CODE     ---       _NRF24L01_Set_RxAddr
*DEL*:00000000H   CODE     ---       _NRF24L01_Set_Speed
      01000A1DH   CODE     ---       _NRF24L01_Set_TxAddr
*DEL*:00000000H   CODE     ---       _NRF24L01_TxPacket
      01000758H   CODE     ---       _NRF24L01_Write_Buf
      01000A37H   CODE     ---       _NRF24L01_Write_Reg
*DEL*:00000000H   CODE     ---       _NRF24L01_Write_Tx_Payload_Ack
*DEL*:00000000H   CODE     ---       _NRF24L01_Write_Tx_Payload_InAck
*DEL*:00000000H   CODE     ---       _NRF24L01_Write_Tx_Payload_NoAck
*DEL*:00000000H   CODE     ---       _OLED_DrawBMP
*DEL*:00000000H   CODE     ---       _oled_pow
*DEL*:00000000H   CODE     ---       _OLED_PutPixel
*DEL*:00000000H   CODE     ---       _OLED_Rectangle
      01000894H   CODE     ---       _OLED_Set_Pos
*DEL*:00000000H   CODE     ---       _OLED_ShowChar
      01000447H   CODE     ---       _OLED_ShowCHinese
*DEL*:00000000H   CODE     ---       _OLED_ShowNum
*DEL*:00000000H   CODE     ---       _OLED_ShowString
      0100096FH   CODE     ---       _OLED_WR_Byte
      01000980H   CODE     ---       _RF24L01_Set_Mode
*DEL*:00000000H   CODE     ---       _RF24LL01_Write_Hopping_Point
      0100092BH   CODE     ---       _Write_IIC_Byte
      01000A6FH   CODE     ---       _Write_IIC_Command
      01000A7DH   CODE     ---       _Write_IIC_Data
*SFR* 000000D0H.6 DATA     BIT       AC
*SFR* 000000E0H   DATA     BYTE      ACC
*SFR* 00000080H.1 DATA     BIT       AIN1
*SFR* 00000080H.2 DATA     BIT       AIN2
*SFR* 000000F0H   DATA     BYTE      B
*SFR* 000000A0H.3 DATA     BIT       BEEP
*SFR* 00000080H.3 DATA     BIT       BIN1
*SFR* 00000080H.4 DATA     BIT       BIN2
*SFR* 000000C8H.1 DATA     BIT       C_T2
      02000000H   XDATA    ---       content
*SFR* 000000C8H.0 DATA     BIT       CP_RL2
*SFR* 000000D0H.7 DATA     BIT       CY
      010009AAH   CODE     ---       delay_1ms
*SFR* 00000083H   DATA     BYTE      DPH
*SFR* 00000082H   DATA     BYTE      DPL
      010009C9H   CODE     ---       drv_spi_init
*DEL*:00000000H   CODE     ---       drv_uart_init
*SFR* 000000A8H.7 DATA     BIT       EA
*SFR* 000000A8H.4 DATA     BIT       ES
*SFR* 000000A8H.1 DATA     BIT       ET0
*SFR* 000000A8H.3 DATA     BIT       ET1
*SFR* 000000A8H.5 DATA     BIT       ET2
*SFR* 000000A8H.0 DATA     BIT       EX0
*SFR* 000000A8H.2 DATA     BIT       EX1
*SFR* 000000C8H.3 DATA     BIT       EXEN2
LX51 LINKER/LOCATER V4.66.97.0                                                        03/17/2022  21:45:15  PAGE 7


*SFR* 000000C8H.6 DATA     BIT       EXF2
*SFR* 000000D0H.5 DATA     BIT       F0
      01000AABH   CONST    ---       F6x8
      01000CD3H   CONST    ---       F8X16
      010008C0H   CODE     ---       F_Date
      0200009FH   XDATA    ---       g_ErrorString
      010012C3H   CONST    ---       Hzk
*SFR* 000000A8H   DATA     BYTE      IE
*SFR* 00000088H.1 DATA     BIT       IE0
*SFR* 00000088H.3 DATA     BIT       IE1
      01000AA2H   CODE     ---       IIC_Start
      01000003H   CODE     ---       IIC_Stop
      01000A5BH   CODE     ---       IIC_Wait_Ack
*SFR* 000000B0H.2 DATA     BIT       INT0
*SFR* 000000B0H.3 DATA     BIT       INT1
*SFR* 000000B8H   DATA     BYTE      IP
*SFR* 00000088H.0 DATA     BIT       IT0
*SFR* 00000088H.2 DATA     BIT       IT1
      010002F1H   CODE     ---       main
      02000085H   XDATA    INT       MOD
      010004E3H   CODE     ---       NRF24L01_check
*DEL*:00000000H   CODE     ---       NRF24L01_Flush_Rx_Fifo
*DEL*:00000000H   CODE     ---       NRF24L01_Flush_Tx_Fifo
      01000A60H   CODE     ---       NRF24L01_Gpio_Init
*DEL*:00000000H   CODE     ---       NRF24L01_Nop
      01000A98H   CODE     ---       NRF24L01_Read_Status_Register
*DEL*:00000000H   CODE     ---       NRF24L01_Read_Top_Fifo_Width
*DEL*:00000000H   CODE     ---       NRF24L01_Reuse_Tx_Payload
      01000855H   CODE     ---       OLED_Clear
*DEL*:00000000H   CODE     ---       OLED_Display_Off
*DEL*:00000000H   CODE     ---       OLED_Display_On
      01000211H   CODE     ---       OLED_Init
*DEL*:00000000H   CODE     ---       OLED_On
*SFR* 00000090H.6 DATA     BIT       OLED_SCL
*SFR* 00000090H.7 DATA     BIT       OLED_SDIN
*SFR* 000000D0H.2 DATA     BIT       OV
*SFR* 000000D0H.0 DATA     BIT       P
*SFR* 00000080H   DATA     BYTE      P0
*SFR* 00000093H   DATA     BYTE      P0M0
*SFR* 00000094H   DATA     BYTE      P0M1
*SFR* 00000090H   DATA     BYTE      P1
*SFR* 00000091H   DATA     BYTE      P1M0
*SFR* 00000092H   DATA     BYTE      P1M1
*SFR* 000000A0H   DATA     BYTE      P2
*SFR* 00000095H   DATA     BYTE      P2M0
*SFR* 00000096H   DATA     BYTE      P2M1
*SFR* 000000B0H   DATA     BYTE      P3
*SFR* 000000B1H   DATA     BYTE      P3M0
*SFR* 000000B2H   DATA     BYTE      P3M1
*SFR* 00000087H   DATA     BYTE      PCON
*SFR* 000000A0H   DATA     BYTE      PPAGE_SFR
*SFR* 000000B8H.4 DATA     BIT       PS
*SFR* 000000D0H   DATA     BYTE      PSW
*SFR* 000000B8H.1 DATA     BIT       PT0
*SFR* 000000B8H.3 DATA     BIT       PT1
*SFR* 000000B8H.5 DATA     BIT       PT2
      02000003H   XDATA    BYTE      pwm_motor_val
      02000004H   XDATA    BYTE      pwm_t
*SFR* 00000080H.0 DATA     BIT       PWMA
*SFR* 00000080H.5 DATA     BIT       PWMB
*SFR* 000000B8H.0 DATA     BIT       PX0
*SFR* 000000B8H.2 DATA     BIT       PX1
*SFR* 00000098H.2 DATA     BIT       RB8
*SFR* 000000CBH   DATA     BYTE      RCAP2H
*SFR* 000000CAH   DATA     BYTE      RCAP2L
LX51 LINKER/LOCATER V4.66.97.0                                                        03/17/2022  21:45:15  PAGE 8


*SFR* 000000C8H.5 DATA     BIT       RCLK
*SFR* 000000B0H.7 DATA     BIT       RD
*SFR* 00000098H.4 DATA     BIT       REN
*SFR* 00000090H.0 DATA     BIT       RF24L01_CE
      01000691H   CODE     ---       RF24L01_Init
*SFR* 00000090H.5 DATA     BIT       RF24L01_IRQ
*DEL*:00000000H   CODE     ---       RF24L01_Read_IRQ_Status
      02000005H   XDATA    ---       RF24L01RxBuffer
*SFR* 00000098H.0 DATA     BIT       RI
*SFR* 000000D0H.3 DATA     BIT       RS0
*SFR* 000000D0H.4 DATA     BIT       RS1
*SFR* 000000B0H.0 DATA     BIT       RXD
*SFR* 00000099H   DATA     BYTE      SBUF
*SFR* 00000098H   DATA     BYTE      SCON
*SFR* 00000098H.7 DATA     BIT       SM0
*SFR* 00000098H.6 DATA     BIT       SM1
*SFR* 00000098H.5 DATA     BIT       SM2
*SFR* 00000081H   DATA     BYTE      SP
*SFR* 00000090H.2 DATA     BIT       SPI_MISO
*SFR* 00000090H.4 DATA     BIT       SPI_MOSI
*SFR* 00000090H.3 DATA     BIT       SPI_NSS
*SFR* 00000090H.1 DATA     BIT       SPI_SCK
*SFR* 000000B0H.4 DATA     BIT       T0
*SFR* 000000B0H.5 DATA     BIT       T1
*SFR* 00000090H.0 DATA     BIT       T2
*SFR* 000000C8H   DATA     BYTE      T2CON
*SFR* 00000090H.1 DATA     BIT       T2EX
*SFR* 00000098H.3 DATA     BIT       TB8
*SFR* 000000C8H.4 DATA     BIT       TCLK
*SFR* 00000088H   DATA     BYTE      TCON
*SFR* 00000088H.5 DATA     BIT       TF0
*SFR* 00000088H.7 DATA     BIT       TF1
*SFR* 000000C8H.7 DATA     BIT       TF2
*SFR* 0000008CH   DATA     BYTE      TH0
*SFR* 0000008DH   DATA     BYTE      TH1
*SFR* 000000CDH   DATA     BYTE      TH2
*SFR* 00000098H.1 DATA     BIT       TI
      010007E4H   CODE     ---       timer0
*SFR* 0000008AH   DATA     BYTE      TL0
*SFR* 0000008BH   DATA     BYTE      TL1
*SFR* 000000CCH   DATA     BYTE      TL2
*SFR* 00000089H   DATA     BYTE      TMOD
*SFR* 00000088H.4 DATA     BIT       TR0
*SFR* 00000088H.6 DATA     BIT       TR1
*SFR* 000000C8H.2 DATA     BIT       TR2
*SFR* 000000B0H.1 DATA     BIT       TXD
      02000045H   XDATA    ---       UART_BUFFER
*SFR* 000000B0H.0 DATA     BIT       UART_RX
*SFR* 000000B0H.1 DATA     BIT       UART_TX
*SFR* 000000B0H.6 DATA     BIT       WR



SYMBOL TABLE OF MODULE:  rf24l01_51 (?C_STARTUP)

      VALUE       REP       CLASS    TYPE      SYMBOL NAME
      ====================================================
      ---         MODULE    ---      ---       ?C_STARTUP
      01000000H   PUBLIC    CODE     NEAR LAB  ?C_STARTUP
      000000E0H   SFRSYM    DATA     BYTE      ACC
      000000F0H   SFRSYM    DATA     BYTE      B
      00000083H   SFRSYM    DATA     BYTE      DPH
      00000082H   SFRSYM    DATA     BYTE      DPL
      000000A0H   SFRSYM    DATA     BYTE      PPAGE_SFR
      00000081H   SFRSYM    DATA     BYTE      SP
LX51 LINKER/LOCATER V4.66.97.0                                                        03/17/2022  21:45:15  PAGE 9


      00000000H   SYMBOL    NUMBER   ---       IBPSTACK
      00000100H   SYMBOL    NUMBER   ---       IBPSTACKTOP
      00000080H   SYMBOL    NUMBER   ---       IDATALEN
      01000608H   SYMBOL    CODE     NEAR LAB  IDATALOOP
      00000000H   SYMBOL    NUMBER   ---       PBPSTACK
      00000100H   SYMBOL    NUMBER   ---       PBPSTACKTOP
      00000000H   SYMBOL    NUMBER   ---       PDATALEN
      00000000H   SYMBOL    NUMBER   ---       PDATASTART
      00000000H   SYMBOL    NUMBER   ---       PPAGE
      00000000H   SYMBOL    NUMBER   ---       PPAGEENABLE
      01000605H   SYMBOL    CODE     NEAR LAB  STARTUP1
      00000000H   SYMBOL    NUMBER   ---       XBPSTACK
      00010000H   SYMBOL    NUMBER   ---       XBPSTACKTOP
      00000000H   SYMBOL    NUMBER   ---       XDATALEN
      00000000H   SYMBOL    NUMBER   ---       XDATASTART

      01000000H   BLOCK     CODE     NEAR LAB  LVL=0
      01000000H   LINE      CODE     ---       #126
      ---         BLOCKEND  ---      ---       LVL=0

      01000605H   BLOCK     CODE     NEAR LAB  LVL=0
      01000605H   LINE      CODE     ---       #133
      01000607H   LINE      CODE     ---       #134
      01000608H   LINE      CODE     ---       #135
      01000609H   LINE      CODE     ---       #136
      0100060BH   LINE      CODE     ---       #185
      0100060EH   LINE      CODE     ---       #196
      ---         BLOCKEND  ---      ---       LVL=0

      ---         MODULE    ---      ---       MAIN
      02000085H   PUBLIC    XDATA    INT       MOD
      02000045H   PUBLIC    XDATA    ---       UART_BUFFER
      02000005H   PUBLIC    XDATA    ---       RF24L01RxBuffer
      02000004H   PUBLIC    XDATA    BYTE      pwm_t
      02000003H   PUBLIC    XDATA    BYTE      pwm_motor_val
      02000000H   PUBLIC    XDATA    ---       content
      010002F1H   PUBLIC    CODE     ---       main
      010007E4H   PUBLIC    CODE     ---       timer0
      010008C0H   PUBLIC    CODE     ---       F_Date
      00000091H   SFRSYM    DATA     BYTE      P1M0
      00000094H   SFRSYM    DATA     BYTE      P0M1
      00000095H   SFRSYM    DATA     BYTE      P2M0
      00000092H   SFRSYM    DATA     BYTE      P1M1
      00000080H   SFRSYM    DATA     BYTE      P0
      000000B1H   SFRSYM    DATA     BYTE      P3M0
      00000096H   SFRSYM    DATA     BYTE      P2M1
      00000090H   SFRSYM    DATA     BYTE      P1
      000000B2H   SFRSYM    DATA     BYTE      P3M1
      000000A0H   SFRSYM    DATA     BYTE      P2
      000000B0H   SFRSYM    DATA     BYTE      P3
      000000B0H.4 SFRSYM    DATA     BIT       T0
      000000D0H.6 SFRSYM    DATA     BIT       AC
      000000B0H.5 SFRSYM    DATA     BIT       T1
      00000090H.0 SFRSYM    DATA     BIT       T2
      000000A8H.7 SFRSYM    DATA     BIT       EA
      00000090H.2 SFRSYM    DATA     BIT       SPI_MISO
      00000090H.4 SFRSYM    DATA     BIT       SPI_MOSI
      00000080H.1 SFRSYM    DATA     BIT       AIN1
      00000080H.3 SFRSYM    DATA     BIT       BIN1
      00000080H.2 SFRSYM    DATA     BIT       AIN2
      00000080H.4 SFRSYM    DATA     BIT       BIN2
      000000A8H   SFRSYM    DATA     BYTE      IE
      00000090H.0 SFRSYM    DATA     BIT       RF24L01_CE
      000000C8H.6 SFRSYM    DATA     BIT       EXF2
      000000B0H.7 SFRSYM    DATA     BIT       RD
LX51 LINKER/LOCATER V4.66.97.0                                                        03/17/2022  21:45:15  PAGE 10


      000000A8H.4 SFRSYM    DATA     BIT       ES
      000000B8H   SFRSYM    DATA     BYTE      IP
      00000098H.0 SFRSYM    DATA     BIT       RI
      000000B0H.2 SFRSYM    DATA     BIT       INT0
      000000D0H.7 SFRSYM    DATA     BIT       CY
      000000A0H.3 SFRSYM    DATA     BIT       BEEP
      00000098H.1 SFRSYM    DATA     BIT       TI
      000000B0H.3 SFRSYM    DATA     BIT       INT1
      000000CBH   SFRSYM    DATA     BYTE      RCAP2H
      000000B8H.4 SFRSYM    DATA     BIT       PS
      00000081H   SFRSYM    DATA     BYTE      SP
      00000090H.1 SFRSYM    DATA     BIT       T2EX
      000000D0H.2 SFRSYM    DATA     BIT       OV
      000000CAH   SFRSYM    DATA     BYTE      RCAP2L
      000000C8H.1 SFRSYM    DATA     BIT       C_T2
      000000B0H.6 SFRSYM    DATA     BIT       WR
      000000C8H.5 SFRSYM    DATA     BIT       RCLK
      00000090H.1 SFRSYM    DATA     BIT       SPI_SCK
      000000C8H.4 SFRSYM    DATA     BIT       TCLK
      00000099H   SFRSYM    DATA     BYTE      SBUF
      00000087H   SFRSYM    DATA     BYTE      PCON
      00000098H   SFRSYM    DATA     BYTE      SCON
      00000090H.7 SFRSYM    DATA     BIT       OLED_SDIN
      00000089H   SFRSYM    DATA     BYTE      TMOD
      00000088H   SFRSYM    DATA     BYTE      TCON
      00000080H.0 SFRSYM    DATA     BIT       PWMA
      00000080H.5 SFRSYM    DATA     BIT       PWMB
      00000088H.1 SFRSYM    DATA     BIT       IE0
      00000088H.3 SFRSYM    DATA     BIT       IE1
      000000F0H   SFRSYM    DATA     BYTE      B
      00000090H.3 SFRSYM    DATA     BIT       SPI_NSS
      000000C8H.0 SFRSYM    DATA     BIT       CP_RL2
      000000E0H   SFRSYM    DATA     BYTE      ACC
      000000B0H.0 SFRSYM    DATA     BIT       UART_RX
      000000A8H.1 SFRSYM    DATA     BIT       ET0
      000000B0H.1 SFRSYM    DATA     BIT       UART_TX
      000000A8H.3 SFRSYM    DATA     BIT       ET1
      00000088H.5 SFRSYM    DATA     BIT       TF0
      000000A8H.5 SFRSYM    DATA     BIT       ET2
      00000088H.7 SFRSYM    DATA     BIT       TF1
      000000C8H.7 SFRSYM    DATA     BIT       TF2
      00000098H.2 SFRSYM    DATA     BIT       RB8
      0000008CH   SFRSYM    DATA     BYTE      TH0
      000000A8H.0 SFRSYM    DATA     BIT       EX0
      00000088H.0 SFRSYM    DATA     BIT       IT0
      0000008DH   SFRSYM    DATA     BYTE      TH1
      00000098H.3 SFRSYM    DATA     BIT       TB8
      000000A8H.2 SFRSYM    DATA     BIT       EX1
      00000088H.2 SFRSYM    DATA     BIT       IT1
      000000CDH   SFRSYM    DATA     BYTE      TH2
      000000D0H.0 SFRSYM    DATA     BIT       P
      00000098H.7 SFRSYM    DATA     BIT       SM0
      0000008AH   SFRSYM    DATA     BYTE      TL0
      00000098H.6 SFRSYM    DATA     BIT       SM1
      0000008BH   SFRSYM    DATA     BYTE      TL1
      00000098H.5 SFRSYM    DATA     BIT       SM2
      000000CCH   SFRSYM    DATA     BYTE      TL2
      000000B8H.1 SFRSYM    DATA     BIT       PT0
      000000B8H.3 SFRSYM    DATA     BIT       PT1
      000000D0H.3 SFRSYM    DATA     BIT       RS0
      000000B8H.5 SFRSYM    DATA     BIT       PT2
      00000088H.4 SFRSYM    DATA     BIT       TR0
      000000D0H.4 SFRSYM    DATA     BIT       RS1
      00000088H.6 SFRSYM    DATA     BIT       TR1
      000000C8H.2 SFRSYM    DATA     BIT       TR2
LX51 LINKER/LOCATER V4.66.97.0                                                        03/17/2022  21:45:15  PAGE 11


      000000B8H.0 SFRSYM    DATA     BIT       PX0
      000000B8H.2 SFRSYM    DATA     BIT       PX1
      00000083H   SFRSYM    DATA     BYTE      DPH
      00000082H   SFRSYM    DATA     BYTE      DPL
      000000C8H.3 SFRSYM    DATA     BIT       EXEN2
      00000098H.4 SFRSYM    DATA     BIT       REN
      000000C8H   SFRSYM    DATA     BYTE      T2CON
      00000090H.6 SFRSYM    DATA     BIT       OLED_SCL
      000000B0H.0 SFRSYM    DATA     BIT       RXD
      000000B0H.1 SFRSYM    DATA     BIT       TXD
      000000D0H.5 SFRSYM    DATA     BIT       F0
      00000090H.5 SFRSYM    DATA     BIT       RF24L01_IRQ
      000000D0H   SFRSYM    DATA     BYTE      PSW
      00000093H   SFRSYM    DATA     BYTE      P0M0

      010008C0H   BLOCK     CODE     ---       LVL=0
      010008C0H   LINE      CODE     ---       #20
      010008C0H   LINE      CODE     ---       #21
      010008C0H   LINE      CODE     ---       #22
      010008CDH   LINE      CODE     ---       #23
      010008CDH   LINE      CODE     ---       #24
      010008CFH   LINE      CODE     ---       #25
      010008D1H   LINE      CODE     ---       #26
      010008D8H   LINE      CODE     ---       #28
      010008DAH   LINE      CODE     ---       #29
      010008DCH   LINE      CODE     ---       #30
      010008E3H   LINE      CODE     ---       #32
      010008E5H   LINE      CODE     ---       #33
      010008E7H   LINE      CODE     ---       #34
      010008EEH   LINE      CODE     ---       #36
      010008F0H   LINE      CODE     ---       #37
      010008F2H   LINE      CODE     ---       #38
      010008F2H   LINE      CODE     ---       #40
      ---         BLOCKEND  ---      ---       LVL=0

      010007E4H   BLOCK     CODE     ---       LVL=0
      010007E4H   LINE      CODE     ---       #43
      010007F3H   LINE      CODE     ---       #45
      010007F9H   LINE      CODE     ---       #46
      010007FDH   LINE      CODE     ---       #47
      010007FDH   LINE      CODE     ---       #48
      01000800H   LINE      CODE     ---       #49
      01000800H   LINE      CODE     ---       #50
      0100080CH   LINE      CODE     ---       #51
      0100080CH   LINE      CODE     ---       #52
      0100080EH   LINE      CODE     ---       #53
      01000810H   LINE      CODE     ---       #54
      01000810H   LINE      CODE     ---       #55
      ---         BLOCKEND  ---      ---       LVL=0

      010002F1H   BLOCK     CODE     ---       LVL=0
      010002F1H   BLOCK     CODE     NEAR LAB  LVL=1
      00000007H   SYMBOL    DATA     BYTE      j
      02000087H   SYMBOL    XDATA    WORD      num
      ---         BLOCKEND  ---      ---       LVL=1
      010002F1H   LINE      CODE     ---       #57
      010002F1H   LINE      CODE     ---       #58
      010002F1H   LINE      CODE     ---       #60
      010002F8H   LINE      CODE     ---       #61
      010002FBH   LINE      CODE     ---       #62
      010002FEH   LINE      CODE     ---       #64
      01000301H   LINE      CODE     ---       #67
      01000304H   LINE      CODE     ---       #70
      01000307H   LINE      CODE     ---       #71
      0100030AH   LINE      CODE     ---       #72
LX51 LINKER/LOCATER V4.66.97.0                                                        03/17/2022  21:45:15  PAGE 12


      0100030FH   LINE      CODE     ---       #73
      01000317H   LINE      CODE     ---       #78
      0100031AH   LINE      CODE     ---       #79
      0100031DH   LINE      CODE     ---       #80
      01000320H   LINE      CODE     ---       #81
      01000322H   LINE      CODE     ---       #82
      01000324H   LINE      CODE     ---       #83
      01000326H   LINE      CODE     ---       #85
      01000328H   LINE      CODE     ---       #86
      0100032AH   LINE      CODE     ---       #88
      0100032CH   LINE      CODE     ---       #89
      0100032EH   LINE      CODE     ---       #92
      0100032EH   LINE      CODE     ---       #93
      0100032EH   LINE      CODE     ---       #95
      01000337H   LINE      CODE     ---       #97
      0100033AH   LINE      CODE     ---       #98
      0100033AH   LINE      CODE     ---       #103
      01000343H   LINE      CODE     ---       #104
      01000343H   LINE      CODE     ---       #105
      0100034BH   LINE      CODE     ---       #106
      0100034DH   LINE      CODE     ---       #108
      0100034DH   LINE      CODE     ---       #109
      01000355H   LINE      CODE     ---       #110
      01000355H   LINE      CODE     ---       #111
      0100035BH   LINE      CODE     ---       #112
      0100035BH   LINE      CODE     ---       #114
      0100035BH   LINE      CODE     ---       #115
      01000363H   LINE      CODE     ---       #116
      01000363H   LINE      CODE     ---       #117
      0100036BH   LINE      CODE     ---       #118
      0100036DH   LINE      CODE     ---       #119
      0100036DH   LINE      CODE     ---       #120
      01000375H   LINE      CODE     ---       #121
      01000375H   LINE      CODE     ---       #122
      0100037DH   LINE      CODE     ---       #123
      0100037FH   LINE      CODE     ---       #124
      0100037FH   LINE      CODE     ---       #125
      01000387H   LINE      CODE     ---       #126
      01000387H   LINE      CODE     ---       #127
      0100038FH   LINE      CODE     ---       #128
      01000391H   LINE      CODE     ---       #129
      01000397H   LINE      CODE     ---       #130
      01000399H   LINE      CODE     ---       #132
      0100039FH   LINE      CODE     ---       #133
      0100039FH   LINE      CODE     ---       #134
      010003A1H   LINE      CODE     ---       #136
      010003A7H   LINE      CODE     ---       #137
      010003A7H   LINE      CODE     ---       #140
      ---         BLOCKEND  ---      ---       LVL=0

      ---         MODULE    ---      ---       DELAY
      010009E7H   PUBLIC    CODE     ---       _delay_ms
      010009AAH   PUBLIC    CODE     ---       delay_1ms
      00000091H   SFRSYM    DATA     BYTE      P1M0
      00000094H   SFRSYM    DATA     BYTE      P0M1
      00000095H   SFRSYM    DATA     BYTE      P2M0
      00000092H   SFRSYM    DATA     BYTE      P1M1
      000000B1H   SFRSYM    DATA     BYTE      P3M0
      00000096H   SFRSYM    DATA     BYTE      P2M1
      000000B2H   SFRSYM    DATA     BYTE      P3M1
      00000093H   SFRSYM    DATA     BYTE      P0M0

      010009AAH   BLOCK     CODE     ---       LVL=0
      010009AAH   BLOCK     CODE     NEAR LAB  LVL=1
      00000006H   SYMBOL    DATA     WORD      Ms
LX51 LINKER/LOCATER V4.66.97.0                                                        03/17/2022  21:45:15  PAGE 13


      00000004H   SYMBOL    DATA     WORD      j
      ---         BLOCKEND  ---      ---       LVL=1
      010009AAH   LINE      CODE     ---       #35
      010009AAH   LINE      CODE     ---       #36
      010009AAH   LINE      CODE     ---       #37
      010009AEH   LINE      CODE     ---       #38
      010009B2H   LINE      CODE     ---       #40
      010009BCH   LINE      CODE     ---       #41
      010009BCH   LINE      CODE     ---       #42
      010009C8H   LINE      CODE     ---       #43
      010009C8H   LINE      CODE     ---       #44
      ---         BLOCKEND  ---      ---       LVL=0

      010009E7H   BLOCK     CODE     ---       LVL=0
      02000093H   SYMBOL    XDATA    WORD      Ms
      010009E7H   LINE      CODE     ---       #53
      010009EFH   LINE      CODE     ---       #54
      010009EFH   LINE      CODE     ---       #55
      010009FDH   LINE      CODE     ---       #56
      010009FDH   LINE      CODE     ---       #57
      01000A00H   LINE      CODE     ---       #58
      01000A02H   LINE      CODE     ---       #59
      ---         BLOCKEND  ---      ---       LVL=0

      ---         MODULE    ---      ---       UART
      01000A03H   PUBLIC    CODE     ---       _drv_uart_tx_bytes
      00000091H   SFRSYM    DATA     BYTE      P1M0
      00000094H   SFRSYM    DATA     BYTE      P0M1
      00000095H   SFRSYM    DATA     BYTE      P2M0
      00000092H   SFRSYM    DATA     BYTE      P1M1
      00000080H   SFRSYM    DATA     BYTE      P0
      000000B1H   SFRSYM    DATA     BYTE      P3M0
      00000096H   SFRSYM    DATA     BYTE      P2M1
      00000090H   SFRSYM    DATA     BYTE      P1
      000000B2H   SFRSYM    DATA     BYTE      P3M1
      000000A0H   SFRSYM    DATA     BYTE      P2
      000000B0H   SFRSYM    DATA     BYTE      P3
      000000B0H.4 SFRSYM    DATA     BIT       T0
      000000D0H.6 SFRSYM    DATA     BIT       AC
      000000B0H.5 SFRSYM    DATA     BIT       T1
      00000090H.0 SFRSYM    DATA     BIT       T2
      000000A8H.7 SFRSYM    DATA     BIT       EA
      00000090H.2 SFRSYM    DATA     BIT       SPI_MISO
      00000090H.4 SFRSYM    DATA     BIT       SPI_MOSI
      000000A8H   SFRSYM    DATA     BYTE      IE
      00000090H.0 SFRSYM    DATA     BIT       RF24L01_CE
      000000C8H.6 SFRSYM    DATA     BIT       EXF2
      000000B0H.7 SFRSYM    DATA     BIT       RD
      000000A8H.4 SFRSYM    DATA     BIT       ES
      000000B8H   SFRSYM    DATA     BYTE      IP
      00000098H.0 SFRSYM    DATA     BIT       RI
      000000B0H.2 SFRSYM    DATA     BIT       INT0
      000000D0H.7 SFRSYM    DATA     BIT       CY
      00000098H.1 SFRSYM    DATA     BIT       TI
      000000B0H.3 SFRSYM    DATA     BIT       INT1
      000000CBH   SFRSYM    DATA     BYTE      RCAP2H
      000000B8H.4 SFRSYM    DATA     BIT       PS
      00000081H   SFRSYM    DATA     BYTE      SP
      00000090H.1 SFRSYM    DATA     BIT       T2EX
      000000D0H.2 SFRSYM    DATA     BIT       OV
      000000CAH   SFRSYM    DATA     BYTE      RCAP2L
      000000C8H.1 SFRSYM    DATA     BIT       C_T2
      000000B0H.6 SFRSYM    DATA     BIT       WR
      000000C8H.5 SFRSYM    DATA     BIT       RCLK
      00000090H.1 SFRSYM    DATA     BIT       SPI_SCK
LX51 LINKER/LOCATER V4.66.97.0                                                        03/17/2022  21:45:15  PAGE 14


      000000C8H.4 SFRSYM    DATA     BIT       TCLK
      00000099H   SFRSYM    DATA     BYTE      SBUF
      00000087H   SFRSYM    DATA     BYTE      PCON
      00000098H   SFRSYM    DATA     BYTE      SCON
      00000090H.7 SFRSYM    DATA     BIT       OLED_SDIN
      00000089H   SFRSYM    DATA     BYTE      TMOD
      00000088H   SFRSYM    DATA     BYTE      TCON
      00000088H.1 SFRSYM    DATA     BIT       IE0
      00000088H.3 SFRSYM    DATA     BIT       IE1
      000000F0H   SFRSYM    DATA     BYTE      B
      00000090H.3 SFRSYM    DATA     BIT       SPI_NSS
      000000C8H.0 SFRSYM    DATA     BIT       CP_RL2
      000000E0H   SFRSYM    DATA     BYTE      ACC
      000000B0H.0 SFRSYM    DATA     BIT       UART_RX
      000000A8H.1 SFRSYM    DATA     BIT       ET0
      000000B0H.1 SFRSYM    DATA     BIT       UART_TX
      000000A8H.3 SFRSYM    DATA     BIT       ET1
      00000088H.5 SFRSYM    DATA     BIT       TF0
      000000A8H.5 SFRSYM    DATA     BIT       ET2
      00000088H.7 SFRSYM    DATA     BIT       TF1
      000000C8H.7 SFRSYM    DATA     BIT       TF2
      00000098H.2 SFRSYM    DATA     BIT       RB8
      0000008CH   SFRSYM    DATA     BYTE      TH0
      000000A8H.0 SFRSYM    DATA     BIT       EX0
      00000088H.0 SFRSYM    DATA     BIT       IT0
      0000008DH   SFRSYM    DATA     BYTE      TH1
      00000098H.3 SFRSYM    DATA     BIT       TB8
      000000A8H.2 SFRSYM    DATA     BIT       EX1
      00000088H.2 SFRSYM    DATA     BIT       IT1
      000000CDH   SFRSYM    DATA     BYTE      TH2
      000000D0H.0 SFRSYM    DATA     BIT       P
      00000098H.7 SFRSYM    DATA     BIT       SM0
      0000008AH   SFRSYM    DATA     BYTE      TL0
      00000098H.6 SFRSYM    DATA     BIT       SM1
      0000008BH   SFRSYM    DATA     BYTE      TL1
      00000098H.5 SFRSYM    DATA     BIT       SM2
      000000CCH   SFRSYM    DATA     BYTE      TL2
      000000B8H.1 SFRSYM    DATA     BIT       PT0
      000000B8H.3 SFRSYM    DATA     BIT       PT1
      000000D0H.3 SFRSYM    DATA     BIT       RS0
      000000B8H.5 SFRSYM    DATA     BIT       PT2
      00000088H.4 SFRSYM    DATA     BIT       TR0
      000000D0H.4 SFRSYM    DATA     BIT       RS1
      00000088H.6 SFRSYM    DATA     BIT       TR1
      000000C8H.2 SFRSYM    DATA     BIT       TR2
      000000B8H.0 SFRSYM    DATA     BIT       PX0
      000000B8H.2 SFRSYM    DATA     BIT       PX1
      00000083H   SFRSYM    DATA     BYTE      DPH
      00000082H   SFRSYM    DATA     BYTE      DPL
      000000C8H.3 SFRSYM    DATA     BIT       EXEN2
      00000098H.4 SFRSYM    DATA     BIT       REN
      000000C8H   SFRSYM    DATA     BYTE      T2CON
      00000090H.6 SFRSYM    DATA     BIT       OLED_SCL
      000000B0H.0 SFRSYM    DATA     BIT       RXD
      000000B0H.1 SFRSYM    DATA     BIT       TXD
      000000D0H.5 SFRSYM    DATA     BIT       F0
      00000090H.5 SFRSYM    DATA     BIT       RF24L01_IRQ
      000000D0H   SFRSYM    DATA     BYTE      PSW
      00000093H   SFRSYM    DATA     BYTE      P0M0

      01000A03H   BLOCK     CODE     ---       LVL=0
      00000001H   SYMBOL    DATA     ---       TxBuffer
      00000005H   SYMBOL    DATA     BYTE      Length
      01000A03H   LINE      CODE     ---       #68
      01000A03H   LINE      CODE     ---       #69
LX51 LINKER/LOCATER V4.66.97.0                                                        03/17/2022  21:45:15  PAGE 15


      01000A03H   LINE      CODE     ---       #70
      01000A09H   LINE      CODE     ---       #71
      01000A09H   LINE      CODE     ---       #72
      01000A0CH   LINE      CODE     ---       #73
      01000A0EH   LINE      CODE     ---       #74
      01000A13H   LINE      CODE     ---       #75
      01000A1AH   LINE      CODE     ---       #76
      01000A1CH   LINE      CODE     ---       #77
      ---         BLOCKEND  ---      ---       LVL=0
      00000001H   SYMBOL    DATA     ---       RxBuffer
      00000006H   SYMBOL    DATA     WORD      l_UartRxTimOut

      ---         MODULE    ---      ---       SPI
      0100079FH   PUBLIC    CODE     ---       _drv_spi_read_write_byte
      010009C9H   PUBLIC    CODE     ---       drv_spi_init
      00000091H   SFRSYM    DATA     BYTE      P1M0
      00000094H   SFRSYM    DATA     BYTE      P0M1
      00000095H   SFRSYM    DATA     BYTE      P2M0
      00000092H   SFRSYM    DATA     BYTE      P1M1
      00000080H   SFRSYM    DATA     BYTE      P0
      000000B1H   SFRSYM    DATA     BYTE      P3M0
      00000096H   SFRSYM    DATA     BYTE      P2M1
      00000090H   SFRSYM    DATA     BYTE      P1
      000000B2H   SFRSYM    DATA     BYTE      P3M1
      000000A0H   SFRSYM    DATA     BYTE      P2
      000000B0H   SFRSYM    DATA     BYTE      P3
      000000B0H.4 SFRSYM    DATA     BIT       T0
      000000D0H.6 SFRSYM    DATA     BIT       AC
      000000B0H.5 SFRSYM    DATA     BIT       T1
      00000090H.0 SFRSYM    DATA     BIT       T2
      000000A8H.7 SFRSYM    DATA     BIT       EA
      00000090H.2 SFRSYM    DATA     BIT       SPI_MISO
      00000090H.4 SFRSYM    DATA     BIT       SPI_MOSI
      000000A8H   SFRSYM    DATA     BYTE      IE
      000000C8H.6 SFRSYM    DATA     BIT       EXF2
      000000B0H.7 SFRSYM    DATA     BIT       RD
      000000A8H.4 SFRSYM    DATA     BIT       ES
      000000B8H   SFRSYM    DATA     BYTE      IP
      00000098H.0 SFRSYM    DATA     BIT       RI
      000000B0H.2 SFRSYM    DATA     BIT       INT0
      000000D0H.7 SFRSYM    DATA     BIT       CY
      00000098H.1 SFRSYM    DATA     BIT       TI
      000000B0H.3 SFRSYM    DATA     BIT       INT1
      000000CBH   SFRSYM    DATA     BYTE      RCAP2H
      000000B8H.4 SFRSYM    DATA     BIT       PS
      00000081H   SFRSYM    DATA     BYTE      SP
      00000090H.1 SFRSYM    DATA     BIT       T2EX
      000000D0H.2 SFRSYM    DATA     BIT       OV
      000000CAH   SFRSYM    DATA     BYTE      RCAP2L
      000000C8H.1 SFRSYM    DATA     BIT       C_T2
      000000B0H.6 SFRSYM    DATA     BIT       WR
      000000C8H.5 SFRSYM    DATA     BIT       RCLK
      00000090H.1 SFRSYM    DATA     BIT       SPI_SCK
      000000C8H.4 SFRSYM    DATA     BIT       TCLK
      00000099H   SFRSYM    DATA     BYTE      SBUF
      00000087H   SFRSYM    DATA     BYTE      PCON
      00000098H   SFRSYM    DATA     BYTE      SCON
      00000089H   SFRSYM    DATA     BYTE      TMOD
      00000088H   SFRSYM    DATA     BYTE      TCON
      00000088H.1 SFRSYM    DATA     BIT       IE0
      00000088H.3 SFRSYM    DATA     BIT       IE1
      000000F0H   SFRSYM    DATA     BYTE      B
      00000090H.3 SFRSYM    DATA     BIT       SPI_NSS
      000000C8H.0 SFRSYM    DATA     BIT       CP_RL2
      000000E0H   SFRSYM    DATA     BYTE      ACC
LX51 LINKER/LOCATER V4.66.97.0                                                        03/17/2022  21:45:15  PAGE 16


      000000A8H.1 SFRSYM    DATA     BIT       ET0
      000000A8H.3 SFRSYM    DATA     BIT       ET1
      00000088H.5 SFRSYM    DATA     BIT       TF0
      000000A8H.5 SFRSYM    DATA     BIT       ET2
      00000088H.7 SFRSYM    DATA     BIT       TF1
      000000C8H.7 SFRSYM    DATA     BIT       TF2
      00000098H.2 SFRSYM    DATA     BIT       RB8
      0000008CH   SFRSYM    DATA     BYTE      TH0
      000000A8H.0 SFRSYM    DATA     BIT       EX0
      00000088H.0 SFRSYM    DATA     BIT       IT0
      0000008DH   SFRSYM    DATA     BYTE      TH1
      00000098H.3 SFRSYM    DATA     BIT       TB8
      000000A8H.2 SFRSYM    DATA     BIT       EX1
      00000088H.2 SFRSYM    DATA     BIT       IT1
      000000CDH   SFRSYM    DATA     BYTE      TH2
      000000D0H.0 SFRSYM    DATA     BIT       P
      00000098H.7 SFRSYM    DATA     BIT       SM0
      0000008AH   SFRSYM    DATA     BYTE      TL0
      00000098H.6 SFRSYM    DATA     BIT       SM1
      0000008BH   SFRSYM    DATA     BYTE      TL1
      00000098H.5 SFRSYM    DATA     BIT       SM2
      000000CCH   SFRSYM    DATA     BYTE      TL2
      000000B8H.1 SFRSYM    DATA     BIT       PT0
      000000B8H.3 SFRSYM    DATA     BIT       PT1
      000000D0H.3 SFRSYM    DATA     BIT       RS0
      000000B8H.5 SFRSYM    DATA     BIT       PT2
      00000088H.4 SFRSYM    DATA     BIT       TR0
      000000D0H.4 SFRSYM    DATA     BIT       RS1
      00000088H.6 SFRSYM    DATA     BIT       TR1
      000000C8H.2 SFRSYM    DATA     BIT       TR2
      000000B8H.0 SFRSYM    DATA     BIT       PX0
      000000B8H.2 SFRSYM    DATA     BIT       PX1
      00000083H   SFRSYM    DATA     BYTE      DPH
      00000082H   SFRSYM    DATA     BYTE      DPL
      000000C8H.3 SFRSYM    DATA     BIT       EXEN2
      00000098H.4 SFRSYM    DATA     BIT       REN
      000000C8H   SFRSYM    DATA     BYTE      T2CON
      000000B0H.0 SFRSYM    DATA     BIT       RXD
      000000B0H.1 SFRSYM    DATA     BIT       TXD
      000000D0H.5 SFRSYM    DATA     BIT       F0
      000000D0H   SFRSYM    DATA     BYTE      PSW
      00000093H   SFRSYM    DATA     BYTE      P0M0

      010009C9H   BLOCK     CODE     ---       LVL=0
      010009C9H   LINE      CODE     ---       #36
      010009C9H   LINE      CODE     ---       #37
      010009C9H   LINE      CODE     ---       #40
      010009CCH   LINE      CODE     ---       #41
      010009CFH   LINE      CODE     ---       #43
      010009D1H   LINE      CODE     ---       #44
      010009D4H   LINE      CODE     ---       #46
      010009D6H   LINE      CODE     ---       #47
      010009D9H   LINE      CODE     ---       #50
      010009DCH   LINE      CODE     ---       #51
      010009DEH   LINE      CODE     ---       #54
      010009E0H   LINE      CODE     ---       #56
      010009E2H   LINE      CODE     ---       #57
      010009E4H   LINE      CODE     ---       #58
      010009E6H   LINE      CODE     ---       #59
      ---         BLOCKEND  ---      ---       LVL=0

      0100079FH   BLOCK     CODE     ---       LVL=0
      00000007H   SYMBOL    DATA     BYTE      TxByte
      0100079FH   BLOCK     CODE     NEAR LAB  LVL=1
      00000006H   SYMBOL    DATA     BYTE      i
LX51 LINKER/LOCATER V4.66.97.0                                                        03/17/2022  21:45:15  PAGE 17


      00000005H   SYMBOL    DATA     BYTE      Data
      ---         BLOCKEND  ---      ---       LVL=1
      0100079FH   LINE      CODE     ---       #68
      0100079FH   LINE      CODE     ---       #69
      0100079FH   LINE      CODE     ---       #70
      010007A2H   LINE      CODE     ---       #72
      010007A4H   LINE      CODE     ---       #74
      010007AEH   LINE      CODE     ---       #75
      010007AEH   LINE      CODE     ---       #77
      010007B5H   LINE      CODE     ---       #78
      010007B5H   LINE      CODE     ---       #79
      010007B7H   LINE      CODE     ---       #80
      010007B9H   LINE      CODE     ---       #82
      010007B9H   LINE      CODE     ---       #83
      010007BBH   LINE      CODE     ---       #84
      010007BBH   LINE      CODE     ---       #85
      010007BFH   LINE      CODE     ---       #86
      010007C1H   LINE      CODE     ---       #87
      010007C2H   LINE      CODE     ---       #90
      010007C6H   LINE      CODE     ---       #91
      010007D7H   LINE      CODE     ---       #92
      010007D7H   LINE      CODE     ---       #93
      010007DBH   LINE      CODE     ---       #94
      010007DBH   LINE      CODE     ---       #96
      010007DDH   LINE      CODE     ---       #97
      010007DEH   LINE      CODE     ---       #98
      010007E1H   LINE      CODE     ---       #100
      010007E3H   LINE      CODE     ---       #101
      ---         BLOCKEND  ---      ---       LVL=0

      ---         MODULE    ---      ---       OLED
      010012C3H   PUBLIC    CONST    ---       Hzk
      01000CD3H   PUBLIC    CONST    ---       F8X16
      01000AABH   PUBLIC    CONST    ---       F6x8
      01000211H   PUBLIC    CODE     ---       OLED_Init
      01000447H   PUBLIC    CODE     ---       _OLED_ShowCHinese
      01000855H   PUBLIC    CODE     ---       OLED_Clear
      01000894H   PUBLIC    CODE     ---       _OLED_Set_Pos
      0100096FH   PUBLIC    CODE     ---       _OLED_WR_Byte
      01000A7DH   PUBLIC    CODE     ---       _Write_IIC_Data
      01000A6FH   PUBLIC    CODE     ---       _Write_IIC_Command
      0100092BH   PUBLIC    CODE     ---       _Write_IIC_Byte
      01000A5BH   PUBLIC    CODE     ---       IIC_Wait_Ack
      01000003H   PUBLIC    CODE     ---       IIC_Stop
      01000AA2H   PUBLIC    CODE     ---       IIC_Start
      00000091H   SFRSYM    DATA     BYTE      P1M0
      00000094H   SFRSYM    DATA     BYTE      P0M1
      00000095H   SFRSYM    DATA     BYTE      P2M0
      00000092H   SFRSYM    DATA     BYTE      P1M1
      00000080H   SFRSYM    DATA     BYTE      P0
      000000B1H   SFRSYM    DATA     BYTE      P3M0
      00000096H   SFRSYM    DATA     BYTE      P2M1
      00000090H   SFRSYM    DATA     BYTE      P1
      000000B2H   SFRSYM    DATA     BYTE      P3M1
      000000A0H   SFRSYM    DATA     BYTE      P2
      000000B0H   SFRSYM    DATA     BYTE      P3
      000000B0H.4 SFRSYM    DATA     BIT       T0
      000000D0H.6 SFRSYM    DATA     BIT       AC
      000000B0H.5 SFRSYM    DATA     BIT       T1
      00000090H.0 SFRSYM    DATA     BIT       T2
      000000A8H.7 SFRSYM    DATA     BIT       EA
      00000090H.2 SFRSYM    DATA     BIT       SPI_MISO
      00000090H.4 SFRSYM    DATA     BIT       SPI_MOSI
      000000A8H   SFRSYM    DATA     BYTE      IE
      00000090H.0 SFRSYM    DATA     BIT       RF24L01_CE
LX51 LINKER/LOCATER V4.66.97.0                                                        03/17/2022  21:45:15  PAGE 18


      000000C8H.6 SFRSYM    DATA     BIT       EXF2
      000000B0H.7 SFRSYM    DATA     BIT       RD
      000000A8H.4 SFRSYM    DATA     BIT       ES
      000000B8H   SFRSYM    DATA     BYTE      IP
      00000098H.0 SFRSYM    DATA     BIT       RI
      000000B0H.2 SFRSYM    DATA     BIT       INT0
      000000D0H.7 SFRSYM    DATA     BIT       CY
      00000098H.1 SFRSYM    DATA     BIT       TI
      000000B0H.3 SFRSYM    DATA     BIT       INT1
      000000CBH   SFRSYM    DATA     BYTE      RCAP2H
      000000B8H.4 SFRSYM    DATA     BIT       PS
      00000081H   SFRSYM    DATA     BYTE      SP
      00000090H.1 SFRSYM    DATA     BIT       T2EX
      000000D0H.2 SFRSYM    DATA     BIT       OV
      000000CAH   SFRSYM    DATA     BYTE      RCAP2L
      000000C8H.1 SFRSYM    DATA     BIT       C_T2
      000000B0H.6 SFRSYM    DATA     BIT       WR
      000000C8H.5 SFRSYM    DATA     BIT       RCLK
      00000090H.1 SFRSYM    DATA     BIT       SPI_SCK
      000000C8H.4 SFRSYM    DATA     BIT       TCLK
      00000099H   SFRSYM    DATA     BYTE      SBUF
      00000087H   SFRSYM    DATA     BYTE      PCON
      00000098H   SFRSYM    DATA     BYTE      SCON
      00000090H.7 SFRSYM    DATA     BIT       OLED_SDIN
      00000089H   SFRSYM    DATA     BYTE      TMOD
      00000088H   SFRSYM    DATA     BYTE      TCON
      00000088H.1 SFRSYM    DATA     BIT       IE0
      00000088H.3 SFRSYM    DATA     BIT       IE1
      000000F0H   SFRSYM    DATA     BYTE      B
      00000090H.3 SFRSYM    DATA     BIT       SPI_NSS
      000000C8H.0 SFRSYM    DATA     BIT       CP_RL2
      000000E0H   SFRSYM    DATA     BYTE      ACC
      000000B0H.0 SFRSYM    DATA     BIT       UART_RX
      000000A8H.1 SFRSYM    DATA     BIT       ET0
      000000B0H.1 SFRSYM    DATA     BIT       UART_TX
      000000A8H.3 SFRSYM    DATA     BIT       ET1
      00000088H.5 SFRSYM    DATA     BIT       TF0
      000000A8H.5 SFRSYM    DATA     BIT       ET2
      00000088H.7 SFRSYM    DATA     BIT       TF1
      000000C8H.7 SFRSYM    DATA     BIT       TF2
      00000098H.2 SFRSYM    DATA     BIT       RB8
      0000008CH   SFRSYM    DATA     BYTE      TH0
      000000A8H.0 SFRSYM    DATA     BIT       EX0
      00000088H.0 SFRSYM    DATA     BIT       IT0
      0000008DH   SFRSYM    DATA     BYTE      TH1
      00000098H.3 SFRSYM    DATA     BIT       TB8
      000000A8H.2 SFRSYM    DATA     BIT       EX1
      00000088H.2 SFRSYM    DATA     BIT       IT1
      000000CDH   SFRSYM    DATA     BYTE      TH2
      000000D0H.0 SFRSYM    DATA     BIT       P
      00000098H.7 SFRSYM    DATA     BIT       SM0
      0000008AH   SFRSYM    DATA     BYTE      TL0
      00000098H.6 SFRSYM    DATA     BIT       SM1
      0000008BH   SFRSYM    DATA     BYTE      TL1
      00000098H.5 SFRSYM    DATA     BIT       SM2
      000000CCH   SFRSYM    DATA     BYTE      TL2
      000000B8H.1 SFRSYM    DATA     BIT       PT0
      000000B8H.3 SFRSYM    DATA     BIT       PT1
      000000D0H.3 SFRSYM    DATA     BIT       RS0
      000000B8H.5 SFRSYM    DATA     BIT       PT2
      00000088H.4 SFRSYM    DATA     BIT       TR0
      000000D0H.4 SFRSYM    DATA     BIT       RS1
      00000088H.6 SFRSYM    DATA     BIT       TR1
      000000C8H.2 SFRSYM    DATA     BIT       TR2
      000000B8H.0 SFRSYM    DATA     BIT       PX0
LX51 LINKER/LOCATER V4.66.97.0                                                        03/17/2022  21:45:15  PAGE 19


      000000B8H.2 SFRSYM    DATA     BIT       PX1
      00000083H   SFRSYM    DATA     BYTE      DPH
      00000082H   SFRSYM    DATA     BYTE      DPL
      000000C8H.3 SFRSYM    DATA     BIT       EXEN2
      00000098H.4 SFRSYM    DATA     BIT       REN
      000000C8H   SFRSYM    DATA     BYTE      T2CON
      00000090H.6 SFRSYM    DATA     BIT       OLED_SCL
      000000B0H.0 SFRSYM    DATA     BIT       RXD
      000000B0H.1 SFRSYM    DATA     BIT       TXD
      000000D0H.5 SFRSYM    DATA     BIT       F0
      00000090H.5 SFRSYM    DATA     BIT       RF24L01_IRQ
      000000D0H   SFRSYM    DATA     BYTE      PSW
      00000093H   SFRSYM    DATA     BYTE      P0M0

      01000AA2H   BLOCK     CODE     ---       LVL=0
      01000AA2H   LINE      CODE     ---       #30
      01000AA2H   LINE      CODE     ---       #31
      01000AA2H   LINE      CODE     ---       #33
      01000AA4H   LINE      CODE     ---       #34
      01000AA6H   LINE      CODE     ---       #35
      01000AA8H   LINE      CODE     ---       #36
      01000AAAH   LINE      CODE     ---       #37
      ---         BLOCKEND  ---      ---       LVL=0

      01000003H   BLOCK     CODE     ---       LVL=0
      01000003H   LINE      CODE     ---       #42
      01000003H   LINE      CODE     ---       #43
      01000003H   LINE      CODE     ---       #44
      01000005H   LINE      CODE     ---       #46
      01000007H   LINE      CODE     ---       #47
      01000009H   LINE      CODE     ---       #49
      ---         BLOCKEND  ---      ---       LVL=0

      01000A50H   BLOCK     CODE     ---       LVL=0
      ---         BLOCKEND  ---      ---       LVL=0

      01000A5BH   BLOCK     CODE     ---       LVL=0
      01000A5BH   LINE      CODE     ---       #51
      01000A5BH   LINE      CODE     ---       #52
      01000A5BH   LINE      CODE     ---       #70
      01000A5DH   LINE      CODE     ---       #71
      01000A5FH   LINE      CODE     ---       #72
      ---         BLOCKEND  ---      ---       LVL=0

      01000924H   BLOCK     CODE     ---       LVL=0
      ---         BLOCKEND  ---      ---       LVL=0

      0100092BH   BLOCK     CODE     ---       LVL=0
      00000007H   SYMBOL    DATA     BYTE      IIC_Byte
      00000006H   SYMBOL    DATA     BYTE      i
      00000005H   SYMBOL    DATA     BYTE      m
      00000007H   SYMBOL    DATA     BYTE      da
      0100092BH   BLOCK     CODE     NEAR LAB  LVL=1
      00000006H   SYMBOL    DATA     BYTE      i
      00000005H   SYMBOL    DATA     BYTE      m
      00000007H   SYMBOL    DATA     BYTE      da
      ---         BLOCKEND  ---      ---       LVL=1
      0100092BH   LINE      CODE     ---       #77
      0100092BH   LINE      CODE     ---       #78
      0100092BH   LINE      CODE     ---       #81
      0100092BH   LINE      CODE     ---       #82
      0100092DH   LINE      CODE     ---       #83
      01000939H   LINE      CODE     ---       #84
      01000939H   LINE      CODE     ---       #85
      0100093BH   LINE      CODE     ---       #87
LX51 LINKER/LOCATER V4.66.97.0                                                        03/17/2022  21:45:15  PAGE 20


      0100093EH   LINE      CODE     ---       #88
      01000942H   LINE      CODE     ---       #89
      01000946H   LINE      CODE     ---       #90
      01000948H   LINE      CODE     ---       #91
      0100094CH   LINE      CODE     ---       #92
      0100094EH   LINE      CODE     ---       #93
      01000950H   LINE      CODE     ---       #94
      01000953H   LINE      CODE     ---       #97
      ---         BLOCKEND  ---      ---       LVL=0

      01000A6FH   BLOCK     CODE     ---       LVL=0
      00000004H   SYMBOL    DATA     BYTE      IIC_Command
      01000A6FH   LINE      CODE     ---       #101
      01000A6FH   LINE      CODE     ---       #102
      01000A6FH   LINE      CODE     ---       #103
      01000A6FH   LINE      CODE     ---       #104
      01000A72H   LINE      CODE     ---       #105
      01000A75H   LINE      CODE     ---       #106
      01000A77H   LINE      CODE     ---       #107
      01000A77H   LINE      CODE     ---       #108
      01000A77H   LINE      CODE     ---       #109
      01000A7AH   LINE      CODE     ---       #110
      ---         BLOCKEND  ---      ---       LVL=0

      01000A7DH   BLOCK     CODE     ---       LVL=0
      00000004H   SYMBOL    DATA     BYTE      IIC_Data
      01000A7DH   LINE      CODE     ---       #115
      01000A7DH   LINE      CODE     ---       #116
      01000A7DH   LINE      CODE     ---       #117
      01000A7DH   LINE      CODE     ---       #118
      01000A80H   LINE      CODE     ---       #119
      01000A83H   LINE      CODE     ---       #120
      01000A85H   LINE      CODE     ---       #121
      01000A85H   LINE      CODE     ---       #122
      01000A85H   LINE      CODE     ---       #123
      01000A88H   LINE      CODE     ---       #124
      ---         BLOCKEND  ---      ---       LVL=0

      01000954H   BLOCK     CODE     ---       LVL=0
      ---         BLOCKEND  ---      ---       LVL=0

      0100096FH   BLOCK     CODE     ---       LVL=0
      00000002H   SYMBOL    DATA     WORD      dat
      00000004H   SYMBOL    DATA     WORD      cmd
      0100096FH   LINE      CODE     ---       #126
      01000973H   LINE      CODE     ---       #127
      01000973H   LINE      CODE     ---       #128
      01000977H   LINE      CODE     ---       #129
      01000977H   LINE      CODE     ---       #131
      0100097AH   LINE      CODE     ---       #133
      0100097AH   LINE      CODE     ---       #134
      0100097AH   LINE      CODE     ---       #135
      0100097FH   LINE      CODE     ---       #137
      0100097FH   LINE      CODE     ---       #140
      ---         BLOCKEND  ---      ---       LVL=0
      00000001H   SYMBOL    DATA     BYTE      m
      00000006H   SYMBOL    DATA     WORD      Del_50ms
      00000004H   SYMBOL    DATA     WORD      m
      00000006H   SYMBOL    DATA     WORD      Del_1ms
      00000005H   SYMBOL    DATA     BYTE      j

      0100088CH   BLOCK     CODE     ---       LVL=0
      ---         BLOCKEND  ---      ---       LVL=0

      01000894H   BLOCK     CODE     ---       LVL=0
LX51 LINKER/LOCATER V4.66.97.0                                                        03/17/2022  21:45:15  PAGE 21


      00000001H   SYMBOL    DATA     BYTE      x
      00000005H   SYMBOL    DATA     BYTE      y
      01000894H   LINE      CODE     ---       #180
      01000896H   LINE      CODE     ---       #181
      010008A3H   LINE      CODE     ---       #182
      010008B4H   LINE      CODE     ---       #183
      ---         BLOCKEND  ---      ---       LVL=0

      01000855H   BLOCK     CODE     ---       LVL=0
      01000855H   BLOCK     CODE     NEAR LAB  LVL=1
      00000001H   SYMBOL    DATA     BYTE      i
      02000089H   SYMBOL    XDATA    BYTE      n
      ---         BLOCKEND  ---      ---       LVL=1
      01000855H   LINE      CODE     ---       #200
      01000855H   LINE      CODE     ---       #201
      01000855H   LINE      CODE     ---       #203
      01000864H   LINE      CODE     ---       #204
      01000864H   LINE      CODE     ---       #205
      01000864H   LINE      CODE     ---       #206
      01000864H   LINE      CODE     ---       #207
      01000867H   LINE      CODE     ---       #208
      01000888H   LINE      CODE     ---       #209
      0100088BH   LINE      CODE     ---       #210
      ---         BLOCKEND  ---      ---       LVL=0
      00000001H   SYMBOL    DATA     BYTE      i
      00000003H   SYMBOL    DATA     BYTE      data1
      00000003H   SYMBOL    DATA     BYTE      chr
      00000001H   SYMBOL    DATA     BYTE      i
      00000001H   SYMBOL    DATA     BYTE      n
      00000006H   SYMBOL    DATA     WORD      result

      01000447H   BLOCK     CODE     ---       LVL=0
      02000089H   SYMBOL    XDATA    BYTE      x
      0200008AH   SYMBOL    XDATA    BYTE      y
      0200008BH   SYMBOL    XDATA    BYTE      no
      01000454H   BLOCK     CODE     NEAR LAB  LVL=1
      00000001H   SYMBOL    DATA     BYTE      t
      0200008CH   SYMBOL    XDATA    BYTE      adder
      ---         BLOCKEND  ---      ---       LVL=1
      01000447H   LINE      CODE     ---       #342
      01000454H   LINE      CODE     ---       #343
      01000454H   LINE      CODE     ---       #344
      01000459H   LINE      CODE     ---       #345
      0100045CH   LINE      CODE     ---       #346
      01000468H   LINE      CODE     ---       #347
      01000468H   LINE      CODE     ---       #348
      01000490H   LINE      CODE     ---       #349
      01000496H   LINE      CODE     ---       #350
      01000499H   LINE      CODE     ---       #351
      010004A5H   LINE      CODE     ---       #352
      010004B1H   LINE      CODE     ---       #353
      010004B1H   LINE      CODE     ---       #354
      010004D9H   LINE      CODE     ---       #355
      010004DFH   LINE      CODE     ---       #356
      010004E2H   LINE      CODE     ---       #357
      ---         BLOCKEND  ---      ---       LVL=0
      00000005H   SYMBOL    DATA     BYTE      y0

      01000211H   BLOCK     CODE     ---       LVL=0
      01000211H   LINE      CODE     ---       #378
      01000211H   LINE      CODE     ---       #379
      01000211H   LINE      CODE     ---       #381
      01000217H   LINE      CODE     ---       #382
      01000217H   LINE      CODE     ---       #383
      0100021AH   LINE      CODE     ---       #384
LX51 LINKER/LOCATER V4.66.97.0                                                        03/17/2022  21:45:15  PAGE 22


      01000223H   LINE      CODE     ---       #385
      0100022CH   LINE      CODE     ---       #386
      01000235H   LINE      CODE     ---       #387
      0100023EH   LINE      CODE     ---       #388
      01000247H   LINE      CODE     ---       #389
      01000250H   LINE      CODE     ---       #390
      01000259H   LINE      CODE     ---       #391
      01000262H   LINE      CODE     ---       #392
      0100026BH   LINE      CODE     ---       #393
      01000274H   LINE      CODE     ---       #394
      0100027CH   LINE      CODE     ---       #396
      01000285H   LINE      CODE     ---       #397
      0100028EH   LINE      CODE     ---       #399
      01000297H   LINE      CODE     ---       #400
      010002A0H   LINE      CODE     ---       #402
      010002A9H   LINE      CODE     ---       #403
      010002B2H   LINE      CODE     ---       #405
      010002BBH   LINE      CODE     ---       #406
      010002C4H   LINE      CODE     ---       #408
      010002CDH   LINE      CODE     ---       #409
      010002D6H   LINE      CODE     ---       #411
      010002DFH   LINE      CODE     ---       #412
      010002E8H   LINE      CODE     ---       #414
      ---         BLOCKEND  ---      ---       LVL=0

      ---         MODULE    ---      ---       RF24L01
      0200009FH   PUBLIC    XDATA    ---       g_ErrorString
      01000691H   PUBLIC    CODE     ---       RF24L01_Init
      01000A60H   PUBLIC    CODE     ---       NRF24L01_Gpio_Init
      01000577H   PUBLIC    CODE     ---       _NRF24L01_RxPacket
      01000980H   PUBLIC    CODE     ---       _RF24L01_Set_Mode
      010004E3H   PUBLIC    CODE     ---       NRF24L01_check
      02000094H   PUBLIC    XDATA    BYTE      ?_NRF24L01_Set_RxAddr?BYTE
      0100081DH   PUBLIC    CODE     ---       _NRF24L01_Set_RxAddr
      01000A1DH   PUBLIC    CODE     ---       _NRF24L01_Set_TxAddr
      010008F3H   PUBLIC    CODE     ---       _NRF24L01_Clear_IRQ_Flag
      01000A98H   PUBLIC    CODE     ---       NRF24L01_Read_Status_Register
      02000099H   PUBLIC    XDATA    BYTE      ?_NRF24L01_Write_Buf?BYTE
      01000758H   PUBLIC    CODE     ---       _NRF24L01_Write_Buf
      01000A37H   PUBLIC    CODE     ---       _NRF24L01_Write_Reg
      02000093H   PUBLIC    XDATA    BYTE      ?_NRF24L01_Read_Buf?BYTE
      01000710H   PUBLIC    CODE     ---       _NRF24L01_Read_Buf
      01000A8BH   PUBLIC    CODE     ---       _NRF24L01_Read_Reg
      00000091H   SFRSYM    DATA     BYTE      P1M0
      00000094H   SFRSYM    DATA     BYTE      P0M1
      00000095H   SFRSYM    DATA     BYTE      P2M0
      00000092H   SFRSYM    DATA     BYTE      P1M1
      00000080H   SFRSYM    DATA     BYTE      P0
      000000B1H   SFRSYM    DATA     BYTE      P3M0
      00000096H   SFRSYM    DATA     BYTE      P2M1
      00000090H   SFRSYM    DATA     BYTE      P1
      000000B2H   SFRSYM    DATA     BYTE      P3M1
      000000A0H   SFRSYM    DATA     BYTE      P2
      000000B0H   SFRSYM    DATA     BYTE      P3
      000000B0H.4 SFRSYM    DATA     BIT       T0
      000000D0H.6 SFRSYM    DATA     BIT       AC
      000000B0H.5 SFRSYM    DATA     BIT       T1
      00000090H.0 SFRSYM    DATA     BIT       T2
      000000A8H.7 SFRSYM    DATA     BIT       EA
      00000090H.2 SFRSYM    DATA     BIT       SPI_MISO
      00000090H.4 SFRSYM    DATA     BIT       SPI_MOSI
      000000A8H   SFRSYM    DATA     BYTE      IE
      00000090H.0 SFRSYM    DATA     BIT       RF24L01_CE
      000000C8H.6 SFRSYM    DATA     BIT       EXF2
      000000B0H.7 SFRSYM    DATA     BIT       RD
LX51 LINKER/LOCATER V4.66.97.0                                                        03/17/2022  21:45:15  PAGE 23


      000000A8H.4 SFRSYM    DATA     BIT       ES
      000000B8H   SFRSYM    DATA     BYTE      IP
      00000098H.0 SFRSYM    DATA     BIT       RI
      000000B0H.2 SFRSYM    DATA     BIT       INT0
      000000D0H.7 SFRSYM    DATA     BIT       CY
      00000098H.1 SFRSYM    DATA     BIT       TI
      000000B0H.3 SFRSYM    DATA     BIT       INT1
      000000CBH   SFRSYM    DATA     BYTE      RCAP2H
      000000B8H.4 SFRSYM    DATA     BIT       PS
      00000081H   SFRSYM    DATA     BYTE      SP
      00000090H.1 SFRSYM    DATA     BIT       T2EX
      000000D0H.2 SFRSYM    DATA     BIT       OV
      000000CAH   SFRSYM    DATA     BYTE      RCAP2L
      000000C8H.1 SFRSYM    DATA     BIT       C_T2
      000000B0H.6 SFRSYM    DATA     BIT       WR
      000000C8H.5 SFRSYM    DATA     BIT       RCLK
      00000090H.1 SFRSYM    DATA     BIT       SPI_SCK
      000000C8H.4 SFRSYM    DATA     BIT       TCLK
      00000099H   SFRSYM    DATA     BYTE      SBUF
      00000087H   SFRSYM    DATA     BYTE      PCON
      00000098H   SFRSYM    DATA     BYTE      SCON
      00000090H.7 SFRSYM    DATA     BIT       OLED_SDIN
      00000089H   SFRSYM    DATA     BYTE      TMOD
      00000088H   SFRSYM    DATA     BYTE      TCON
      00000088H.1 SFRSYM    DATA     BIT       IE0
      00000088H.3 SFRSYM    DATA     BIT       IE1
      000000F0H   SFRSYM    DATA     BYTE      B
      00000090H.3 SFRSYM    DATA     BIT       SPI_NSS
      000000C8H.0 SFRSYM    DATA     BIT       CP_RL2
      000000E0H   SFRSYM    DATA     BYTE      ACC
      000000B0H.0 SFRSYM    DATA     BIT       UART_RX
      000000A8H.1 SFRSYM    DATA     BIT       ET0
      000000B0H.1 SFRSYM    DATA     BIT       UART_TX
      000000A8H.3 SFRSYM    DATA     BIT       ET1
      00000088H.5 SFRSYM    DATA     BIT       TF0
      000000A8H.5 SFRSYM    DATA     BIT       ET2
      00000088H.7 SFRSYM    DATA     BIT       TF1
      000000C8H.7 SFRSYM    DATA     BIT       TF2
      00000098H.2 SFRSYM    DATA     BIT       RB8
      0000008CH   SFRSYM    DATA     BYTE      TH0
      000000A8H.0 SFRSYM    DATA     BIT       EX0
      00000088H.0 SFRSYM    DATA     BIT       IT0
      0000008DH   SFRSYM    DATA     BYTE      TH1
      00000098H.3 SFRSYM    DATA     BIT       TB8
      000000A8H.2 SFRSYM    DATA     BIT       EX1
      00000088H.2 SFRSYM    DATA     BIT       IT1
      000000CDH   SFRSYM    DATA     BYTE      TH2
      000000D0H.0 SFRSYM    DATA     BIT       P
      00000098H.7 SFRSYM    DATA     BIT       SM0
      0000008AH   SFRSYM    DATA     BYTE      TL0
      00000098H.6 SFRSYM    DATA     BIT       SM1
      0000008BH   SFRSYM    DATA     BYTE      TL1
      00000098H.5 SFRSYM    DATA     BIT       SM2
      000000CCH   SFRSYM    DATA     BYTE      TL2
      000000B8H.1 SFRSYM    DATA     BIT       PT0
      000000B8H.3 SFRSYM    DATA     BIT       PT1
      000000D0H.3 SFRSYM    DATA     BIT       RS0
      000000B8H.5 SFRSYM    DATA     BIT       PT2
      00000088H.4 SFRSYM    DATA     BIT       TR0
      000000D0H.4 SFRSYM    DATA     BIT       RS1
      00000088H.6 SFRSYM    DATA     BIT       TR1
      000000C8H.2 SFRSYM    DATA     BIT       TR2
      000000B8H.0 SFRSYM    DATA     BIT       PX0
      000000B8H.2 SFRSYM    DATA     BIT       PX1
      00000083H   SFRSYM    DATA     BYTE      DPH
LX51 LINKER/LOCATER V4.66.97.0                                                        03/17/2022  21:45:15  PAGE 24


      00000082H   SFRSYM    DATA     BYTE      DPL
      000000C8H.3 SFRSYM    DATA     BIT       EXEN2
      00000098H.4 SFRSYM    DATA     BIT       REN
      000000C8H   SFRSYM    DATA     BYTE      T2CON
      00000090H.6 SFRSYM    DATA     BIT       OLED_SCL
      000000B0H.0 SFRSYM    DATA     BIT       RXD
      000000B0H.1 SFRSYM    DATA     BIT       TXD
      000000D0H.5 SFRSYM    DATA     BIT       F0
      00000090H.5 SFRSYM    DATA     BIT       RF24L01_IRQ
      000000D0H   SFRSYM    DATA     BYTE      PSW
      00000093H   SFRSYM    DATA     BYTE      P0M0
      0100161CH   SYMBOL    CONST    ---       _?ix1000
      01001621H   SYMBOL    CONST    ---       _?ix1001
      01001626H   SYMBOL    CONST    ---       _?ix1002

      01000A8BH   BLOCK     CODE     ---       LVL=0
      00000007H   SYMBOL    DATA     BYTE      RegAddr
      01000A8BH   BLOCK     CODE     NEAR LAB  LVL=1
      00000007H   SYMBOL    DATA     BYTE      btmp
      ---         BLOCKEND  ---      ---       LVL=1
      01000A8BH   LINE      CODE     ---       #41
      01000A8BH   LINE      CODE     ---       #42
      01000A8BH   LINE      CODE     ---       #45
      01000A8DH   LINE      CODE     ---       #47
      01000A90H   LINE      CODE     ---       #48
      01000A95H   LINE      CODE     ---       #50
      01000A97H   LINE      CODE     ---       #52
      01000A97H   LINE      CODE     ---       #53
      ---         BLOCKEND  ---      ---       LVL=0

      01000710H   BLOCK     CODE     ---       LVL=0
      00000007H   SYMBOL    DATA     BYTE      RegAddr
      02000094H   SYMBOL    XDATA    ---       pBuf
      02000097H   SYMBOL    XDATA    BYTE      len
      0100071BH   BLOCK     CODE     NEAR LAB  LVL=1
      02000098H   SYMBOL    XDATA    BYTE      btmp
      ---         BLOCKEND  ---      ---       LVL=1
      01000710H   LINE      CODE     ---       #64
      0100071BH   LINE      CODE     ---       #65
      0100071BH   LINE      CODE     ---       #68
      0100071DH   LINE      CODE     ---       #70
      01000720H   LINE      CODE     ---       #71
      01000730H   LINE      CODE     ---       #72
      01000730H   LINE      CODE     ---       #73
      0100074DH   LINE      CODE     ---       #74
      01000755H   LINE      CODE     ---       #75
      01000757H   LINE      CODE     ---       #76
      ---         BLOCKEND  ---      ---       LVL=0

      01000A37H   BLOCK     CODE     ---       LVL=0
      00000007H   SYMBOL    DATA     BYTE      RegAddr
      02000094H   SYMBOL    XDATA    BYTE      Value
      01000A37H   LINE      CODE     ---       #84
      01000A3CH   LINE      CODE     ---       #85
      01000A3CH   LINE      CODE     ---       #86
      01000A3EH   LINE      CODE     ---       #88
      01000A45H   LINE      CODE     ---       #89
      01000A4DH   LINE      CODE     ---       #91
      01000A4FH   LINE      CODE     ---       #92
      ---         BLOCKEND  ---      ---       LVL=0

      01000758H   BLOCK     CODE     ---       LVL=0
      00000007H   SYMBOL    DATA     BYTE      RegAddr
      0200009AH   SYMBOL    XDATA    ---       pBuf
      0200009DH   SYMBOL    XDATA    BYTE      len
LX51 LINKER/LOCATER V4.66.97.0                                                        03/17/2022  21:45:15  PAGE 25


      01000763H   BLOCK     CODE     NEAR LAB  LVL=1
      0200009EH   SYMBOL    XDATA    BYTE      i
      ---         BLOCKEND  ---      ---       LVL=1
      01000758H   LINE      CODE     ---       #103
      01000763H   LINE      CODE     ---       #104
      01000763H   LINE      CODE     ---       #107
      01000765H   LINE      CODE     ---       #109
      0100076CH   LINE      CODE     ---       #110
      0100077DH   LINE      CODE     ---       #111
      0100077DH   LINE      CODE     ---       #112
      01000794H   LINE      CODE     ---       #113
      0100079CH   LINE      CODE     ---       #115
      0100079EH   LINE      CODE     ---       #116
      ---         BLOCKEND  ---      ---       LVL=0

      01000A98H   BLOCK     CODE     ---       LVL=0
      01000A98H   BLOCK     CODE     NEAR LAB  LVL=1
      00000007H   SYMBOL    DATA     BYTE      Status
      ---         BLOCKEND  ---      ---       LVL=1
      01000A98H   LINE      CODE     ---       #184
      01000A98H   LINE      CODE     ---       #185
      01000A98H   LINE      CODE     ---       #188
      01000A9AH   LINE      CODE     ---       #190
      01000A9FH   LINE      CODE     ---       #192
      01000AA1H   LINE      CODE     ---       #194
      01000AA1H   LINE      CODE     ---       #195
      ---         BLOCKEND  ---      ---       LVL=0

      010008F3H   BLOCK     CODE     ---       LVL=0
      02000094H   SYMBOL    XDATA    BYTE      IRQ_Source
      010008F8H   BLOCK     CODE     NEAR LAB  LVL=1
      02000095H   SYMBOL    XDATA    BYTE      btmp
      ---         BLOCKEND  ---      ---       LVL=1
      010008F3H   LINE      CODE     ---       #204
      010008F8H   LINE      CODE     ---       #205
      010008F8H   LINE      CODE     ---       #206
      010008FBH   LINE      CODE     ---       #208
      01000902H   LINE      CODE     ---       #209
      0100090AH   LINE      CODE     ---       #211
      0100090CH   LINE      CODE     ---       #212
      01000911H   LINE      CODE     ---       #213
      0100091FH   LINE      CODE     ---       #214
      01000921H   LINE      CODE     ---       #216
      ---         BLOCKEND  ---      ---       LVL=0
      00000007H   SYMBOL    DATA     BYTE      btmp
      00000005H   SYMBOL    DATA     BYTE      len

      01000A1DH   BLOCK     CODE     ---       LVL=0
      00000001H   SYMBOL    DATA     ---       pAddr
      00000005H   SYMBOL    DATA     BYTE      len
      01000A1DH   LINE      CODE     ---       #358
      01000A1DH   LINE      CODE     ---       #359
      01000A1DH   LINE      CODE     ---       #360
      01000A2DH   LINE      CODE     ---       #361
      ---         BLOCKEND  ---      ---       LVL=0

      0100081DH   BLOCK     CODE     ---       LVL=0
      00000007H   SYMBOL    DATA     BYTE      PipeNum
      00000001H   SYMBOL    DATA     ---       pAddr
      02000098H   SYMBOL    XDATA    BYTE      Len
      0100081DH   LINE      CODE     ---       #373
      0100081DH   LINE      CODE     ---       #374
      0100081DH   LINE      CODE     ---       #375
      01000836H   LINE      CODE     ---       #376
      01000846H   LINE      CODE     ---       #378
LX51 LINKER/LOCATER V4.66.97.0                                                        03/17/2022  21:45:15  PAGE 26


      ---         BLOCKEND  ---      ---       LVL=0
      00000007H   SYMBOL    DATA     BYTE      btmp
      00000007H   SYMBOL    DATA     BYTE      btmp
      00000007H   SYMBOL    DATA     BYTE      FreqPoint

      010004E3H   BLOCK     CODE     ---       LVL=0
      010004E3H   BLOCK     CODE     NEAR LAB  LVL=1
      00000007H   SYMBOL    DATA     BYTE      i
      02000089H   SYMBOL    XDATA    ---       buf
      0200008EH   SYMBOL    XDATA    ---       read_buf
      ---         BLOCKEND  ---      ---       LVL=1
      010004E3H   LINE      CODE     ---       #461
      010004E3H   LINE      CODE     ---       #462
      010004E3H   LINE      CODE     ---       #464
      010004F6H   LINE      CODE     ---       #465
      01000509H   LINE      CODE     ---       #467
      01000509H   LINE      CODE     ---       #468
      01000509H   LINE      CODE     ---       #469
      0100051AH   LINE      CODE     ---       #470
      0100052BH   LINE      CODE     ---       #471
      0100053AH   LINE      CODE     ---       #472
      0100053AH   LINE      CODE     ---       #473
      01000554H   LINE      CODE     ---       #474
      01000554H   LINE      CODE     ---       #475
      01000554H   LINE      CODE     ---       #476
      01000554H   LINE      CODE     ---       #477
      01000557H   LINE      CODE     ---       #479
      0100055DH   LINE      CODE     ---       #480
      0100055DH   LINE      CODE     ---       #481
      0100055DH   LINE      CODE     ---       #482
      0100055DH   LINE      CODE     ---       #484
      0100055DH   LINE      CODE     ---       #485
      0100056DH   LINE      CODE     ---       #486
      0100056DH   LINE      CODE     ---       #487
      01000574H   LINE      CODE     ---       #488
      01000576H   LINE      CODE     ---       #489
      ---         BLOCKEND  ---      ---       LVL=0

      01000980H   BLOCK     CODE     ---       LVL=0
      0200008FH   SYMBOL    XDATA    BYTE      Mode
      01000985H   BLOCK     CODE     NEAR LAB  LVL=1
      00000007H   SYMBOL    DATA     BYTE      controlreg
      ---         BLOCKEND  ---      ---       LVL=1
      01000980H   LINE      CODE     ---       #498
      01000985H   LINE      CODE     ---       #499
      01000985H   LINE      CODE     ---       #500
      01000987H   LINE      CODE     ---       #501
      0100098AH   LINE      CODE     ---       #503
      01000993H   LINE      CODE     ---       #504
      01000993H   LINE      CODE     ---       #505
      01000997H   LINE      CODE     ---       #506
      01000999H   LINE      CODE     ---       #508
      01000999H   LINE      CODE     ---       #509
      0100099FH   LINE      CODE     ---       #510
      0100099FH   LINE      CODE     ---       #511
      010009A3H   LINE      CODE     ---       #512
      010009A3H   LINE      CODE     ---       #513
      010009A3H   LINE      CODE     ---       #515
      ---         BLOCKEND  ---      ---       LVL=0

      01000577H   BLOCK     CODE     ---       LVL=0
      02000089H   SYMBOL    XDATA    ---       rxbuf
      01000582H   BLOCK     CODE     NEAR LAB  LVL=1
      0200008CH   SYMBOL    XDATA    BYTE      l_Status
      0200008DH   SYMBOL    XDATA    BYTE      l_RxLength
LX51 LINKER/LOCATER V4.66.97.0                                                        03/17/2022  21:45:15  PAGE 27


      0200008EH   SYMBOL    XDATA    BYTE      l_100MsTimes
      ---         BLOCKEND  ---      ---       LVL=1
      01000577H   LINE      CODE     ---       #577
      01000582H   LINE      CODE     ---       #578
      01000582H   LINE      CODE     ---       #579
      01000589H   LINE      CODE     ---       #581
      0100058BH   LINE      CODE     ---       #582
      01000590H   LINE      CODE     ---       #583
      01000592H   LINE      CODE     ---       #585
      010005A1H   LINE      CODE     ---       #586
      010005A1H   LINE      CODE     ---       #587
      010005A8H   LINE      CODE     ---       #589
      010005B4H   LINE      CODE     ---       #590
      010005B4H   LINE      CODE     ---       #591
      010005B7H   LINE      CODE     ---       #592
      010005BAH   LINE      CODE     ---       #593
      010005BFH   LINE      CODE     ---       #594
      010005BFH   LINE      CODE     ---       #595
      010005BFH   LINE      CODE     ---       #596
      010005BFH   LINE      CODE     ---       #598
      010005CAH   LINE      CODE     ---       #599
      010005CFH   LINE      CODE     ---       #600
      010005D6H   LINE      CODE     ---       #601
      010005D6H   LINE      CODE     ---       #602
      010005E0H   LINE      CODE     ---       #603
      010005F5H   LINE      CODE     ---       #604
      010005FCH   LINE      CODE     ---       #605
      01000602H   LINE      CODE     ---       #606
      01000602H   LINE      CODE     ---       #608
      01000604H   LINE      CODE     ---       #609
      ---         BLOCKEND  ---      ---       LVL=0

      01000A60H   BLOCK     CODE     ---       LVL=0
      01000A60H   LINE      CODE     ---       #617
      01000A60H   LINE      CODE     ---       #618
      01000A60H   LINE      CODE     ---       #621
      01000A60H   LINE      CODE     ---       #622
      01000A63H   LINE      CODE     ---       #623
      01000A65H   LINE      CODE     ---       #625
      01000A68H   LINE      CODE     ---       #626
      01000A68H   LINE      CODE     ---       #628
      01000A6AH   LINE      CODE     ---       #629
      01000A6CH   LINE      CODE     ---       #630
      01000A6EH   LINE      CODE     ---       #631
      ---         BLOCKEND  ---      ---       LVL=0

      01000691H   BLOCK     CODE     ---       LVL=0
      01000691H   BLOCK     CODE     NEAR LAB  LVL=1
      0200008FH   SYMBOL    XDATA    ---       addr
      ---         BLOCKEND  ---      ---       LVL=1
      01000691H   LINE      CODE     ---       #639
      01000691H   LINE      CODE     ---       #640
      01000691H   LINE      CODE     ---       #641
      010006A4H   LINE      CODE     ---       #643
      010006A6H   LINE      CODE     ---       #644
      010006ABH   LINE      CODE     ---       #647
      010006B2H   LINE      CODE     ---       #648
      010006B9H   LINE      CODE     ---       #649
      010006BEH   LINE      CODE     ---       #650
      010006C3H   LINE      CODE     ---       #658
      010006CAH   LINE      CODE     ---       #661
      010006D1H   LINE      CODE     ---       #662
      010006D8H   LINE      CODE     ---       #663
      010006DFH   LINE      CODE     ---       #664
      010006E6H   LINE      CODE     ---       #666
LX51 LINKER/LOCATER V4.66.97.0                                                        03/17/2022  21:45:15  PAGE 28


      010006EDH   LINE      CODE     ---       #667
      010006F4H   LINE      CODE     ---       #669
      010006FFH   LINE      CODE     ---       #670
      ---         BLOCKEND  ---      ---       LVL=0

      ---         MODULE    ---      ---       ?C_INIT
      0100064CH   PUBLIC    CODE     ---       ?C_START

      ---         MODULE    ---      ---       ?C?COPY
      010000DEH   PUBLIC    CODE     ---       ?C?COPY

      ---         MODULE    ---      ---       ?C?CLDPTR
      01000104H   PUBLIC    CODE     ---       ?C?CLDPTR

      ---         MODULE    ---      ---       ?C?CLDOPTR
      0100011DH   PUBLIC    CODE     ---       ?C?CLDOPTR

      ---         MODULE    ---      ---       ?C?CSTPTR
      0100014AH   PUBLIC    CODE     ---       ?C?CSTPTR

      ---         MODULE    ---      ---       ?C?CSTOPTR
      0100015CH   PUBLIC    CODE     ---       ?C?CSTOPTR

      ---         MODULE    ---      ---       ?C?IMUL
      0100017EH   PUBLIC    CODE     ---       ?C?IMUL

      ---         MODULE    ---      ---       ?C?UIDIV
      01000190H   PUBLIC    CODE     ---       ?C?UIDIV

      ---         MODULE    ---      ---       ?C?IILDX
      010001E5H   PUBLIC    CODE     ---       ?C?IILDX

      ---         MODULE    ---      ---       ?C?ILDIX
      010001FBH   PUBLIC    CODE     ---       ?C?ILDIX

Program Size: data=9.0 xdata=162 const=2955 code=2730
LX51 RUN COMPLETE.  0 WARNING(S),  0 ERROR(S)
