LX51 LINKER/LOCATER V4.66.97.0                                                          03/17/2022  21:27:13  PAGE 1


LX51 LINKER/LOCATER V4.66.97.0, INVOKED BY:
D:\CODE\ARM\C51\BIN\LX51.EXE STARTUP.obj, main.obj, .\delay.obj, .\uart.obj, .\spi.obj, .\oled.obj, .\RF24L01.obj TO rf2
>> 4l01_51 PRINT (.\Listings\rf24l01_51.map) REMOVEUNUSED


CPU MODE:     8051 MODE
MEMORY MODEL: LARGE


INPUT MODULES INCLUDED:
  STARTUP.obj (?C_STARTUP)
         COMMENT TYPE 0: AX51 V3.15.3.0
  main.obj (MAIN)
         COMMENT TYPE 0: C51 V9.60.0.0
  .\delay.obj (DELAY)
         COMMENT TYPE 0: C51 V9.60.0.0
  .\uart.obj (UART)
         COMMENT TYPE 0: C51 V9.60.0.0
  .\spi.obj (SPI)
         COMMENT TYPE 0: C51 V9.60.0.0
  .\oled.obj (OLED)
         COMMENT TYPE 0: C51 V9.60.0.0
  .\RF24L01.obj (RF24L01)
         COMMENT TYPE 0: C51 V9.60.0.0
  D:\CODE\ARM\C51\LIB\C51L.LIB (?C_INIT)
         COMMENT TYPE 1: A51 / ASM51 Assembler
  D:\CODE\ARM\C51\LIB\C51L.LIB (?C?COPY)
         COMMENT TYPE 1: A51 / ASM51 Assembler
  D:\CODE\ARM\C51\LIB\C51L.LIB (?C?CLDPTR)
         COMMENT TYPE 1: A51 / ASM51 Assembler
  D:\CODE\ARM\C51\LIB\C51L.LIB (?C?CLDOPTR)
         COMMENT TYPE 1: A51 / ASM51 Assembler
  D:\CODE\ARM\C51\LIB\C51L.LIB (?C?CSTPTR)
         COMMENT TYPE 1: A51 / ASM51 Assembler
  D:\CODE\ARM\C51\LIB\C51L.LIB (?C?CSTOPTR)
         COMMENT TYPE 1: A51 / ASM51 Assembler
  D:\CODE\ARM\C51\LIB\C51L.LIB (?C?IMUL)
         COMMENT TYPE 1: A51 / ASM51 Assembler
  D:\CODE\ARM\C51\LIB\C51L.LIB (?C?UIDIV)
         COMMENT TYPE 1: A51 / ASM51 Assembler
  D:\CODE\ARM\C51\LIB\C51L.LIB (?C?IILDX)
         COMMENT TYPE 1: A51 / ASM51 Assembler
  D:\CODE\ARM\C51\LIB\C51L.LIB (?C?ILDIX)
         COMMENT TYPE 1: A51 / ASM51 Assembler


ACTIVE MEMORY CLASSES OF MODULE:  rf24l01_51 (?C_STARTUP)

BASE        START       END         USED      MEMORY CLASS
==========================================================
C:000000H   C:000000H   C:00FFFFH   000A3BH   CODE
I:000000H   I:000000H   I:0000FFH   000001H   IDATA
X:000000H   X:000000H   X:00FFFFH   0000A0H   XDATA
C:000000H   C:000000H   C:00FFFFH   000B8BH   CONST
I:000000H   I:000000H   I:00007FH   000008H   DATA


MEMORY MAP OF MODULE:  rf24l01_51 (?C_STARTUP)


START     STOP      LENGTH    ALIGN  RELOC    MEMORY CLASS   SEGMENT NAME
=========================================================================

* * * * * * * * * * *   D A T A   M E M O R Y   * * * * * * * * * * * * *
000000H   000007H   000008H   ---    AT..     DATA           "REG BANK 0"
000008H   000008H   000001H   BYTE   UNIT     IDATA          ?STACK
LX51 LINKER/LOCATER V4.66.97.0                                                        03/17/2022  21:27:13  PAGE 2



* * * * * * * * * * *   C O D E   M E M O R Y   * * * * * * * * * * * * *
000000H   000002H   000003H   ---    OFFS..   CODE           ?CO?STARTUP?3
000003H   000009H   000007H   BYTE   UNIT     CODE           ?PR?IIC_STOP?OLED
00000AH   00000AH   000001H   ---    ---      **GAP**
00000BH   00000DH   000003H   BYTE   OFFS..   CODE           ?MAIN?0000B
00000EH   000210H   000203H   BYTE   UNIT     CODE           ?C?LIB_CODE
000211H   0002F0H   0000E0H   BYTE   UNIT     CODE           ?PR?OLED_INIT?OLED
0002F1H   00038CH   00009CH   BYTE   UNIT     CODE           ?PR?_OLED_SHOWCHINESE?OLED
00038DH   000425H   000099H   BYTE   UNIT     CODE           ?C_INITSEG
000426H   0004B9H   000094H   BYTE   UNIT     CODE           ?PR?NRF24L01_CHECK?RF24L01
0004BAH   000547H   00008EH   BYTE   UNIT     CODE           ?PR?_NRF24L01_RXPACKET?RF24L01
000548H   0005D3H   00008CH   BYTE   UNIT     CODE           ?C_C51STARTUP
0005D4H   00065BH   000088H   BYTE   UNIT     CODE           ?PR?MAIN?MAIN
00065CH   0006DAH   00007FH   BYTE   UNIT     CODE           ?PR?RF24L01_INIT?RF24L01
0006DBH   000722H   000048H   BYTE   UNIT     CODE           ?PR?_NRF24L01_READ_BUF?RF24L01
000723H   000769H   000047H   BYTE   UNIT     CODE           ?PR?_NRF24L01_WRITE_BUF?RF24L01
00076AH   0007AEH   000045H   BYTE   UNIT     CODE           ?PR?_DRV_SPI_READ_WRITE_BYTE?SPI
0007AFH   0007E6H   000038H   BYTE   UNIT     CODE           ?PR?_NRF24L01_SET_RXADDR?RF24L01
0007E7H   00081DH   000037H   BYTE   UNIT     CODE           ?PR?OLED_CLEAR?OLED
00081EH   000851H   000034H   BYTE   UNIT     CODE           ?PR?_OLED_SET_POS?OLED
000852H   000883H   000032H   BYTE   UNIT     CODE           ?PR?TIMER0?MAIN
000884H   0008B4H   000031H   BYTE   UNIT     CODE           ?PR?_NRF24L01_CLEAR_IRQ_FLAG?RF24L01
0008B5H   0008E4H   000030H   BYTE   UNIT     CODE           ?PR?_WRITE_IIC_BYTE?OLED
0008E5H   000910H   00002CH   BYTE   UNIT     CODE           ?PR?_OLED_WR_BYTE?OLED
000911H   00093AH   00002AH   BYTE   UNIT     CODE           ?PR?_RF24L01_SET_MODE?RF24L01
00093BH   000959H   00001FH   BYTE   UNIT     CODE           ?PR?DELAY_1MS?DELAY
00095AH   000977H   00001EH   BYTE   UNIT     CODE           ?PR?DRV_SPI_INIT?SPI
000978H   000993H   00001CH   BYTE   UNIT     CODE           ?PR?_DELAY_MS?DELAY
000994H   0009ADH   00001AH   BYTE   UNIT     CODE           ?PR?_DRV_UART_TX_BYTES?UART
0009AEH   0009C7H   00001AH   BYTE   UNIT     CODE           ?PR?_NRF24L01_SET_TXADDR?RF24L01
0009C8H   0009E0H   000019H   BYTE   UNIT     CODE           ?PR?_NRF24L01_WRITE_REG?RF24L01
0009E1H   0009F0H   000010H   BYTE   UNIT     CODE           ?PR?IIC_WAIT_ACK?OLED
0009F1H   0009FFH   00000FH   BYTE   UNIT     CODE           ?PR?NRF24L01_GPIO_INIT?RF24L01
000A00H   000A0DH   00000EH   BYTE   UNIT     CODE           ?PR?_WRITE_IIC_COMMAND?OLED
000A0EH   000A1BH   00000EH   BYTE   UNIT     CODE           ?PR?_WRITE_IIC_DATA?OLED
000A1CH   000A28H   00000DH   BYTE   UNIT     CODE           ?PR?_NRF24L01_READ_REG?RF24L01
000A29H   000A32H   00000AH   BYTE   UNIT     CODE           ?PR?NRF24L01_READ_STATUS_REGISTER?RF24L01
000A33H   000A3BH   000009H   BYTE   UNIT     CODE           ?PR?IIC_START?OLED
000A3CH   001593H   000B58H   BYTE   UNIT     CONST          ?CO?OLED
001594H   0015BBH   000028H   BYTE   UNIT     CONST          ?CO?RF24L01
0015BCH   0015C6H   00000BH   BYTE   UNIT     CONST          ?CO?MAIN

* * * * * * * * * * *  X D A T A   M E M O R Y  * * * * * * * * * * * * *
000000H   000084H   000085H   BYTE   UNIT     XDATA          ?XD?MAIN
000085H   00009CH   000018H   BYTE   UNIT     XDATA          _XDATA_GROUP_
00009DH   00009FH   000003H   BYTE   UNIT     XDATA          ?XD?RF24L01

* * * * * * * * *   R E M O V E D     S E G M E N T S   * * * * * * * *
   *DEL*:           000022H   BYTE   UNIT     CODE           ?PR?DRV_UART_INIT?UART
   *DEL*:           000036H   BYTE   UNIT     CODE           ?PR?_DRV_UART_RX_BYTES?UART
   *DEL*:           000001H   BYTE   UNIT     XDATA          ?XD?_DRV_UART_RX_BYTES?UART
   *DEL*:           000055H   BYTE   UNIT     CODE           ?PR?_DRV_SPI_READ_WRITE_STRING?SPI
   *DEL*:           000008H   BYTE   UNIT     XDATA          ?XD?_DRV_SPI_READ_WRITE_STRING?SPI
   *DEL*:           000041H   BYTE   UNIT     CODE           ?PR?_FILL_PICTURE?OLED
   *DEL*:           000002H   BYTE   UNIT     XDATA          ?XD?_FILL_PICTURE?OLED
   *DEL*:           00001EH   BYTE   UNIT     CODE           ?PR?_DELAY_50MS?OLED
   *DEL*:           00001AH   BYTE   UNIT     CODE           ?PR?_DELAY_1MS?OLED
   *DEL*:           000017H   BYTE   UNIT     CODE           ?PR?OLED_DISPLAY_ON?OLED
   *DEL*:           000011H   BYTE   UNIT     CODE           ?PR?OLED_DISPLAY_OFF?OLED
   *DEL*:           000038H   BYTE   UNIT     CODE           ?PR?OLED_ON?OLED
   *DEL*:           000001H   BYTE   UNIT     XDATA          ?XD?OLED_ON?OLED
   *DEL*:           000042H   BYTE   UNIT     CODE           ?PR?_OLED_PUTPIXEL?OLED
   *DEL*:           000002H   BYTE   UNIT     XDATA          ?XD?_OLED_PUTPIXEL?OLED
   *DEL*:           00009DH   BYTE   UNIT     CODE           ?PR?_OLED_RECTANGLE?OLED
LX51 LINKER/LOCATER V4.66.97.0                                                        03/17/2022  21:27:13  PAGE 3


   *DEL*:           000006H   BYTE   UNIT     XDATA          ?XD?_OLED_RECTANGLE?OLED
   *DEL*:           0000FCH   BYTE   UNIT     CODE           ?PR?_OLED_SHOWCHAR?OLED
   *DEL*:           000005H   BYTE   UNIT     XDATA          ?XD?_OLED_SHOWCHAR?OLED
   *DEL*:           00001EH   BYTE   UNIT     CODE           ?PR?_OLED_POW?OLED
   *DEL*:           000001H   BYTE   UNIT     XDATA          ?XD?_OLED_POW?OLED
   *DEL*:           0000FBH   BYTE   UNIT     CODE           ?PR?_OLED_SHOWNUM?OLED
   *DEL*:           000009H   BYTE   UNIT     XDATA          ?XD?_OLED_SHOWNUM?OLED
   *DEL*:           000064H   BYTE   UNIT     CODE           ?PR?_OLED_SHOWSTRING?OLED
   *DEL*:           000007H   BYTE   UNIT     XDATA          ?XD?_OLED_SHOWSTRING?OLED
   *DEL*:           000093H   BYTE   UNIT     CODE           ?PR?_OLED_DRAWBMP?OLED
   *DEL*:           00000BH   BYTE   UNIT     XDATA          ?XD?_OLED_DRAWBMP?OLED
   *DEL*:           00000AH   BYTE   UNIT     CODE           ?PR?NRF24L01_FLUSH_TX_FIFO?RF24L01
   *DEL*:           00000AH   BYTE   UNIT     CODE           ?PR?NRF24L01_FLUSH_RX_FIFO?RF24L01
   *DEL*:           00000AH   BYTE   UNIT     CODE           ?PR?NRF24L01_REUSE_TX_PAYLOAD?RF24L01
   *DEL*:           00000AH   BYTE   UNIT     CODE           ?PR?NRF24L01_NOP?RF24L01
   *DEL*:           000008H   BYTE   UNIT     CODE           ?PR?RF24L01_READ_IRQ_STATUS?RF24L01
   *DEL*:           00000FH   BYTE   UNIT     CODE           ?PR?NRF24L01_READ_TOP_FIFO_WIDTH?RF24L01
   *DEL*:           000068H   BYTE   UNIT     CODE           ?PR?_NRF24L01_READ_RX_PAYLOAD?RF24L01
   *DEL*:           000005H   BYTE   UNIT     XDATA          ?XD?_NRF24L01_READ_RX_PAYLOAD?RF24L01
   *DEL*:           00005DH   BYTE   UNIT     CODE           ?PR?_NRF24L01_WRITE_TX_PAYLOAD_ACK?RF24L01
   *DEL*:           000005H   BYTE   UNIT     XDATA          ?XD?_NRF24L01_WRITE_TX_PAYLOAD_ACK?RF24L01
   *DEL*:           00004FH   BYTE   UNIT     CODE           ?PR?_NRF24L01_WRITE_TX_PAYLOAD_NOACK?RF24L01
   *DEL*:           000004H   BYTE   UNIT     XDATA          ?XD?_NRF24L01_WRITE_TX_PAYLOAD_NOACK?RF24L01
   *DEL*:           00005FH   BYTE   UNIT     CODE           ?PR?_NRF24L01_WRITE_TX_PAYLOAD_INACK?RF24L01
   *DEL*:           000005H   BYTE   UNIT     XDATA          ?XD?_NRF24L01_WRITE_TX_PAYLOAD_INACK?RF24L01
   *DEL*:           00003CH   BYTE   UNIT     CODE           ?PR?_NRF24L01_SET_SPEED?RF24L01
   *DEL*:           000001H   BYTE   UNIT     XDATA          ?XD?_NRF24L01_SET_SPEED?RF24L01
   *DEL*:           000036H   BYTE   UNIT     CODE           ?PR?_NRF24L01_SET_POWER?RF24L01
   *DEL*:           000001H   BYTE   UNIT     XDATA          ?XD?_NRF24L01_SET_POWER?RF24L01
   *DEL*:           000009H   BYTE   UNIT     CODE           ?PR?_RF24LL01_WRITE_HOPPING_POINT?RF24L01
   *DEL*:           000099H   BYTE   UNIT     CODE           ?PR?_NRF24L01_TXPACKET?RF24L01
   *DEL*:           000007H   BYTE   UNIT     XDATA          ?XD?_NRF24L01_TXPACKET?RF24L01



OVERLAY MAP OF MODULE:   rf24l01_51 (?C_STARTUP)


FUNCTION/MODULE                               XDATA_GROUP
--> CALLED FUNCTION/MODULE                    START  STOP
=========================================================
?C_C51STARTUP                                 ----- -----
  +--> MAIN/MAIN
  +--> ?C_INITSEG

MAIN/MAIN                                     0085H 0086H
  +--> OLED_INIT/OLED
  +--> OLED_CLEAR/OLED
  +--> DRV_SPI_INIT/SPI
  +--> NRF24L01_GPIO_INIT/RF24L01
  +--> NRF24L01_CHECK/RF24L01
  +--> RF24L01_INIT/RF24L01
  +--> _RF24L01_SET_MODE/RF24L01
  +--> _OLED_SHOWCHINESE/OLED
  +--> _NRF24L01_RXPACKET/RF24L01

OLED_INIT/OLED                                ----- -----
  +--> _OLED_WR_BYTE/OLED

_OLED_WR_BYTE/OLED                            ----- -----
  +--> _WRITE_IIC_DATA/OLED
  +--> _WRITE_IIC_COMMAND/OLED

_WRITE_IIC_DATA/OLED                          ----- -----
  +--> _WRITE_IIC_BYTE/OLED
LX51 LINKER/LOCATER V4.66.97.0                                                        03/17/2022  21:27:13  PAGE 4


  +--> IIC_WAIT_ACK/OLED
  +--> IIC_STOP/OLED

_WRITE_IIC_BYTE/OLED                          ----- -----
  +--> IIC_START/OLED

IIC_START/OLED                                ----- -----

IIC_WAIT_ACK/OLED                             ----- -----
  +--> _WRITE_IIC_BYTE/OLED

IIC_STOP/OLED                                 ----- -----

_WRITE_IIC_COMMAND/OLED                       ----- -----
  +--> _WRITE_IIC_BYTE/OLED
  +--> IIC_WAIT_ACK/OLED
  +--> IIC_STOP/OLED

OLED_CLEAR/OLED                               0087H 0087H
  +--> _OLED_WR_BYTE/OLED

DRV_SPI_INIT/SPI                              ----- -----

NRF24L01_GPIO_INIT/RF24L01                    ----- -----

NRF24L01_CHECK/RF24L01                        0087H 0090H
  +--> _NRF24L01_WRITE_BUF/RF24L01
  +--> _NRF24L01_READ_BUF/RF24L01
  +--> _DRV_UART_TX_BYTES/UART
  +--> _DELAY_MS/DELAY

_NRF24L01_WRITE_BUF/RF24L01                   0097H 009CH
  +--> _DRV_SPI_READ_WRITE_BYTE/SPI

_DRV_SPI_READ_WRITE_BYTE/SPI                  ----- -----

_NRF24L01_READ_BUF/RF24L01                    0091H 0096H
  +--> _DRV_SPI_READ_WRITE_BYTE/SPI

_DRV_UART_TX_BYTES/UART                       ----- -----

_DELAY_MS/DELAY                               0091H 0092H
  +--> DELAY_1MS/DELAY

DELAY_1MS/DELAY                               ----- -----

RF24L01_INIT/RF24L01                          008DH 0091H
  +--> _NRF24L01_CLEAR_IRQ_FLAG/RF24L01
  +--> _NRF24L01_WRITE_REG/RF24L01
  +--> _NRF24L01_READ_REG/RF24L01
  +--> _NRF24L01_SET_TXADDR/RF24L01
  +--> _NRF24L01_SET_RXADDR/RF24L01

_NRF24L01_CLEAR_IRQ_FLAG/RF24L01              0092H 0093H
  +--> NRF24L01_READ_STATUS_REGISTER/RF24L01
  +--> _DRV_SPI_READ_WRITE_BYTE/SPI

NRF24L01_READ_STATUS_REGISTER/RF24L01         ----- -----
  +--> _DRV_SPI_READ_WRITE_BYTE/SPI

_NRF24L01_WRITE_REG/RF24L01                   0092H 0092H
  +--> _DRV_SPI_READ_WRITE_BYTE/SPI

_NRF24L01_READ_REG/RF24L01                    ----- -----
  +--> _DRV_SPI_READ_WRITE_BYTE/SPI
LX51 LINKER/LOCATER V4.66.97.0                                                        03/17/2022  21:27:13  PAGE 5



_NRF24L01_SET_TXADDR/RF24L01                  ----- -----
  +--> _NRF24L01_WRITE_BUF/RF24L01

_NRF24L01_SET_RXADDR/RF24L01                  0092H 0096H
  +--> _NRF24L01_WRITE_BUF/RF24L01

_RF24L01_SET_MODE/RF24L01                     008DH 008DH
  +--> _NRF24L01_READ_REG/RF24L01
  +--> _NRF24L01_WRITE_REG/RF24L01

_OLED_SHOWCHINESE/OLED                        0087H 008AH
  +--> _OLED_SET_POS/OLED
  +--> _OLED_WR_BYTE/OLED

_OLED_SET_POS/OLED                            ----- -----
  +--> _OLED_WR_BYTE/OLED

_NRF24L01_RXPACKET/RF24L01                    0087H 008CH
  +--> _DRV_SPI_READ_WRITE_BYTE/SPI
  +--> _DELAY_MS/DELAY
  +--> NRF24L01_GPIO_INIT/RF24L01
  +--> RF24L01_INIT/RF24L01
  +--> _RF24L01_SET_MODE/RF24L01
  +--> _NRF24L01_READ_REG/RF24L01
  +--> _NRF24L01_WRITE_REG/RF24L01
  +--> _NRF24L01_READ_BUF/RF24L01

?C_INITSEG                                    ----- -----

*** NEW ROOT ********************************

TIMER0/MAIN                                   ----- -----



PUBLIC SYMBOLS OF MODULE:  rf24l01_51 (?C_STARTUP)


      VALUE       CLASS    TYPE      PUBLIC SYMBOL NAME
      =================================================
*DEL*:00000000H   XDATA    BYTE      ?_drv_spi_read_write_string?BYTE
      02000091H   XDATA    BYTE      ?_NRF24L01_Read_Buf?BYTE
      02000092H   XDATA    BYTE      ?_NRF24L01_Set_RxAddr?BYTE
      02000097H   XDATA    BYTE      ?_NRF24L01_Write_Buf?BYTE
*DEL*:00000000H   XDATA    BYTE      ?_OLED_DrawBMP?BYTE
*DEL*:00000000H   XDATA    BYTE      ?_OLED_Rectangle?BYTE
*DEL*:00000000H   XDATA    BYTE      ?_OLED_ShowChar?BYTE
*DEL*:00000000H   XDATA    BYTE      ?_OLED_ShowNum?BYTE
*DEL*:00000000H   XDATA    BYTE      ?_OLED_ShowString?BYTE
      0100011DH   CODE     ---       ?C?CLDOPTR
      01000104H   CODE     ---       ?C?CLDPTR
      00000000H   NUMBER   ---       ?C?CODESEG
      010000DEH   CODE     ---       ?C?COPY
      0100015CH   CODE     ---       ?C?CSTOPTR
      0100014AH   CODE     ---       ?C?CSTPTR
      010001E5H   CODE     ---       ?C?IILDX
      010001FBH   CODE     ---       ?C?ILDIX
      0100017EH   CODE     ---       ?C?IMUL
      01000190H   CODE     ---       ?C?UIDIV
      00000000H   NUMBER   ---       ?C?XDATASEG
      0100058FH   CODE     ---       ?C_START
      01000000H   CODE     NEAR LAB  ?C_STARTUP
*DEL*:00000000H   CODE     ---       _Delay_1ms
*DEL*:00000000H   CODE     ---       _Delay_50ms
LX51 LINKER/LOCATER V4.66.97.0                                                        03/17/2022  21:27:13  PAGE 6


      01000978H   CODE     ---       _delay_ms
      0100076AH   CODE     ---       _drv_spi_read_write_byte
*DEL*:00000000H   CODE     ---       _drv_spi_read_write_string
*DEL*:00000000H   CODE     ---       _drv_uart_rx_bytes
      01000994H   CODE     ---       _drv_uart_tx_bytes
*DEL*:00000000H   CODE     ---       _fill_picture
      01000884H   CODE     ---       _NRF24L01_Clear_IRQ_Flag
      010006DBH   CODE     ---       _NRF24L01_Read_Buf
      01000A1CH   CODE     ---       _NRF24L01_Read_Reg
*DEL*:00000000H   CODE     ---       _NRF24L01_Read_Rx_Payload
      010004BAH   CODE     ---       _NRF24L01_RxPacket
*DEL*:00000000H   CODE     ---       _NRF24L01_Set_Power
      010007AFH   CODE     ---       _NRF24L01_Set_RxAddr
*DEL*:00000000H   CODE     ---       _NRF24L01_Set_Speed
      010009AEH   CODE     ---       _NRF24L01_Set_TxAddr
*DEL*:00000000H   CODE     ---       _NRF24L01_TxPacket
      01000723H   CODE     ---       _NRF24L01_Write_Buf
      010009C8H   CODE     ---       _NRF24L01_Write_Reg
*DEL*:00000000H   CODE     ---       _NRF24L01_Write_Tx_Payload_Ack
*DEL*:00000000H   CODE     ---       _NRF24L01_Write_Tx_Payload_InAck
*DEL*:00000000H   CODE     ---       _NRF24L01_Write_Tx_Payload_NoAck
*DEL*:00000000H   CODE     ---       _OLED_DrawBMP
*DEL*:00000000H   CODE     ---       _oled_pow
*DEL*:00000000H   CODE     ---       _OLED_PutPixel
*DEL*:00000000H   CODE     ---       _OLED_Rectangle
      01000826H   CODE     ---       _OLED_Set_Pos
*DEL*:00000000H   CODE     ---       _OLED_ShowChar
      010002F1H   CODE     ---       _OLED_ShowCHinese
*DEL*:00000000H   CODE     ---       _OLED_ShowNum
*DEL*:00000000H   CODE     ---       _OLED_ShowString
      01000900H   CODE     ---       _OLED_WR_Byte
      01000911H   CODE     ---       _RF24L01_Set_Mode
*DEL*:00000000H   CODE     ---       _RF24LL01_Write_Hopping_Point
      010008BCH   CODE     ---       _Write_IIC_Byte
      01000A00H   CODE     ---       _Write_IIC_Command
      01000A0EH   CODE     ---       _Write_IIC_Data
*SFR* 000000D0H.6 DATA     BIT       AC
*SFR* 000000E0H   DATA     BYTE      ACC
*SFR* 00000080H.1 DATA     BIT       AIN1
*SFR* 00000080H.2 DATA     BIT       AIN2
*SFR* 000000F0H   DATA     BYTE      B
*SFR* 000000A0H.3 DATA     BIT       BEEP
*SFR* 00000080H.3 DATA     BIT       BIN1
*SFR* 00000080H.4 DATA     BIT       BIN2
*SFR* 000000C8H.1 DATA     BIT       C_T2
      02000000H   XDATA    ---       content
*SFR* 000000C8H.0 DATA     BIT       CP_RL2
*SFR* 000000D0H.7 DATA     BIT       CY
      0100093BH   CODE     ---       delay_1ms
*SFR* 00000083H   DATA     BYTE      DPH
*SFR* 00000082H   DATA     BYTE      DPL
      0100095AH   CODE     ---       drv_spi_init
*DEL*:00000000H   CODE     ---       drv_uart_init
*SFR* 000000A8H.7 DATA     BIT       EA
*SFR* 000000A8H.4 DATA     BIT       ES
*SFR* 000000A8H.1 DATA     BIT       ET0
*SFR* 000000A8H.3 DATA     BIT       ET1
*SFR* 000000A8H.5 DATA     BIT       ET2
*SFR* 000000A8H.0 DATA     BIT       EX0
*SFR* 000000A8H.2 DATA     BIT       EX1
*SFR* 000000C8H.3 DATA     BIT       EXEN2
*SFR* 000000C8H.6 DATA     BIT       EXF2
*SFR* 000000D0H.5 DATA     BIT       F0
      01000A3CH   CONST    ---       F6x8
      01000C64H   CONST    ---       F8X16
LX51 LINKER/LOCATER V4.66.97.0                                                        03/17/2022  21:27:13  PAGE 7


      0200009DH   XDATA    ---       g_ErrorString
      01001254H   CONST    ---       Hzk
*SFR* 000000A8H   DATA     BYTE      IE
*SFR* 00000088H.1 DATA     BIT       IE0
*SFR* 00000088H.3 DATA     BIT       IE1
      01000A33H   CODE     ---       IIC_Start
      01000003H   CODE     ---       IIC_Stop
      010009ECH   CODE     ---       IIC_Wait_Ack
*SFR* 000000B0H.2 DATA     BIT       INT0
*SFR* 000000B0H.3 DATA     BIT       INT1
*SFR* 000000B8H   DATA     BYTE      IP
*SFR* 00000088H.0 DATA     BIT       IT0
*SFR* 00000088H.2 DATA     BIT       IT1
      010005D4H   CODE     ---       main
      01000426H   CODE     ---       NRF24L01_check
*DEL*:00000000H   CODE     ---       NRF24L01_Flush_Rx_Fifo
*DEL*:00000000H   CODE     ---       NRF24L01_Flush_Tx_Fifo
      010009F1H   CODE     ---       NRF24L01_Gpio_Init
*DEL*:00000000H   CODE     ---       NRF24L01_Nop
      01000A29H   CODE     ---       NRF24L01_Read_Status_Register
*DEL*:00000000H   CODE     ---       NRF24L01_Read_Top_Fifo_Width
*DEL*:00000000H   CODE     ---       NRF24L01_Reuse_Tx_Payload
      010007E7H   CODE     ---       OLED_Clear
*DEL*:00000000H   CODE     ---       OLED_Display_Off
*DEL*:00000000H   CODE     ---       OLED_Display_On
      01000211H   CODE     ---       OLED_Init
*DEL*:00000000H   CODE     ---       OLED_On
*SFR* 00000090H.6 DATA     BIT       OLED_SCL
*SFR* 00000090H.7 DATA     BIT       OLED_SDIN
*SFR* 000000D0H.2 DATA     BIT       OV
*SFR* 000000D0H.0 DATA     BIT       P
*SFR* 00000080H   DATA     BYTE      P0
*SFR* 00000093H   DATA     BYTE      P0M0
*SFR* 00000094H   DATA     BYTE      P0M1
*SFR* 00000090H   DATA     BYTE      P1
*SFR* 00000091H   DATA     BYTE      P1M0
*SFR* 00000092H   DATA     BYTE      P1M1
*SFR* 000000A0H   DATA     BYTE      P2
*SFR* 00000095H   DATA     BYTE      P2M0
*SFR* 00000096H   DATA     BYTE      P2M1
*SFR* 000000B0H   DATA     BYTE      P3
*SFR* 000000B1H   DATA     BYTE      P3M0
*SFR* 000000B2H   DATA     BYTE      P3M1
*SFR* 00000087H   DATA     BYTE      PCON
*SFR* 000000A0H   DATA     BYTE      PPAGE_SFR
*SFR* 000000B8H.4 DATA     BIT       PS
*SFR* 000000D0H   DATA     BYTE      PSW
*SFR* 000000B8H.1 DATA     BIT       PT0
*SFR* 000000B8H.3 DATA     BIT       PT1
*SFR* 000000B8H.5 DATA     BIT       PT2
      02000003H   XDATA    BYTE      pwm_motor_val
      02000004H   XDATA    BYTE      pwm_t
*SFR* 00000080H.0 DATA     BIT       PWMA
*SFR* 00000080H.5 DATA     BIT       PWMB
*SFR* 000000B8H.0 DATA     BIT       PX0
*SFR* 000000B8H.2 DATA     BIT       PX1
*SFR* 00000098H.2 DATA     BIT       RB8
*SFR* 000000CBH   DATA     BYTE      RCAP2H
*SFR* 000000CAH   DATA     BYTE      RCAP2L
*SFR* 000000C8H.5 DATA     BIT       RCLK
*SFR* 000000B0H.7 DATA     BIT       RD
*SFR* 00000098H.4 DATA     BIT       REN
*SFR* 00000090H.0 DATA     BIT       RF24L01_CE
      0100065CH   CODE     ---       RF24L01_Init
*SFR* 00000090H.5 DATA     BIT       RF24L01_IRQ
LX51 LINKER/LOCATER V4.66.97.0                                                        03/17/2022  21:27:13  PAGE 8


*DEL*:00000000H   CODE     ---       RF24L01_Read_IRQ_Status
      02000005H   XDATA    ---       RF24L01RxBuffer
*SFR* 00000098H.0 DATA     BIT       RI
*SFR* 000000D0H.3 DATA     BIT       RS0
*SFR* 000000D0H.4 DATA     BIT       RS1
*SFR* 000000B0H.0 DATA     BIT       RXD
*SFR* 00000099H   DATA     BYTE      SBUF
*SFR* 00000098H   DATA     BYTE      SCON
*SFR* 00000098H.7 DATA     BIT       SM0
*SFR* 00000098H.6 DATA     BIT       SM1
*SFR* 00000098H.5 DATA     BIT       SM2
*SFR* 00000081H   DATA     BYTE      SP
*SFR* 00000090H.2 DATA     BIT       SPI_MISO
*SFR* 00000090H.4 DATA     BIT       SPI_MOSI
*SFR* 00000090H.3 DATA     BIT       SPI_NSS
*SFR* 00000090H.1 DATA     BIT       SPI_SCK
*SFR* 000000B0H.4 DATA     BIT       T0
*SFR* 000000B0H.5 DATA     BIT       T1
*SFR* 00000090H.0 DATA     BIT       T2
*SFR* 000000C8H   DATA     BYTE      T2CON
*SFR* 00000090H.1 DATA     BIT       T2EX
*SFR* 00000098H.3 DATA     BIT       TB8
*SFR* 000000C8H.4 DATA     BIT       TCLK
*SFR* 00000088H   DATA     BYTE      TCON
*SFR* 00000088H.5 DATA     BIT       TF0
*SFR* 00000088H.7 DATA     BIT       TF1
*SFR* 000000C8H.7 DATA     BIT       TF2
*SFR* 0000008CH   DATA     BYTE      TH0
*SFR* 0000008DH   DATA     BYTE      TH1
*SFR* 000000CDH   DATA     BYTE      TH2
*SFR* 00000098H.1 DATA     BIT       TI
      01000852H   CODE     ---       timer0
*SFR* 0000008AH   DATA     BYTE      TL0
*SFR* 0000008BH   DATA     BYTE      TL1
*SFR* 000000CCH   DATA     BYTE      TL2
*SFR* 00000089H   DATA     BYTE      TMOD
*SFR* 00000088H.4 DATA     BIT       TR0
*SFR* 00000088H.6 DATA     BIT       TR1
*SFR* 000000C8H.2 DATA     BIT       TR2
*SFR* 000000B0H.1 DATA     BIT       TXD
      02000045H   XDATA    ---       UART_BUFFER
*SFR* 000000B0H.0 DATA     BIT       UART_RX
*SFR* 000000B0H.1 DATA     BIT       UART_TX
*SFR* 000000B0H.6 DATA     BIT       WR



SYMBOL TABLE OF MODULE:  rf24l01_51 (?C_STARTUP)

      VALUE       REP       CLASS    TYPE      SYMBOL NAME
      ====================================================
      ---         MODULE    ---      ---       ?C_STARTUP
      01000000H   PUBLIC    CODE     NEAR LAB  ?C_STARTUP
      000000E0H   SFRSYM    DATA     BYTE      ACC
      000000F0H   SFRSYM    DATA     BYTE      B
      00000083H   SFRSYM    DATA     BYTE      DPH
      00000082H   SFRSYM    DATA     BYTE      DPL
      000000A0H   SFRSYM    DATA     BYTE      PPAGE_SFR
      00000081H   SFRSYM    DATA     BYTE      SP
      00000000H   SYMBOL    NUMBER   ---       IBPSTACK
      00000100H   SYMBOL    NUMBER   ---       IBPSTACKTOP
      00000080H   SYMBOL    NUMBER   ---       IDATALEN
      0100054BH   SYMBOL    CODE     NEAR LAB  IDATALOOP
      00000000H   SYMBOL    NUMBER   ---       PBPSTACK
      00000100H   SYMBOL    NUMBER   ---       PBPSTACKTOP
LX51 LINKER/LOCATER V4.66.97.0                                                        03/17/2022  21:27:13  PAGE 9


      00000000H   SYMBOL    NUMBER   ---       PDATALEN
      00000000H   SYMBOL    NUMBER   ---       PDATASTART
      00000000H   SYMBOL    NUMBER   ---       PPAGE
      00000000H   SYMBOL    NUMBER   ---       PPAGEENABLE
      01000548H   SYMBOL    CODE     NEAR LAB  STARTUP1
      00000000H   SYMBOL    NUMBER   ---       XBPSTACK
      00010000H   SYMBOL    NUMBER   ---       XBPSTACKTOP
      00000000H   SYMBOL    NUMBER   ---       XDATALEN
      00000000H   SYMBOL    NUMBER   ---       XDATASTART

      01000000H   BLOCK     CODE     NEAR LAB  LVL=0
      01000000H   LINE      CODE     ---       #126
      ---         BLOCKEND  ---      ---       LVL=0

      01000548H   BLOCK     CODE     NEAR LAB  LVL=0
      01000548H   LINE      CODE     ---       #133
      0100054AH   LINE      CODE     ---       #134
      0100054BH   LINE      CODE     ---       #135
      0100054CH   LINE      CODE     ---       #136
      0100054EH   LINE      CODE     ---       #185
      01000551H   LINE      CODE     ---       #196
      ---         BLOCKEND  ---      ---       LVL=0

      ---         MODULE    ---      ---       MAIN
      02000045H   PUBLIC    XDATA    ---       UART_BUFFER
      02000005H   PUBLIC    XDATA    ---       RF24L01RxBuffer
      02000004H   PUBLIC    XDATA    BYTE      pwm_t
      02000003H   PUBLIC    XDATA    BYTE      pwm_motor_val
      02000000H   PUBLIC    XDATA    ---       content
      010005D4H   PUBLIC    CODE     ---       main
      01000852H   PUBLIC    CODE     ---       timer0
      00000091H   SFRSYM    DATA     BYTE      P1M0
      00000094H   SFRSYM    DATA     BYTE      P0M1
      00000095H   SFRSYM    DATA     BYTE      P2M0
      00000092H   SFRSYM    DATA     BYTE      P1M1
      00000080H   SFRSYM    DATA     BYTE      P0
      000000B1H   SFRSYM    DATA     BYTE      P3M0
      00000096H   SFRSYM    DATA     BYTE      P2M1
      00000090H   SFRSYM    DATA     BYTE      P1
      000000B2H   SFRSYM    DATA     BYTE      P3M1
      000000A0H   SFRSYM    DATA     BYTE      P2
      000000B0H   SFRSYM    DATA     BYTE      P3
      000000B0H.4 SFRSYM    DATA     BIT       T0
      000000D0H.6 SFRSYM    DATA     BIT       AC
      000000B0H.5 SFRSYM    DATA     BIT       T1
      00000090H.0 SFRSYM    DATA     BIT       T2
      000000A8H.7 SFRSYM    DATA     BIT       EA
      00000090H.2 SFRSYM    DATA     BIT       SPI_MISO
      00000090H.4 SFRSYM    DATA     BIT       SPI_MOSI
      00000080H.1 SFRSYM    DATA     BIT       AIN1
      00000080H.3 SFRSYM    DATA     BIT       BIN1
      00000080H.2 SFRSYM    DATA     BIT       AIN2
      00000080H.4 SFRSYM    DATA     BIT       BIN2
      000000A8H   SFRSYM    DATA     BYTE      IE
      00000090H.0 SFRSYM    DATA     BIT       RF24L01_CE
      000000C8H.6 SFRSYM    DATA     BIT       EXF2
      000000B0H.7 SFRSYM    DATA     BIT       RD
      000000A8H.4 SFRSYM    DATA     BIT       ES
      000000B8H   SFRSYM    DATA     BYTE      IP
      00000098H.0 SFRSYM    DATA     BIT       RI
      000000B0H.2 SFRSYM    DATA     BIT       INT0
      000000D0H.7 SFRSYM    DATA     BIT       CY
      000000A0H.3 SFRSYM    DATA     BIT       BEEP
      00000098H.1 SFRSYM    DATA     BIT       TI
      000000B0H.3 SFRSYM    DATA     BIT       INT1
LX51 LINKER/LOCATER V4.66.97.0                                                        03/17/2022  21:27:13  PAGE 10


      000000CBH   SFRSYM    DATA     BYTE      RCAP2H
      000000B8H.4 SFRSYM    DATA     BIT       PS
      00000081H   SFRSYM    DATA     BYTE      SP
      00000090H.1 SFRSYM    DATA     BIT       T2EX
      000000D0H.2 SFRSYM    DATA     BIT       OV
      000000CAH   SFRSYM    DATA     BYTE      RCAP2L
      000000C8H.1 SFRSYM    DATA     BIT       C_T2
      000000B0H.6 SFRSYM    DATA     BIT       WR
      000000C8H.5 SFRSYM    DATA     BIT       RCLK
      00000090H.1 SFRSYM    DATA     BIT       SPI_SCK
      000000C8H.4 SFRSYM    DATA     BIT       TCLK
      00000099H   SFRSYM    DATA     BYTE      SBUF
      00000087H   SFRSYM    DATA     BYTE      PCON
      00000098H   SFRSYM    DATA     BYTE      SCON
      00000090H.7 SFRSYM    DATA     BIT       OLED_SDIN
      00000089H   SFRSYM    DATA     BYTE      TMOD
      00000088H   SFRSYM    DATA     BYTE      TCON
      00000080H.0 SFRSYM    DATA     BIT       PWMA
      00000080H.5 SFRSYM    DATA     BIT       PWMB
      00000088H.1 SFRSYM    DATA     BIT       IE0
      00000088H.3 SFRSYM    DATA     BIT       IE1
      000000F0H   SFRSYM    DATA     BYTE      B
      00000090H.3 SFRSYM    DATA     BIT       SPI_NSS
      000000C8H.0 SFRSYM    DATA     BIT       CP_RL2
      000000E0H   SFRSYM    DATA     BYTE      ACC
      000000B0H.0 SFRSYM    DATA     BIT       UART_RX
      000000A8H.1 SFRSYM    DATA     BIT       ET0
      000000B0H.1 SFRSYM    DATA     BIT       UART_TX
      000000A8H.3 SFRSYM    DATA     BIT       ET1
      00000088H.5 SFRSYM    DATA     BIT       TF0
      000000A8H.5 SFRSYM    DATA     BIT       ET2
      00000088H.7 SFRSYM    DATA     BIT       TF1
      000000C8H.7 SFRSYM    DATA     BIT       TF2
      00000098H.2 SFRSYM    DATA     BIT       RB8
      0000008CH   SFRSYM    DATA     BYTE      TH0
      000000A8H.0 SFRSYM    DATA     BIT       EX0
      00000088H.0 SFRSYM    DATA     BIT       IT0
      0000008DH   SFRSYM    DATA     BYTE      TH1
      00000098H.3 SFRSYM    DATA     BIT       TB8
      000000A8H.2 SFRSYM    DATA     BIT       EX1
      00000088H.2 SFRSYM    DATA     BIT       IT1
      000000CDH   SFRSYM    DATA     BYTE      TH2
      000000D0H.0 SFRSYM    DATA     BIT       P
      00000098H.7 SFRSYM    DATA     BIT       SM0
      0000008AH   SFRSYM    DATA     BYTE      TL0
      00000098H.6 SFRSYM    DATA     BIT       SM1
      0000008BH   SFRSYM    DATA     BYTE      TL1
      00000098H.5 SFRSYM    DATA     BIT       SM2
      000000CCH   SFRSYM    DATA     BYTE      TL2
      000000B8H.1 SFRSYM    DATA     BIT       PT0
      000000B8H.3 SFRSYM    DATA     BIT       PT1
      000000D0H.3 SFRSYM    DATA     BIT       RS0
      000000B8H.5 SFRSYM    DATA     BIT       PT2
      00000088H.4 SFRSYM    DATA     BIT       TR0
      000000D0H.4 SFRSYM    DATA     BIT       RS1
      00000088H.6 SFRSYM    DATA     BIT       TR1
      000000C8H.2 SFRSYM    DATA     BIT       TR2
      000000B8H.0 SFRSYM    DATA     BIT       PX0
      000000B8H.2 SFRSYM    DATA     BIT       PX1
      00000083H   SFRSYM    DATA     BYTE      DPH
      00000082H   SFRSYM    DATA     BYTE      DPL
      000000C8H.3 SFRSYM    DATA     BIT       EXEN2
      00000098H.4 SFRSYM    DATA     BIT       REN
      000000C8H   SFRSYM    DATA     BYTE      T2CON
      00000090H.6 SFRSYM    DATA     BIT       OLED_SCL
LX51 LINKER/LOCATER V4.66.97.0                                                        03/17/2022  21:27:13  PAGE 11


      000000B0H.0 SFRSYM    DATA     BIT       RXD
      000000B0H.1 SFRSYM    DATA     BIT       TXD
      000000D0H.5 SFRSYM    DATA     BIT       F0
      00000090H.5 SFRSYM    DATA     BIT       RF24L01_IRQ
      000000D0H   SFRSYM    DATA     BYTE      PSW
      00000093H   SFRSYM    DATA     BYTE      P0M0

      01000852H   BLOCK     CODE     ---       LVL=0
      01000852H   LINE      CODE     ---       #19
      0100085FH   LINE      CODE     ---       #21
      01000865H   LINE      CODE     ---       #22
      0100086AH   LINE      CODE     ---       #23
      0100086AH   LINE      CODE     ---       #24
      0100086CH   LINE      CODE     ---       #25
      0100086EH   LINE      CODE     ---       #26
      0100086EH   LINE      CODE     ---       #27
      01000875H   LINE      CODE     ---       #28
      01000875H   LINE      CODE     ---       #29
      01000877H   LINE      CODE     ---       #30
      01000879H   LINE      CODE     ---       #31
      01000879H   LINE      CODE     ---       #32
      ---         BLOCKEND  ---      ---       LVL=0

      010005D4H   BLOCK     CODE     ---       LVL=0
      010005D4H   BLOCK     CODE     NEAR LAB  LVL=1
      00000007H   SYMBOL    DATA     BYTE      j
      02000085H   SYMBOL    XDATA    WORD      num
      ---         BLOCKEND  ---      ---       LVL=1
      010005D4H   LINE      CODE     ---       #34
      010005D4H   LINE      CODE     ---       #35
      010005D4H   LINE      CODE     ---       #37
      010005DBH   LINE      CODE     ---       #38
      010005DEH   LINE      CODE     ---       #39
      010005E1H   LINE      CODE     ---       #41
      010005E4H   LINE      CODE     ---       #44
      010005E7H   LINE      CODE     ---       #47
      010005EAH   LINE      CODE     ---       #48
      010005EDH   LINE      CODE     ---       #49
      010005F2H   LINE      CODE     ---       #50
      010005FAH   LINE      CODE     ---       #55
      010005FDH   LINE      CODE     ---       #56
      01000600H   LINE      CODE     ---       #57
      01000603H   LINE      CODE     ---       #58
      01000605H   LINE      CODE     ---       #59
      01000607H   LINE      CODE     ---       #60
      01000609H   LINE      CODE     ---       #62
      0100060BH   LINE      CODE     ---       #63
      0100060DH   LINE      CODE     ---       #65
      0100060FH   LINE      CODE     ---       #66
      01000611H   LINE      CODE     ---       #69
      01000611H   LINE      CODE     ---       #70
      01000611H   LINE      CODE     ---       #72
      0100061AH   LINE      CODE     ---       #74
      0100061DH   LINE      CODE     ---       #75
      0100061DH   LINE      CODE     ---       #81
      01000628H   LINE      CODE     ---       #82
      01000628H   LINE      CODE     ---       #83
      0100062AH   LINE      CODE     ---       #85
      01000630H   LINE      CODE     ---       #86
      01000630H   LINE      CODE     ---       #88
      01000636H   LINE      CODE     ---       #89
      01000636H   LINE      CODE     ---       #90
      01000638H   LINE      CODE     ---       #91
      0100063EH   LINE      CODE     ---       #92
      0100063EH   LINE      CODE     ---       #93
LX51 LINKER/LOCATER V4.66.97.0                                                        03/17/2022  21:27:13  PAGE 12


      01000644H   LINE      CODE     ---       #94
      01000644H   LINE      CODE     ---       #95
      01000646H   LINE      CODE     ---       #96
      0100064CH   LINE      CODE     ---       #97
      0100064CH   LINE      CODE     ---       #98
      01000652H   LINE      CODE     ---       #99
      01000652H   LINE      CODE     ---       #100
      01000654H   LINE      CODE     ---       #101
      0100065AH   LINE      CODE     ---       #102
      0100065AH   LINE      CODE     ---       #103
      0100065AH   LINE      CODE     ---       #106
      ---         BLOCKEND  ---      ---       LVL=0

      ---         MODULE    ---      ---       DELAY
      01000978H   PUBLIC    CODE     ---       _delay_ms
      0100093BH   PUBLIC    CODE     ---       delay_1ms
      00000091H   SFRSYM    DATA     BYTE      P1M0
      00000094H   SFRSYM    DATA     BYTE      P0M1
      00000095H   SFRSYM    DATA     BYTE      P2M0
      00000092H   SFRSYM    DATA     BYTE      P1M1
      000000B1H   SFRSYM    DATA     BYTE      P3M0
      00000096H   SFRSYM    DATA     BYTE      P2M1
      000000B2H   SFRSYM    DATA     BYTE      P3M1
      00000093H   SFRSYM    DATA     BYTE      P0M0

      0100093BH   BLOCK     CODE     ---       LVL=0
      0100093BH   BLOCK     CODE     NEAR LAB  LVL=1
      00000006H   SYMBOL    DATA     WORD      Ms
      00000004H   SYMBOL    DATA     WORD      j
      ---         BLOCKEND  ---      ---       LVL=1
      0100093BH   LINE      CODE     ---       #35
      0100093BH   LINE      CODE     ---       #36
      0100093BH   LINE      CODE     ---       #37
      0100093FH   LINE      CODE     ---       #38
      01000943H   LINE      CODE     ---       #40
      0100094DH   LINE      CODE     ---       #41
      0100094DH   LINE      CODE     ---       #42
      01000959H   LINE      CODE     ---       #43
      01000959H   LINE      CODE     ---       #44
      ---         BLOCKEND  ---      ---       LVL=0

      01000978H   BLOCK     CODE     ---       LVL=0
      02000091H   SYMBOL    XDATA    WORD      Ms
      01000978H   LINE      CODE     ---       #53
      01000980H   LINE      CODE     ---       #54
      01000980H   LINE      CODE     ---       #55
      0100098EH   LINE      CODE     ---       #56
      0100098EH   LINE      CODE     ---       #57
      01000991H   LINE      CODE     ---       #58
      01000993H   LINE      CODE     ---       #59
      ---         BLOCKEND  ---      ---       LVL=0

      ---         MODULE    ---      ---       UART
      01000994H   PUBLIC    CODE     ---       _drv_uart_tx_bytes
      00000091H   SFRSYM    DATA     BYTE      P1M0
      00000094H   SFRSYM    DATA     BYTE      P0M1
      00000095H   SFRSYM    DATA     BYTE      P2M0
      00000092H   SFRSYM    DATA     BYTE      P1M1
      00000080H   SFRSYM    DATA     BYTE      P0
      000000B1H   SFRSYM    DATA     BYTE      P3M0
      00000096H   SFRSYM    DATA     BYTE      P2M1
      00000090H   SFRSYM    DATA     BYTE      P1
      000000B2H   SFRSYM    DATA     BYTE      P3M1
      000000A0H   SFRSYM    DATA     BYTE      P2
      000000B0H   SFRSYM    DATA     BYTE      P3
LX51 LINKER/LOCATER V4.66.97.0                                                        03/17/2022  21:27:13  PAGE 13


      000000B0H.4 SFRSYM    DATA     BIT       T0
      000000D0H.6 SFRSYM    DATA     BIT       AC
      000000B0H.5 SFRSYM    DATA     BIT       T1
      00000090H.0 SFRSYM    DATA     BIT       T2
      000000A8H.7 SFRSYM    DATA     BIT       EA
      00000090H.2 SFRSYM    DATA     BIT       SPI_MISO
      00000090H.4 SFRSYM    DATA     BIT       SPI_MOSI
      000000A8H   SFRSYM    DATA     BYTE      IE
      00000090H.0 SFRSYM    DATA     BIT       RF24L01_CE
      000000C8H.6 SFRSYM    DATA     BIT       EXF2
      000000B0H.7 SFRSYM    DATA     BIT       RD
      000000A8H.4 SFRSYM    DATA     BIT       ES
      000000B8H   SFRSYM    DATA     BYTE      IP
      00000098H.0 SFRSYM    DATA     BIT       RI
      000000B0H.2 SFRSYM    DATA     BIT       INT0
      000000D0H.7 SFRSYM    DATA     BIT       CY
      00000098H.1 SFRSYM    DATA     BIT       TI
      000000B0H.3 SFRSYM    DATA     BIT       INT1
      000000CBH   SFRSYM    DATA     BYTE      RCAP2H
      000000B8H.4 SFRSYM    DATA     BIT       PS
      00000081H   SFRSYM    DATA     BYTE      SP
      00000090H.1 SFRSYM    DATA     BIT       T2EX
      000000D0H.2 SFRSYM    DATA     BIT       OV
      000000CAH   SFRSYM    DATA     BYTE      RCAP2L
      000000C8H.1 SFRSYM    DATA     BIT       C_T2
      000000B0H.6 SFRSYM    DATA     BIT       WR
      000000C8H.5 SFRSYM    DATA     BIT       RCLK
      00000090H.1 SFRSYM    DATA     BIT       SPI_SCK
      000000C8H.4 SFRSYM    DATA     BIT       TCLK
      00000099H   SFRSYM    DATA     BYTE      SBUF
      00000087H   SFRSYM    DATA     BYTE      PCON
      00000098H   SFRSYM    DATA     BYTE      SCON
      00000090H.7 SFRSYM    DATA     BIT       OLED_SDIN
      00000089H   SFRSYM    DATA     BYTE      TMOD
      00000088H   SFRSYM    DATA     BYTE      TCON
      00000088H.1 SFRSYM    DATA     BIT       IE0
      00000088H.3 SFRSYM    DATA     BIT       IE1
      000000F0H   SFRSYM    DATA     BYTE      B
      00000090H.3 SFRSYM    DATA     BIT       SPI_NSS
      000000C8H.0 SFRSYM    DATA     BIT       CP_RL2
      000000E0H   SFRSYM    DATA     BYTE      ACC
      000000B0H.0 SFRSYM    DATA     BIT       UART_RX
      000000A8H.1 SFRSYM    DATA     BIT       ET0
      000000B0H.1 SFRSYM    DATA     BIT       UART_TX
      000000A8H.3 SFRSYM    DATA     BIT       ET1
      00000088H.5 SFRSYM    DATA     BIT       TF0
      000000A8H.5 SFRSYM    DATA     BIT       ET2
      00000088H.7 SFRSYM    DATA     BIT       TF1
      000000C8H.7 SFRSYM    DATA     BIT       TF2
      00000098H.2 SFRSYM    DATA     BIT       RB8
      0000008CH   SFRSYM    DATA     BYTE      TH0
      000000A8H.0 SFRSYM    DATA     BIT       EX0
      00000088H.0 SFRSYM    DATA     BIT       IT0
      0000008DH   SFRSYM    DATA     BYTE      TH1
      00000098H.3 SFRSYM    DATA     BIT       TB8
      000000A8H.2 SFRSYM    DATA     BIT       EX1
      00000088H.2 SFRSYM    DATA     BIT       IT1
      000000CDH   SFRSYM    DATA     BYTE      TH2
      000000D0H.0 SFRSYM    DATA     BIT       P
      00000098H.7 SFRSYM    DATA     BIT       SM0
      0000008AH   SFRSYM    DATA     BYTE      TL0
      00000098H.6 SFRSYM    DATA     BIT       SM1
      0000008BH   SFRSYM    DATA     BYTE      TL1
      00000098H.5 SFRSYM    DATA     BIT       SM2
      000000CCH   SFRSYM    DATA     BYTE      TL2
LX51 LINKER/LOCATER V4.66.97.0                                                        03/17/2022  21:27:13  PAGE 14


      000000B8H.1 SFRSYM    DATA     BIT       PT0
      000000B8H.3 SFRSYM    DATA     BIT       PT1
      000000D0H.3 SFRSYM    DATA     BIT       RS0
      000000B8H.5 SFRSYM    DATA     BIT       PT2
      00000088H.4 SFRSYM    DATA     BIT       TR0
      000000D0H.4 SFRSYM    DATA     BIT       RS1
      00000088H.6 SFRSYM    DATA     BIT       TR1
      000000C8H.2 SFRSYM    DATA     BIT       TR2
      000000B8H.0 SFRSYM    DATA     BIT       PX0
      000000B8H.2 SFRSYM    DATA     BIT       PX1
      00000083H   SFRSYM    DATA     BYTE      DPH
      00000082H   SFRSYM    DATA     BYTE      DPL
      000000C8H.3 SFRSYM    DATA     BIT       EXEN2
      00000098H.4 SFRSYM    DATA     BIT       REN
      000000C8H   SFRSYM    DATA     BYTE      T2CON
      00000090H.6 SFRSYM    DATA     BIT       OLED_SCL
      000000B0H.0 SFRSYM    DATA     BIT       RXD
      000000B0H.1 SFRSYM    DATA     BIT       TXD
      000000D0H.5 SFRSYM    DATA     BIT       F0
      00000090H.5 SFRSYM    DATA     BIT       RF24L01_IRQ
      000000D0H   SFRSYM    DATA     BYTE      PSW
      00000093H   SFRSYM    DATA     BYTE      P0M0

      01000994H   BLOCK     CODE     ---       LVL=0
      00000001H   SYMBOL    DATA     ---       TxBuffer
      00000005H   SYMBOL    DATA     BYTE      Length
      01000994H   LINE      CODE     ---       #68
      01000994H   LINE      CODE     ---       #69
      01000994H   LINE      CODE     ---       #70
      0100099AH   LINE      CODE     ---       #71
      0100099AH   LINE      CODE     ---       #72
      0100099DH   LINE      CODE     ---       #73
      0100099FH   LINE      CODE     ---       #74
      010009A4H   LINE      CODE     ---       #75
      010009ABH   LINE      CODE     ---       #76
      010009ADH   LINE      CODE     ---       #77
      ---         BLOCKEND  ---      ---       LVL=0
      00000001H   SYMBOL    DATA     ---       RxBuffer
      00000006H   SYMBOL    DATA     WORD      l_UartRxTimOut

      ---         MODULE    ---      ---       SPI
      0100076AH   PUBLIC    CODE     ---       _drv_spi_read_write_byte
      0100095AH   PUBLIC    CODE     ---       drv_spi_init
      00000091H   SFRSYM    DATA     BYTE      P1M0
      00000094H   SFRSYM    DATA     BYTE      P0M1
      00000095H   SFRSYM    DATA     BYTE      P2M0
      00000092H   SFRSYM    DATA     BYTE      P1M1
      00000080H   SFRSYM    DATA     BYTE      P0
      000000B1H   SFRSYM    DATA     BYTE      P3M0
      00000096H   SFRSYM    DATA     BYTE      P2M1
      00000090H   SFRSYM    DATA     BYTE      P1
      000000B2H   SFRSYM    DATA     BYTE      P3M1
      000000A0H   SFRSYM    DATA     BYTE      P2
      000000B0H   SFRSYM    DATA     BYTE      P3
      000000B0H.4 SFRSYM    DATA     BIT       T0
      000000D0H.6 SFRSYM    DATA     BIT       AC
      000000B0H.5 SFRSYM    DATA     BIT       T1
      00000090H.0 SFRSYM    DATA     BIT       T2
      000000A8H.7 SFRSYM    DATA     BIT       EA
      00000090H.2 SFRSYM    DATA     BIT       SPI_MISO
      00000090H.4 SFRSYM    DATA     BIT       SPI_MOSI
      000000A8H   SFRSYM    DATA     BYTE      IE
      000000C8H.6 SFRSYM    DATA     BIT       EXF2
      000000B0H.7 SFRSYM    DATA     BIT       RD
      000000A8H.4 SFRSYM    DATA     BIT       ES
LX51 LINKER/LOCATER V4.66.97.0                                                        03/17/2022  21:27:13  PAGE 15


      000000B8H   SFRSYM    DATA     BYTE      IP
      00000098H.0 SFRSYM    DATA     BIT       RI
      000000B0H.2 SFRSYM    DATA     BIT       INT0
      000000D0H.7 SFRSYM    DATA     BIT       CY
      00000098H.1 SFRSYM    DATA     BIT       TI
      000000B0H.3 SFRSYM    DATA     BIT       INT1
      000000CBH   SFRSYM    DATA     BYTE      RCAP2H
      000000B8H.4 SFRSYM    DATA     BIT       PS
      00000081H   SFRSYM    DATA     BYTE      SP
      00000090H.1 SFRSYM    DATA     BIT       T2EX
      000000D0H.2 SFRSYM    DATA     BIT       OV
      000000CAH   SFRSYM    DATA     BYTE      RCAP2L
      000000C8H.1 SFRSYM    DATA     BIT       C_T2
      000000B0H.6 SFRSYM    DATA     BIT       WR
      000000C8H.5 SFRSYM    DATA     BIT       RCLK
      00000090H.1 SFRSYM    DATA     BIT       SPI_SCK
      000000C8H.4 SFRSYM    DATA     BIT       TCLK
      00000099H   SFRSYM    DATA     BYTE      SBUF
      00000087H   SFRSYM    DATA     BYTE      PCON
      00000098H   SFRSYM    DATA     BYTE      SCON
      00000089H   SFRSYM    DATA     BYTE      TMOD
      00000088H   SFRSYM    DATA     BYTE      TCON
      00000088H.1 SFRSYM    DATA     BIT       IE0
      00000088H.3 SFRSYM    DATA     BIT       IE1
      000000F0H   SFRSYM    DATA     BYTE      B
      00000090H.3 SFRSYM    DATA     BIT       SPI_NSS
      000000C8H.0 SFRSYM    DATA     BIT       CP_RL2
      000000E0H   SFRSYM    DATA     BYTE      ACC
      000000A8H.1 SFRSYM    DATA     BIT       ET0
      000000A8H.3 SFRSYM    DATA     BIT       ET1
      00000088H.5 SFRSYM    DATA     BIT       TF0
      000000A8H.5 SFRSYM    DATA     BIT       ET2
      00000088H.7 SFRSYM    DATA     BIT       TF1
      000000C8H.7 SFRSYM    DATA     BIT       TF2
      00000098H.2 SFRSYM    DATA     BIT       RB8
      0000008CH   SFRSYM    DATA     BYTE      TH0
      000000A8H.0 SFRSYM    DATA     BIT       EX0
      00000088H.0 SFRSYM    DATA     BIT       IT0
      0000008DH   SFRSYM    DATA     BYTE      TH1
      00000098H.3 SFRSYM    DATA     BIT       TB8
      000000A8H.2 SFRSYM    DATA     BIT       EX1
      00000088H.2 SFRSYM    DATA     BIT       IT1
      000000CDH   SFRSYM    DATA     BYTE      TH2
      000000D0H.0 SFRSYM    DATA     BIT       P
      00000098H.7 SFRSYM    DATA     BIT       SM0
      0000008AH   SFRSYM    DATA     BYTE      TL0
      00000098H.6 SFRSYM    DATA     BIT       SM1
      0000008BH   SFRSYM    DATA     BYTE      TL1
      00000098H.5 SFRSYM    DATA     BIT       SM2
      000000CCH   SFRSYM    DATA     BYTE      TL2
      000000B8H.1 SFRSYM    DATA     BIT       PT0
      000000B8H.3 SFRSYM    DATA     BIT       PT1
      000000D0H.3 SFRSYM    DATA     BIT       RS0
      000000B8H.5 SFRSYM    DATA     BIT       PT2
      00000088H.4 SFRSYM    DATA     BIT       TR0
      000000D0H.4 SFRSYM    DATA     BIT       RS1
      00000088H.6 SFRSYM    DATA     BIT       TR1
      000000C8H.2 SFRSYM    DATA     BIT       TR2
      000000B8H.0 SFRSYM    DATA     BIT       PX0
      000000B8H.2 SFRSYM    DATA     BIT       PX1
      00000083H   SFRSYM    DATA     BYTE      DPH
      00000082H   SFRSYM    DATA     BYTE      DPL
      000000C8H.3 SFRSYM    DATA     BIT       EXEN2
      00000098H.4 SFRSYM    DATA     BIT       REN
      000000C8H   SFRSYM    DATA     BYTE      T2CON
LX51 LINKER/LOCATER V4.66.97.0                                                        03/17/2022  21:27:13  PAGE 16


      000000B0H.0 SFRSYM    DATA     BIT       RXD
      000000B0H.1 SFRSYM    DATA     BIT       TXD
      000000D0H.5 SFRSYM    DATA     BIT       F0
      000000D0H   SFRSYM    DATA     BYTE      PSW
      00000093H   SFRSYM    DATA     BYTE      P0M0

      0100095AH   BLOCK     CODE     ---       LVL=0
      0100095AH   LINE      CODE     ---       #36
      0100095AH   LINE      CODE     ---       #37
      0100095AH   LINE      CODE     ---       #40
      0100095DH   LINE      CODE     ---       #41
      01000960H   LINE      CODE     ---       #43
      01000962H   LINE      CODE     ---       #44
      01000965H   LINE      CODE     ---       #46
      01000967H   LINE      CODE     ---       #47
      0100096AH   LINE      CODE     ---       #50
      0100096DH   LINE      CODE     ---       #51
      0100096FH   LINE      CODE     ---       #54
      01000971H   LINE      CODE     ---       #56
      01000973H   LINE      CODE     ---       #57
      01000975H   LINE      CODE     ---       #58
      01000977H   LINE      CODE     ---       #59
      ---         BLOCKEND  ---      ---       LVL=0

      0100076AH   BLOCK     CODE     ---       LVL=0
      00000007H   SYMBOL    DATA     BYTE      TxByte
      0100076AH   BLOCK     CODE     NEAR LAB  LVL=1
      00000006H   SYMBOL    DATA     BYTE      i
      00000005H   SYMBOL    DATA     BYTE      Data
      ---         BLOCKEND  ---      ---       LVL=1
      0100076AH   LINE      CODE     ---       #68
      0100076AH   LINE      CODE     ---       #69
      0100076AH   LINE      CODE     ---       #70
      0100076DH   LINE      CODE     ---       #72
      0100076FH   LINE      CODE     ---       #74
      01000779H   LINE      CODE     ---       #75
      01000779H   LINE      CODE     ---       #77
      01000780H   LINE      CODE     ---       #78
      01000780H   LINE      CODE     ---       #79
      01000782H   LINE      CODE     ---       #80
      01000784H   LINE      CODE     ---       #82
      01000784H   LINE      CODE     ---       #83
      01000786H   LINE      CODE     ---       #84
      01000786H   LINE      CODE     ---       #85
      0100078AH   LINE      CODE     ---       #86
      0100078CH   LINE      CODE     ---       #87
      0100078DH   LINE      CODE     ---       #90
      01000791H   LINE      CODE     ---       #91
      010007A2H   LINE      CODE     ---       #92
      010007A2H   LINE      CODE     ---       #93
      010007A6H   LINE      CODE     ---       #94
      010007A6H   LINE      CODE     ---       #96
      010007A8H   LINE      CODE     ---       #97
      010007A9H   LINE      CODE     ---       #98
      010007ACH   LINE      CODE     ---       #100
      010007AEH   LINE      CODE     ---       #101
      ---         BLOCKEND  ---      ---       LVL=0

      ---         MODULE    ---      ---       OLED
      01001254H   PUBLIC    CONST    ---       Hzk
      01000C64H   PUBLIC    CONST    ---       F8X16
      01000A3CH   PUBLIC    CONST    ---       F6x8
      01000211H   PUBLIC    CODE     ---       OLED_Init
      010002F1H   PUBLIC    CODE     ---       _OLED_ShowCHinese
      010007E7H   PUBLIC    CODE     ---       OLED_Clear
LX51 LINKER/LOCATER V4.66.97.0                                                        03/17/2022  21:27:13  PAGE 17


      01000826H   PUBLIC    CODE     ---       _OLED_Set_Pos
      01000900H   PUBLIC    CODE     ---       _OLED_WR_Byte
      01000A0EH   PUBLIC    CODE     ---       _Write_IIC_Data
      01000A00H   PUBLIC    CODE     ---       _Write_IIC_Command
      010008BCH   PUBLIC    CODE     ---       _Write_IIC_Byte
      010009ECH   PUBLIC    CODE     ---       IIC_Wait_Ack
      01000003H   PUBLIC    CODE     ---       IIC_Stop
      01000A33H   PUBLIC    CODE     ---       IIC_Start
      00000091H   SFRSYM    DATA     BYTE      P1M0
      00000094H   SFRSYM    DATA     BYTE      P0M1
      00000095H   SFRSYM    DATA     BYTE      P2M0
      00000092H   SFRSYM    DATA     BYTE      P1M1
      00000080H   SFRSYM    DATA     BYTE      P0
      000000B1H   SFRSYM    DATA     BYTE      P3M0
      00000096H   SFRSYM    DATA     BYTE      P2M1
      00000090H   SFRSYM    DATA     BYTE      P1
      000000B2H   SFRSYM    DATA     BYTE      P3M1
      000000A0H   SFRSYM    DATA     BYTE      P2
      000000B0H   SFRSYM    DATA     BYTE      P3
      000000B0H.4 SFRSYM    DATA     BIT       T0
      000000D0H.6 SFRSYM    DATA     BIT       AC
      000000B0H.5 SFRSYM    DATA     BIT       T1
      00000090H.0 SFRSYM    DATA     BIT       T2
      000000A8H.7 SFRSYM    DATA     BIT       EA
      00000090H.2 SFRSYM    DATA     BIT       SPI_MISO
      00000090H.4 SFRSYM    DATA     BIT       SPI_MOSI
      000000A8H   SFRSYM    DATA     BYTE      IE
      00000090H.0 SFRSYM    DATA     BIT       RF24L01_CE
      000000C8H.6 SFRSYM    DATA     BIT       EXF2
      000000B0H.7 SFRSYM    DATA     BIT       RD
      000000A8H.4 SFRSYM    DATA     BIT       ES
      000000B8H   SFRSYM    DATA     BYTE      IP
      00000098H.0 SFRSYM    DATA     BIT       RI
      000000B0H.2 SFRSYM    DATA     BIT       INT0
      000000D0H.7 SFRSYM    DATA     BIT       CY
      00000098H.1 SFRSYM    DATA     BIT       TI
      000000B0H.3 SFRSYM    DATA     BIT       INT1
      000000CBH   SFRSYM    DATA     BYTE      RCAP2H
      000000B8H.4 SFRSYM    DATA     BIT       PS
      00000081H   SFRSYM    DATA     BYTE      SP
      00000090H.1 SFRSYM    DATA     BIT       T2EX
      000000D0H.2 SFRSYM    DATA     BIT       OV
      000000CAH   SFRSYM    DATA     BYTE      RCAP2L
      000000C8H.1 SFRSYM    DATA     BIT       C_T2
      000000B0H.6 SFRSYM    DATA     BIT       WR
      000000C8H.5 SFRSYM    DATA     BIT       RCLK
      00000090H.1 SFRSYM    DATA     BIT       SPI_SCK
      000000C8H.4 SFRSYM    DATA     BIT       TCLK
      00000099H   SFRSYM    DATA     BYTE      SBUF
      00000087H   SFRSYM    DATA     BYTE      PCON
      00000098H   SFRSYM    DATA     BYTE      SCON
      00000090H.7 SFRSYM    DATA     BIT       OLED_SDIN
      00000089H   SFRSYM    DATA     BYTE      TMOD
      00000088H   SFRSYM    DATA     BYTE      TCON
      00000088H.1 SFRSYM    DATA     BIT       IE0
      00000088H.3 SFRSYM    DATA     BIT       IE1
      000000F0H   SFRSYM    DATA     BYTE      B
      00000090H.3 SFRSYM    DATA     BIT       SPI_NSS
      000000C8H.0 SFRSYM    DATA     BIT       CP_RL2
      000000E0H   SFRSYM    DATA     BYTE      ACC
      000000B0H.0 SFRSYM    DATA     BIT       UART_RX
      000000A8H.1 SFRSYM    DATA     BIT       ET0
      000000B0H.1 SFRSYM    DATA     BIT       UART_TX
      000000A8H.3 SFRSYM    DATA     BIT       ET1
      00000088H.5 SFRSYM    DATA     BIT       TF0
LX51 LINKER/LOCATER V4.66.97.0                                                        03/17/2022  21:27:13  PAGE 18


      000000A8H.5 SFRSYM    DATA     BIT       ET2
      00000088H.7 SFRSYM    DATA     BIT       TF1
      000000C8H.7 SFRSYM    DATA     BIT       TF2
      00000098H.2 SFRSYM    DATA     BIT       RB8
      0000008CH   SFRSYM    DATA     BYTE      TH0
      000000A8H.0 SFRSYM    DATA     BIT       EX0
      00000088H.0 SFRSYM    DATA     BIT       IT0
      0000008DH   SFRSYM    DATA     BYTE      TH1
      00000098H.3 SFRSYM    DATA     BIT       TB8
      000000A8H.2 SFRSYM    DATA     BIT       EX1
      00000088H.2 SFRSYM    DATA     BIT       IT1
      000000CDH   SFRSYM    DATA     BYTE      TH2
      000000D0H.0 SFRSYM    DATA     BIT       P
      00000098H.7 SFRSYM    DATA     BIT       SM0
      0000008AH   SFRSYM    DATA     BYTE      TL0
      00000098H.6 SFRSYM    DATA     BIT       SM1
      0000008BH   SFRSYM    DATA     BYTE      TL1
      00000098H.5 SFRSYM    DATA     BIT       SM2
      000000CCH   SFRSYM    DATA     BYTE      TL2
      000000B8H.1 SFRSYM    DATA     BIT       PT0
      000000B8H.3 SFRSYM    DATA     BIT       PT1
      000000D0H.3 SFRSYM    DATA     BIT       RS0
      000000B8H.5 SFRSYM    DATA     BIT       PT2
      00000088H.4 SFRSYM    DATA     BIT       TR0
      000000D0H.4 SFRSYM    DATA     BIT       RS1
      00000088H.6 SFRSYM    DATA     BIT       TR1
      000000C8H.2 SFRSYM    DATA     BIT       TR2
      000000B8H.0 SFRSYM    DATA     BIT       PX0
      000000B8H.2 SFRSYM    DATA     BIT       PX1
      00000083H   SFRSYM    DATA     BYTE      DPH
      00000082H   SFRSYM    DATA     BYTE      DPL
      000000C8H.3 SFRSYM    DATA     BIT       EXEN2
      00000098H.4 SFRSYM    DATA     BIT       REN
      000000C8H   SFRSYM    DATA     BYTE      T2CON
      00000090H.6 SFRSYM    DATA     BIT       OLED_SCL
      000000B0H.0 SFRSYM    DATA     BIT       RXD
      000000B0H.1 SFRSYM    DATA     BIT       TXD
      000000D0H.5 SFRSYM    DATA     BIT       F0
      00000090H.5 SFRSYM    DATA     BIT       RF24L01_IRQ
      000000D0H   SFRSYM    DATA     BYTE      PSW
      00000093H   SFRSYM    DATA     BYTE      P0M0

      01000A33H   BLOCK     CODE     ---       LVL=0
      01000A33H   LINE      CODE     ---       #30
      01000A33H   LINE      CODE     ---       #31
      01000A33H   LINE      CODE     ---       #33
      01000A35H   LINE      CODE     ---       #34
      01000A37H   LINE      CODE     ---       #35
      01000A39H   LINE      CODE     ---       #36
      01000A3BH   LINE      CODE     ---       #37
      ---         BLOCKEND  ---      ---       LVL=0

      01000003H   BLOCK     CODE     ---       LVL=0
      01000003H   LINE      CODE     ---       #42
      01000003H   LINE      CODE     ---       #43
      01000003H   LINE      CODE     ---       #44
      01000005H   LINE      CODE     ---       #46
      01000007H   LINE      CODE     ---       #47
      01000009H   LINE      CODE     ---       #49
      ---         BLOCKEND  ---      ---       LVL=0

      010009E1H   BLOCK     CODE     ---       LVL=0
      ---         BLOCKEND  ---      ---       LVL=0

      010009ECH   BLOCK     CODE     ---       LVL=0
LX51 LINKER/LOCATER V4.66.97.0                                                        03/17/2022  21:27:13  PAGE 19


      010009ECH   LINE      CODE     ---       #51
      010009ECH   LINE      CODE     ---       #52
      010009ECH   LINE      CODE     ---       #70
      010009EEH   LINE      CODE     ---       #71
      010009F0H   LINE      CODE     ---       #72
      ---         BLOCKEND  ---      ---       LVL=0

      010008B5H   BLOCK     CODE     ---       LVL=0
      ---         BLOCKEND  ---      ---       LVL=0

      010008BCH   BLOCK     CODE     ---       LVL=0
      00000007H   SYMBOL    DATA     BYTE      IIC_Byte
      00000006H   SYMBOL    DATA     BYTE      i
      00000005H   SYMBOL    DATA     BYTE      m
      00000007H   SYMBOL    DATA     BYTE      da
      010008BCH   BLOCK     CODE     NEAR LAB  LVL=1
      00000006H   SYMBOL    DATA     BYTE      i
      00000005H   SYMBOL    DATA     BYTE      m
      00000007H   SYMBOL    DATA     BYTE      da
      ---         BLOCKEND  ---      ---       LVL=1
      010008BCH   LINE      CODE     ---       #77
      010008BCH   LINE      CODE     ---       #78
      010008BCH   LINE      CODE     ---       #81
      010008BCH   LINE      CODE     ---       #82
      010008BEH   LINE      CODE     ---       #83
      010008CAH   LINE      CODE     ---       #84
      010008CAH   LINE      CODE     ---       #85
      010008CCH   LINE      CODE     ---       #87
      010008CFH   LINE      CODE     ---       #88
      010008D3H   LINE      CODE     ---       #89
      010008D7H   LINE      CODE     ---       #90
      010008D9H   LINE      CODE     ---       #91
      010008DDH   LINE      CODE     ---       #92
      010008DFH   LINE      CODE     ---       #93
      010008E1H   LINE      CODE     ---       #94
      010008E4H   LINE      CODE     ---       #97
      ---         BLOCKEND  ---      ---       LVL=0

      01000A00H   BLOCK     CODE     ---       LVL=0
      00000004H   SYMBOL    DATA     BYTE      IIC_Command
      01000A00H   LINE      CODE     ---       #101
      01000A00H   LINE      CODE     ---       #102
      01000A00H   LINE      CODE     ---       #103
      01000A00H   LINE      CODE     ---       #104
      01000A03H   LINE      CODE     ---       #105
      01000A06H   LINE      CODE     ---       #106
      01000A08H   LINE      CODE     ---       #107
      01000A08H   LINE      CODE     ---       #108
      01000A08H   LINE      CODE     ---       #109
      01000A0BH   LINE      CODE     ---       #110
      ---         BLOCKEND  ---      ---       LVL=0

      01000A0EH   BLOCK     CODE     ---       LVL=0
      00000004H   SYMBOL    DATA     BYTE      IIC_Data
      01000A0EH   LINE      CODE     ---       #115
      01000A0EH   LINE      CODE     ---       #116
      01000A0EH   LINE      CODE     ---       #117
      01000A0EH   LINE      CODE     ---       #118
      01000A11H   LINE      CODE     ---       #119
      01000A14H   LINE      CODE     ---       #120
      01000A16H   LINE      CODE     ---       #121
      01000A16H   LINE      CODE     ---       #122
      01000A16H   LINE      CODE     ---       #123
      01000A19H   LINE      CODE     ---       #124
      ---         BLOCKEND  ---      ---       LVL=0
LX51 LINKER/LOCATER V4.66.97.0                                                        03/17/2022  21:27:13  PAGE 20



      010008E5H   BLOCK     CODE     ---       LVL=0
      ---         BLOCKEND  ---      ---       LVL=0

      01000900H   BLOCK     CODE     ---       LVL=0
      00000002H   SYMBOL    DATA     WORD      dat
      00000004H   SYMBOL    DATA     WORD      cmd
      01000900H   LINE      CODE     ---       #126
      01000904H   LINE      CODE     ---       #127
      01000904H   LINE      CODE     ---       #128
      01000908H   LINE      CODE     ---       #129
      01000908H   LINE      CODE     ---       #131
      0100090BH   LINE      CODE     ---       #133
      0100090BH   LINE      CODE     ---       #134
      0100090BH   LINE      CODE     ---       #135
      01000910H   LINE      CODE     ---       #137
      01000910H   LINE      CODE     ---       #140
      ---         BLOCKEND  ---      ---       LVL=0
      00000001H   SYMBOL    DATA     BYTE      m
      00000006H   SYMBOL    DATA     WORD      Del_50ms
      00000004H   SYMBOL    DATA     WORD      m
      00000006H   SYMBOL    DATA     WORD      Del_1ms
      00000005H   SYMBOL    DATA     BYTE      j

      0100081EH   BLOCK     CODE     ---       LVL=0
      ---         BLOCKEND  ---      ---       LVL=0

      01000826H   BLOCK     CODE     ---       LVL=0
      00000001H   SYMBOL    DATA     BYTE      x
      00000005H   SYMBOL    DATA     BYTE      y
      01000826H   LINE      CODE     ---       #180
      01000828H   LINE      CODE     ---       #181
      01000835H   LINE      CODE     ---       #182
      01000846H   LINE      CODE     ---       #183
      ---         BLOCKEND  ---      ---       LVL=0

      010007E7H   BLOCK     CODE     ---       LVL=0
      010007E7H   BLOCK     CODE     NEAR LAB  LVL=1
      00000001H   SYMBOL    DATA     BYTE      i
      02000087H   SYMBOL    XDATA    BYTE      n
      ---         BLOCKEND  ---      ---       LVL=1
      010007E7H   LINE      CODE     ---       #200
      010007E7H   LINE      CODE     ---       #201
      010007E7H   LINE      CODE     ---       #203
      010007F6H   LINE      CODE     ---       #204
      010007F6H   LINE      CODE     ---       #205
      010007F6H   LINE      CODE     ---       #206
      010007F6H   LINE      CODE     ---       #207
      010007F9H   LINE      CODE     ---       #208
      0100081AH   LINE      CODE     ---       #209
      0100081DH   LINE      CODE     ---       #210
      ---         BLOCKEND  ---      ---       LVL=0
      00000001H   SYMBOL    DATA     BYTE      i
      00000003H   SYMBOL    DATA     BYTE      data1
      00000003H   SYMBOL    DATA     BYTE      chr
      00000001H   SYMBOL    DATA     BYTE      i
      00000001H   SYMBOL    DATA     BYTE      n
      00000006H   SYMBOL    DATA     WORD      result

      010002F1H   BLOCK     CODE     ---       LVL=0
      02000087H   SYMBOL    XDATA    BYTE      x
      02000088H   SYMBOL    XDATA    BYTE      y
      02000089H   SYMBOL    XDATA    BYTE      no
      010002FEH   BLOCK     CODE     NEAR LAB  LVL=1
      00000001H   SYMBOL    DATA     BYTE      t
LX51 LINKER/LOCATER V4.66.97.0                                                        03/17/2022  21:27:13  PAGE 21


      0200008AH   SYMBOL    XDATA    BYTE      adder
      ---         BLOCKEND  ---      ---       LVL=1
      010002F1H   LINE      CODE     ---       #342
      010002FEH   LINE      CODE     ---       #343
      010002FEH   LINE      CODE     ---       #344
      01000303H   LINE      CODE     ---       #345
      01000306H   LINE      CODE     ---       #346
      01000312H   LINE      CODE     ---       #347
      01000312H   LINE      CODE     ---       #348
      0100033AH   LINE      CODE     ---       #349
      01000340H   LINE      CODE     ---       #350
      01000343H   LINE      CODE     ---       #351
      0100034FH   LINE      CODE     ---       #352
      0100035BH   LINE      CODE     ---       #353
      0100035BH   LINE      CODE     ---       #354
      01000383H   LINE      CODE     ---       #355
      01000389H   LINE      CODE     ---       #356
      0100038CH   LINE      CODE     ---       #357
      ---         BLOCKEND  ---      ---       LVL=0
      00000005H   SYMBOL    DATA     BYTE      y0

      01000211H   BLOCK     CODE     ---       LVL=0
      01000211H   LINE      CODE     ---       #378
      01000211H   LINE      CODE     ---       #379
      01000211H   LINE      CODE     ---       #381
      01000217H   LINE      CODE     ---       #382
      01000217H   LINE      CODE     ---       #383
      0100021AH   LINE      CODE     ---       #384
      01000223H   LINE      CODE     ---       #385
      0100022CH   LINE      CODE     ---       #386
      01000235H   LINE      CODE     ---       #387
      0100023EH   LINE      CODE     ---       #388
      01000247H   LINE      CODE     ---       #389
      01000250H   LINE      CODE     ---       #390
      01000259H   LINE      CODE     ---       #391
      01000262H   LINE      CODE     ---       #392
      0100026BH   LINE      CODE     ---       #393
      01000274H   LINE      CODE     ---       #394
      0100027CH   LINE      CODE     ---       #396
      01000285H   LINE      CODE     ---       #397
      0100028EH   LINE      CODE     ---       #399
      01000297H   LINE      CODE     ---       #400
      010002A0H   LINE      CODE     ---       #402
      010002A9H   LINE      CODE     ---       #403
      010002B2H   LINE      CODE     ---       #405
      010002BBH   LINE      CODE     ---       #406
      010002C4H   LINE      CODE     ---       #408
      010002CDH   LINE      CODE     ---       #409
      010002D6H   LINE      CODE     ---       #411
      010002DFH   LINE      CODE     ---       #412
      010002E8H   LINE      CODE     ---       #414
      ---         BLOCKEND  ---      ---       LVL=0

      ---         MODULE    ---      ---       RF24L01
      0200009DH   PUBLIC    XDATA    ---       g_ErrorString
      0100065CH   PUBLIC    CODE     ---       RF24L01_Init
      010009F1H   PUBLIC    CODE     ---       NRF24L01_Gpio_Init
      010004BAH   PUBLIC    CODE     ---       _NRF24L01_RxPacket
      01000911H   PUBLIC    CODE     ---       _RF24L01_Set_Mode
      01000426H   PUBLIC    CODE     ---       NRF24L01_check
      02000092H   PUBLIC    XDATA    BYTE      ?_NRF24L01_Set_RxAddr?BYTE
      010007AFH   PUBLIC    CODE     ---       _NRF24L01_Set_RxAddr
      010009AEH   PUBLIC    CODE     ---       _NRF24L01_Set_TxAddr
      01000884H   PUBLIC    CODE     ---       _NRF24L01_Clear_IRQ_Flag
      01000A29H   PUBLIC    CODE     ---       NRF24L01_Read_Status_Register
LX51 LINKER/LOCATER V4.66.97.0                                                        03/17/2022  21:27:13  PAGE 22


      02000097H   PUBLIC    XDATA    BYTE      ?_NRF24L01_Write_Buf?BYTE
      01000723H   PUBLIC    CODE     ---       _NRF24L01_Write_Buf
      010009C8H   PUBLIC    CODE     ---       _NRF24L01_Write_Reg
      02000091H   PUBLIC    XDATA    BYTE      ?_NRF24L01_Read_Buf?BYTE
      010006DBH   PUBLIC    CODE     ---       _NRF24L01_Read_Buf
      01000A1CH   PUBLIC    CODE     ---       _NRF24L01_Read_Reg
      00000091H   SFRSYM    DATA     BYTE      P1M0
      00000094H   SFRSYM    DATA     BYTE      P0M1
      00000095H   SFRSYM    DATA     BYTE      P2M0
      00000092H   SFRSYM    DATA     BYTE      P1M1
      00000080H   SFRSYM    DATA     BYTE      P0
      000000B1H   SFRSYM    DATA     BYTE      P3M0
      00000096H   SFRSYM    DATA     BYTE      P2M1
      00000090H   SFRSYM    DATA     BYTE      P1
      000000B2H   SFRSYM    DATA     BYTE      P3M1
      000000A0H   SFRSYM    DATA     BYTE      P2
      000000B0H   SFRSYM    DATA     BYTE      P3
      000000B0H.4 SFRSYM    DATA     BIT       T0
      000000D0H.6 SFRSYM    DATA     BIT       AC
      000000B0H.5 SFRSYM    DATA     BIT       T1
      00000090H.0 SFRSYM    DATA     BIT       T2
      000000A8H.7 SFRSYM    DATA     BIT       EA
      00000090H.2 SFRSYM    DATA     BIT       SPI_MISO
      00000090H.4 SFRSYM    DATA     BIT       SPI_MOSI
      000000A8H   SFRSYM    DATA     BYTE      IE
      00000090H.0 SFRSYM    DATA     BIT       RF24L01_CE
      000000C8H.6 SFRSYM    DATA     BIT       EXF2
      000000B0H.7 SFRSYM    DATA     BIT       RD
      000000A8H.4 SFRSYM    DATA     BIT       ES
      000000B8H   SFRSYM    DATA     BYTE      IP
      00000098H.0 SFRSYM    DATA     BIT       RI
      000000B0H.2 SFRSYM    DATA     BIT       INT0
      000000D0H.7 SFRSYM    DATA     BIT       CY
      00000098H.1 SFRSYM    DATA     BIT       TI
      000000B0H.3 SFRSYM    DATA     BIT       INT1
      000000CBH   SFRSYM    DATA     BYTE      RCAP2H
      000000B8H.4 SFRSYM    DATA     BIT       PS
      00000081H   SFRSYM    DATA     BYTE      SP
      00000090H.1 SFRSYM    DATA     BIT       T2EX
      000000D0H.2 SFRSYM    DATA     BIT       OV
      000000CAH   SFRSYM    DATA     BYTE      RCAP2L
      000000C8H.1 SFRSYM    DATA     BIT       C_T2
      000000B0H.6 SFRSYM    DATA     BIT       WR
      000000C8H.5 SFRSYM    DATA     BIT       RCLK
      00000090H.1 SFRSYM    DATA     BIT       SPI_SCK
      000000C8H.4 SFRSYM    DATA     BIT       TCLK
      00000099H   SFRSYM    DATA     BYTE      SBUF
      00000087H   SFRSYM    DATA     BYTE      PCON
      00000098H   SFRSYM    DATA     BYTE      SCON
      00000090H.7 SFRSYM    DATA     BIT       OLED_SDIN
      00000089H   SFRSYM    DATA     BYTE      TMOD
      00000088H   SFRSYM    DATA     BYTE      TCON
      00000088H.1 SFRSYM    DATA     BIT       IE0
      00000088H.3 SFRSYM    DATA     BIT       IE1
      000000F0H   SFRSYM    DATA     BYTE      B
      00000090H.3 SFRSYM    DATA     BIT       SPI_NSS
      000000C8H.0 SFRSYM    DATA     BIT       CP_RL2
      000000E0H   SFRSYM    DATA     BYTE      ACC
      000000B0H.0 SFRSYM    DATA     BIT       UART_RX
      000000A8H.1 SFRSYM    DATA     BIT       ET0
      000000B0H.1 SFRSYM    DATA     BIT       UART_TX
      000000A8H.3 SFRSYM    DATA     BIT       ET1
      00000088H.5 SFRSYM    DATA     BIT       TF0
      000000A8H.5 SFRSYM    DATA     BIT       ET2
      00000088H.7 SFRSYM    DATA     BIT       TF1
LX51 LINKER/LOCATER V4.66.97.0                                                        03/17/2022  21:27:13  PAGE 23


      000000C8H.7 SFRSYM    DATA     BIT       TF2
      00000098H.2 SFRSYM    DATA     BIT       RB8
      0000008CH   SFRSYM    DATA     BYTE      TH0
      000000A8H.0 SFRSYM    DATA     BIT       EX0
      00000088H.0 SFRSYM    DATA     BIT       IT0
      0000008DH   SFRSYM    DATA     BYTE      TH1
      00000098H.3 SFRSYM    DATA     BIT       TB8
      000000A8H.2 SFRSYM    DATA     BIT       EX1
      00000088H.2 SFRSYM    DATA     BIT       IT1
      000000CDH   SFRSYM    DATA     BYTE      TH2
      000000D0H.0 SFRSYM    DATA     BIT       P
      00000098H.7 SFRSYM    DATA     BIT       SM0
      0000008AH   SFRSYM    DATA     BYTE      TL0
      00000098H.6 SFRSYM    DATA     BIT       SM1
      0000008BH   SFRSYM    DATA     BYTE      TL1
      00000098H.5 SFRSYM    DATA     BIT       SM2
      000000CCH   SFRSYM    DATA     BYTE      TL2
      000000B8H.1 SFRSYM    DATA     BIT       PT0
      000000B8H.3 SFRSYM    DATA     BIT       PT1
      000000D0H.3 SFRSYM    DATA     BIT       RS0
      000000B8H.5 SFRSYM    DATA     BIT       PT2
      00000088H.4 SFRSYM    DATA     BIT       TR0
      000000D0H.4 SFRSYM    DATA     BIT       RS1
      00000088H.6 SFRSYM    DATA     BIT       TR1
      000000C8H.2 SFRSYM    DATA     BIT       TR2
      000000B8H.0 SFRSYM    DATA     BIT       PX0
      000000B8H.2 SFRSYM    DATA     BIT       PX1
      00000083H   SFRSYM    DATA     BYTE      DPH
      00000082H   SFRSYM    DATA     BYTE      DPL
      000000C8H.3 SFRSYM    DATA     BIT       EXEN2
      00000098H.4 SFRSYM    DATA     BIT       REN
      000000C8H   SFRSYM    DATA     BYTE      T2CON
      00000090H.6 SFRSYM    DATA     BIT       OLED_SCL
      000000B0H.0 SFRSYM    DATA     BIT       RXD
      000000B0H.1 SFRSYM    DATA     BIT       TXD
      000000D0H.5 SFRSYM    DATA     BIT       F0
      00000090H.5 SFRSYM    DATA     BIT       RF24L01_IRQ
      000000D0H   SFRSYM    DATA     BYTE      PSW
      00000093H   SFRSYM    DATA     BYTE      P0M0
      010015ADH   SYMBOL    CONST    ---       _?ix1000
      010015B2H   SYMBOL    CONST    ---       _?ix1001
      010015B7H   SYMBOL    CONST    ---       _?ix1002

      01000A1CH   BLOCK     CODE     ---       LVL=0
      00000007H   SYMBOL    DATA     BYTE      RegAddr
      01000A1CH   BLOCK     CODE     NEAR LAB  LVL=1
      00000007H   SYMBOL    DATA     BYTE      btmp
      ---         BLOCKEND  ---      ---       LVL=1
      01000A1CH   LINE      CODE     ---       #41
      01000A1CH   LINE      CODE     ---       #42
      01000A1CH   LINE      CODE     ---       #45
      01000A1EH   LINE      CODE     ---       #47
      01000A21H   LINE      CODE     ---       #48
      01000A26H   LINE      CODE     ---       #50
      01000A28H   LINE      CODE     ---       #52
      01000A28H   LINE      CODE     ---       #53
      ---         BLOCKEND  ---      ---       LVL=0

      010006DBH   BLOCK     CODE     ---       LVL=0
      00000007H   SYMBOL    DATA     BYTE      RegAddr
      02000092H   SYMBOL    XDATA    ---       pBuf
      02000095H   SYMBOL    XDATA    BYTE      len
      010006E6H   BLOCK     CODE     NEAR LAB  LVL=1
      02000096H   SYMBOL    XDATA    BYTE      btmp
      ---         BLOCKEND  ---      ---       LVL=1
LX51 LINKER/LOCATER V4.66.97.0                                                        03/17/2022  21:27:13  PAGE 24


      010006DBH   LINE      CODE     ---       #64
      010006E6H   LINE      CODE     ---       #65
      010006E6H   LINE      CODE     ---       #68
      010006E8H   LINE      CODE     ---       #70
      010006EBH   LINE      CODE     ---       #71
      010006FBH   LINE      CODE     ---       #72
      010006FBH   LINE      CODE     ---       #73
      01000718H   LINE      CODE     ---       #74
      01000720H   LINE      CODE     ---       #75
      01000722H   LINE      CODE     ---       #76
      ---         BLOCKEND  ---      ---       LVL=0

      010009C8H   BLOCK     CODE     ---       LVL=0
      00000007H   SYMBOL    DATA     BYTE      RegAddr
      02000092H   SYMBOL    XDATA    BYTE      Value
      010009C8H   LINE      CODE     ---       #84
      010009CDH   LINE      CODE     ---       #85
      010009CDH   LINE      CODE     ---       #86
      010009CFH   LINE      CODE     ---       #88
      010009D6H   LINE      CODE     ---       #89
      010009DEH   LINE      CODE     ---       #91
      010009E0H   LINE      CODE     ---       #92
      ---         BLOCKEND  ---      ---       LVL=0

      01000723H   BLOCK     CODE     ---       LVL=0
      00000007H   SYMBOL    DATA     BYTE      RegAddr
      02000098H   SYMBOL    XDATA    ---       pBuf
      0200009BH   SYMBOL    XDATA    BYTE      len
      0100072EH   BLOCK     CODE     NEAR LAB  LVL=1
      0200009CH   SYMBOL    XDATA    BYTE      i
      ---         BLOCKEND  ---      ---       LVL=1
      01000723H   LINE      CODE     ---       #103
      0100072EH   LINE      CODE     ---       #104
      0100072EH   LINE      CODE     ---       #107
      01000730H   LINE      CODE     ---       #109
      01000737H   LINE      CODE     ---       #110
      01000748H   LINE      CODE     ---       #111
      01000748H   LINE      CODE     ---       #112
      0100075FH   LINE      CODE     ---       #113
      01000767H   LINE      CODE     ---       #115
      01000769H   LINE      CODE     ---       #116
      ---         BLOCKEND  ---      ---       LVL=0

      01000A29H   BLOCK     CODE     ---       LVL=0
      01000A29H   BLOCK     CODE     NEAR LAB  LVL=1
      00000007H   SYMBOL    DATA     BYTE      Status
      ---         BLOCKEND  ---      ---       LVL=1
      01000A29H   LINE      CODE     ---       #184
      01000A29H   LINE      CODE     ---       #185
      01000A29H   LINE      CODE     ---       #188
      01000A2BH   LINE      CODE     ---       #190
      01000A30H   LINE      CODE     ---       #192
      01000A32H   LINE      CODE     ---       #194
      01000A32H   LINE      CODE     ---       #195
      ---         BLOCKEND  ---      ---       LVL=0

      01000884H   BLOCK     CODE     ---       LVL=0
      02000092H   SYMBOL    XDATA    BYTE      IRQ_Source
      01000889H   BLOCK     CODE     NEAR LAB  LVL=1
      02000093H   SYMBOL    XDATA    BYTE      btmp
      ---         BLOCKEND  ---      ---       LVL=1
      01000884H   LINE      CODE     ---       #204
      01000889H   LINE      CODE     ---       #205
      01000889H   LINE      CODE     ---       #206
      0100088CH   LINE      CODE     ---       #208
LX51 LINKER/LOCATER V4.66.97.0                                                        03/17/2022  21:27:13  PAGE 25


      01000893H   LINE      CODE     ---       #209
      0100089BH   LINE      CODE     ---       #211
      0100089DH   LINE      CODE     ---       #212
      010008A2H   LINE      CODE     ---       #213
      010008B0H   LINE      CODE     ---       #214
      010008B2H   LINE      CODE     ---       #216
      ---         BLOCKEND  ---      ---       LVL=0
      00000007H   SYMBOL    DATA     BYTE      btmp
      00000005H   SYMBOL    DATA     BYTE      len

      010009AEH   BLOCK     CODE     ---       LVL=0
      00000001H   SYMBOL    DATA     ---       pAddr
      00000005H   SYMBOL    DATA     BYTE      len
      010009AEH   LINE      CODE     ---       #358
      010009AEH   LINE      CODE     ---       #359
      010009AEH   LINE      CODE     ---       #360
      010009BEH   LINE      CODE     ---       #361
      ---         BLOCKEND  ---      ---       LVL=0

      010007AFH   BLOCK     CODE     ---       LVL=0
      00000007H   SYMBOL    DATA     BYTE      PipeNum
      00000001H   SYMBOL    DATA     ---       pAddr
      02000096H   SYMBOL    XDATA    BYTE      Len
      010007AFH   LINE      CODE     ---       #373
      010007AFH   LINE      CODE     ---       #374
      010007AFH   LINE      CODE     ---       #375
      010007C8H   LINE      CODE     ---       #376
      010007D8H   LINE      CODE     ---       #378
      ---         BLOCKEND  ---      ---       LVL=0
      00000007H   SYMBOL    DATA     BYTE      btmp
      00000007H   SYMBOL    DATA     BYTE      btmp
      00000007H   SYMBOL    DATA     BYTE      FreqPoint

      01000426H   BLOCK     CODE     ---       LVL=0
      01000426H   BLOCK     CODE     NEAR LAB  LVL=1
      00000007H   SYMBOL    DATA     BYTE      i
      02000087H   SYMBOL    XDATA    ---       buf
      0200008CH   SYMBOL    XDATA    ---       read_buf
      ---         BLOCKEND  ---      ---       LVL=1
      01000426H   LINE      CODE     ---       #461
      01000426H   LINE      CODE     ---       #462
      01000426H   LINE      CODE     ---       #464
      01000439H   LINE      CODE     ---       #465
      0100044CH   LINE      CODE     ---       #467
      0100044CH   LINE      CODE     ---       #468
      0100044CH   LINE      CODE     ---       #469
      0100045DH   LINE      CODE     ---       #470
      0100046EH   LINE      CODE     ---       #471
      0100047DH   LINE      CODE     ---       #472
      0100047DH   LINE      CODE     ---       #473
      01000497H   LINE      CODE     ---       #474
      01000497H   LINE      CODE     ---       #475
      01000497H   LINE      CODE     ---       #476
      01000497H   LINE      CODE     ---       #477
      0100049AH   LINE      CODE     ---       #479
      010004A0H   LINE      CODE     ---       #480
      010004A0H   LINE      CODE     ---       #481
      010004A0H   LINE      CODE     ---       #482
      010004A0H   LINE      CODE     ---       #484
      010004A0H   LINE      CODE     ---       #485
      010004B0H   LINE      CODE     ---       #486
      010004B0H   LINE      CODE     ---       #487
      010004B7H   LINE      CODE     ---       #488
      010004B9H   LINE      CODE     ---       #489
      ---         BLOCKEND  ---      ---       LVL=0
LX51 LINKER/LOCATER V4.66.97.0                                                        03/17/2022  21:27:13  PAGE 26



      01000911H   BLOCK     CODE     ---       LVL=0
      0200008DH   SYMBOL    XDATA    BYTE      Mode
      01000916H   BLOCK     CODE     NEAR LAB  LVL=1
      00000007H   SYMBOL    DATA     BYTE      controlreg
      ---         BLOCKEND  ---      ---       LVL=1
      01000911H   LINE      CODE     ---       #498
      01000916H   LINE      CODE     ---       #499
      01000916H   LINE      CODE     ---       #500
      01000918H   LINE      CODE     ---       #501
      0100091BH   LINE      CODE     ---       #503
      01000924H   LINE      CODE     ---       #504
      01000924H   LINE      CODE     ---       #505
      01000928H   LINE      CODE     ---       #506
      0100092AH   LINE      CODE     ---       #508
      0100092AH   LINE      CODE     ---       #509
      01000930H   LINE      CODE     ---       #510
      01000930H   LINE      CODE     ---       #511
      01000934H   LINE      CODE     ---       #512
      01000934H   LINE      CODE     ---       #513
      01000934H   LINE      CODE     ---       #515
      ---         BLOCKEND  ---      ---       LVL=0

      010004BAH   BLOCK     CODE     ---       LVL=0
      02000087H   SYMBOL    XDATA    ---       rxbuf
      010004C5H   BLOCK     CODE     NEAR LAB  LVL=1
      0200008AH   SYMBOL    XDATA    BYTE      l_Status
      0200008BH   SYMBOL    XDATA    BYTE      l_RxLength
      0200008CH   SYMBOL    XDATA    BYTE      l_100MsTimes
      ---         BLOCKEND  ---      ---       LVL=1
      010004BAH   LINE      CODE     ---       #577
      010004C5H   LINE      CODE     ---       #578
      010004C5H   LINE      CODE     ---       #579
      010004CCH   LINE      CODE     ---       #581
      010004CEH   LINE      CODE     ---       #582
      010004D3H   LINE      CODE     ---       #583
      010004D5H   LINE      CODE     ---       #585
      010004E4H   LINE      CODE     ---       #586
      010004E4H   LINE      CODE     ---       #587
      010004EBH   LINE      CODE     ---       #589
      010004F7H   LINE      CODE     ---       #590
      010004F7H   LINE      CODE     ---       #591
      010004FAH   LINE      CODE     ---       #592
      010004FDH   LINE      CODE     ---       #593
      01000502H   LINE      CODE     ---       #594
      01000502H   LINE      CODE     ---       #595
      01000502H   LINE      CODE     ---       #596
      01000502H   LINE      CODE     ---       #598
      0100050DH   LINE      CODE     ---       #599
      01000512H   LINE      CODE     ---       #600
      01000519H   LINE      CODE     ---       #601
      01000519H   LINE      CODE     ---       #602
      01000523H   LINE      CODE     ---       #603
      01000538H   LINE      CODE     ---       #604
      0100053FH   LINE      CODE     ---       #605
      01000545H   LINE      CODE     ---       #606
      01000545H   LINE      CODE     ---       #608
      01000547H   LINE      CODE     ---       #609
      ---         BLOCKEND  ---      ---       LVL=0

      010009F1H   BLOCK     CODE     ---       LVL=0
      010009F1H   LINE      CODE     ---       #617
      010009F1H   LINE      CODE     ---       #618
      010009F1H   LINE      CODE     ---       #621
      010009F1H   LINE      CODE     ---       #622
LX51 LINKER/LOCATER V4.66.97.0                                                        03/17/2022  21:27:13  PAGE 27


      010009F4H   LINE      CODE     ---       #623
      010009F6H   LINE      CODE     ---       #625
      010009F9H   LINE      CODE     ---       #626
      010009F9H   LINE      CODE     ---       #628
      010009FBH   LINE      CODE     ---       #629
      010009FDH   LINE      CODE     ---       #630
      010009FFH   LINE      CODE     ---       #631
      ---         BLOCKEND  ---      ---       LVL=0

      0100065CH   BLOCK     CODE     ---       LVL=0
      0100065CH   BLOCK     CODE     NEAR LAB  LVL=1
      0200008DH   SYMBOL    XDATA    ---       addr
      ---         BLOCKEND  ---      ---       LVL=1
      0100065CH   LINE      CODE     ---       #639
      0100065CH   LINE      CODE     ---       #640
      0100065CH   LINE      CODE     ---       #641
      0100066FH   LINE      CODE     ---       #643
      01000671H   LINE      CODE     ---       #644
      01000676H   LINE      CODE     ---       #647
      0100067DH   LINE      CODE     ---       #648
      01000684H   LINE      CODE     ---       #649
      01000689H   LINE      CODE     ---       #650
      0100068EH   LINE      CODE     ---       #658
      01000695H   LINE      CODE     ---       #661
      0100069CH   LINE      CODE     ---       #662
      010006A3H   LINE      CODE     ---       #663
      010006AAH   LINE      CODE     ---       #664
      010006B1H   LINE      CODE     ---       #666
      010006B8H   LINE      CODE     ---       #667
      010006BFH   LINE      CODE     ---       #669
      010006CAH   LINE      CODE     ---       #670
      ---         BLOCKEND  ---      ---       LVL=0

      ---         MODULE    ---      ---       ?C_INIT
      0100058FH   PUBLIC    CODE     ---       ?C_START

      ---         MODULE    ---      ---       ?C?COPY
      010000DEH   PUBLIC    CODE     ---       ?C?COPY

      ---         MODULE    ---      ---       ?C?CLDPTR
      01000104H   PUBLIC    CODE     ---       ?C?CLDPTR

      ---         MODULE    ---      ---       ?C?CLDOPTR
      0100011DH   PUBLIC    CODE     ---       ?C?CLDOPTR

      ---         MODULE    ---      ---       ?C?CSTPTR
      0100014AH   PUBLIC    CODE     ---       ?C?CSTPTR

      ---         MODULE    ---      ---       ?C?CSTOPTR
      0100015CH   PUBLIC    CODE     ---       ?C?CSTOPTR

      ---         MODULE    ---      ---       ?C?IMUL
      0100017EH   PUBLIC    CODE     ---       ?C?IMUL

      ---         MODULE    ---      ---       ?C?UIDIV
      01000190H   PUBLIC    CODE     ---       ?C?UIDIV

      ---         MODULE    ---      ---       ?C?IILDX
      010001E5H   PUBLIC    CODE     ---       ?C?IILDX

      ---         MODULE    ---      ---       ?C?ILDIX
      010001FBH   PUBLIC    CODE     ---       ?C?ILDIX

Program Size: data=9.0 xdata=160 const=2955 code=2619
LX51 RUN COMPLETE.  0 WARNING(S),  0 ERROR(S)
